Archive member included to satisfy reference by file (symbol)

.\CortexM3\ARM_GCC_541\Debug\MPS21_Prakt_2.a(UART.o)
                              .\CortexM3\ARM_GCC_541\Debug\main.o (UART_Start)
.\CortexM3\ARM_GCC_541\Debug\MPS21_Prakt_2.a(Pin_N_R.o)
                              .\CortexM3\ARM_GCC_541\Debug\main.o (Pin_N_R_Write)
.\CortexM3\ARM_GCC_541\Debug\MPS21_Prakt_2.a(Pin_N_Y.o)
                              .\CortexM3\ARM_GCC_541\Debug\main.o (Pin_N_Y_Write)
.\CortexM3\ARM_GCC_541\Debug\MPS21_Prakt_2.a(Pin_N_G.o)
                              .\CortexM3\ARM_GCC_541\Debug\main.o (Pin_N_G_Write)
.\CortexM3\ARM_GCC_541\Debug\MPS21_Prakt_2.a(Pin_E_CW.o)
                              .\CortexM3\ARM_GCC_541\Debug\main.o (Pin_E_CW_Write)
.\CortexM3\ARM_GCC_541\Debug\MPS21_Prakt_2.a(Pin_CWEW.o)
                              .\CortexM3\ARM_GCC_541\Debug\main.o (Pin_CWEW_Read)
.\CortexM3\ARM_GCC_541\Debug\MPS21_Prakt_2.a(UART_IntClock.o)
                              .\CortexM3\ARM_GCC_541\Debug\MPS21_Prakt_2.a(UART.o) (UART_IntClock_Start)
.\CortexM3\ARM_GCC_541\Debug\MPS21_Prakt_2.a(CyLib.o)
                              .\CortexM3\ARM_GCC_541\Debug\Cm3Start.o (CyHalt)
.\CortexM3\ARM_GCC_541\Debug\MPS21_Prakt_2.a(cyPm.o)
                              .\CortexM3\ARM_GCC_541\Debug\MPS21_Prakt_2.a(CyLib.o) (CyPmReadStatus)
.\CortexM3\ARM_GCC_541\Debug\MPS21_Prakt_2.a(CyBootAsmGnu.o)
                              .\CortexM3\ARM_GCC_541\Debug\cyfitter_cfg.o (CyDelayCycles)
.\CortexM3\ARM_GCC_541\Debug\MPS21_Prakt_2.a(CyFlash.o)
                              .\CortexM3\ARM_GCC_541\Debug\MPS21_Prakt_2.a(cyPm.o) (CyFlash_SetWaitCycles)
.\CortexM3\ARM_GCC_541\Debug\MPS21_Prakt_2.a(CySpc.o)
                              .\CortexM3\ARM_GCC_541\Debug\MPS21_Prakt_2.a(CyFlash.o) (CySpcStart)
c:/program files (x86)/cypress/psoc creator/4.4/psoc creator/import/gnu/arm/5.4.1/bin/../lib/gcc/arm-none-eabi/5.4.1/../../../../arm-none-eabi/lib/armv7-m\libg_nano.a(lib_a-errno.o)
                              .\CortexM3\ARM_GCC_541\Debug\Cm3Start.o (__errno)
c:/program files (x86)/cypress/psoc creator/4.4/psoc creator/import/gnu/arm/5.4.1/bin/../lib/gcc/arm-none-eabi/5.4.1/../../../../arm-none-eabi/lib/armv7-m\libg_nano.a(lib_a-exit.o)
                              c:/program files (x86)/cypress/psoc creator/4.4/psoc creator/import/gnu/arm/5.4.1/bin/../lib/gcc/arm-none-eabi/5.4.1/../../../../arm-none-eabi/lib/armv7-m/crt0.o (exit)
c:/program files (x86)/cypress/psoc creator/4.4/psoc creator/import/gnu/arm/5.4.1/bin/../lib/gcc/arm-none-eabi/5.4.1/../../../../arm-none-eabi/lib/armv7-m\libg_nano.a(lib_a-impure.o)
                              c:/program files (x86)/cypress/psoc creator/4.4/psoc creator/import/gnu/arm/5.4.1/bin/../lib/gcc/arm-none-eabi/5.4.1/../../../../arm-none-eabi/lib/armv7-m\libg_nano.a(lib_a-exit.o) (_global_impure_ptr)
c:/program files (x86)/cypress/psoc creator/4.4/psoc creator/import/gnu/arm/5.4.1/bin/../lib/gcc/arm-none-eabi/5.4.1/../../../../arm-none-eabi/lib/armv7-m\libg_nano.a(lib_a-init.o)
                              c:/program files (x86)/cypress/psoc creator/4.4/psoc creator/import/gnu/arm/5.4.1/bin/../lib/gcc/arm-none-eabi/5.4.1/../../../../arm-none-eabi/lib/armv7-m/crt0.o (__libc_init_array)
c:/program files (x86)/cypress/psoc creator/4.4/psoc creator/import/gnu/arm/5.4.1/bin/../lib/gcc/arm-none-eabi/5.4.1/../../../../arm-none-eabi/lib/armv7-m\libg_nano.a(lib_a-memcpy-stub.o)
                              .\CortexM3\ARM_GCC_541\Debug\cyfitter_cfg.o (memcpy)
c:/program files (x86)/cypress/psoc creator/4.4/psoc creator/import/gnu/arm/5.4.1/bin/../lib/gcc/arm-none-eabi/5.4.1/../../../../arm-none-eabi/lib/armv7-m\libg_nano.a(lib_a-memset.o)
                              c:/program files (x86)/cypress/psoc creator/4.4/psoc creator/import/gnu/arm/5.4.1/bin/../lib/gcc/arm-none-eabi/5.4.1/../../../../arm-none-eabi/lib/armv7-m/crt0.o (memset)
c:/program files (x86)/cypress/psoc creator/4.4/psoc creator/import/gnu/arm/5.4.1/bin/../lib/gcc/arm-none-eabi/5.4.1/../../../../arm-none-eabi/lib/armv7-m\libg_nano.a(lib_a-sprintf.o)
                              .\CortexM3\ARM_GCC_541\Debug\main.o (sprintf)
c:/program files (x86)/cypress/psoc creator/4.4/psoc creator/import/gnu/arm/5.4.1/bin/../lib/gcc/arm-none-eabi/5.4.1/../../../../arm-none-eabi/lib/armv7-m\libg_nano.a(lib_a-nano-svfprintf.o)
                              c:/program files (x86)/cypress/psoc creator/4.4/psoc creator/import/gnu/arm/5.4.1/bin/../lib/gcc/arm-none-eabi/5.4.1/../../../../arm-none-eabi/lib/armv7-m\libg_nano.a(lib_a-sprintf.o) (_svfprintf_r)
c:/program files (x86)/cypress/psoc creator/4.4/psoc creator/import/gnu/arm/5.4.1/bin/../lib/gcc/arm-none-eabi/5.4.1/../../../../arm-none-eabi/lib/armv7-m\libg_nano.a(lib_a-nano-vfprintf_i.o)
[...]
Memory Configuration

Name             Origin             Length             Attributes
rom              0x00000000         0x00040000         xr
ram              0x1fff8000         0x00010000         xrw
*default*        0x00000000         0xffffffff

Linker script and memory map

LOAD c:/program files (x86)/cypress/psoc creator/4.4/psoc creator/import/gnu/arm/5.4.1/bin/../lib/gcc/arm-none-eabi/5.4.1/armv7-m/crti.o
LOAD c:/program files (x86)/cypress/psoc creator/4.4/psoc creator/import/gnu/arm/5.4.1/bin/../lib/gcc/arm-none-eabi/5.4.1/armv7-m/crtbegin.o
LOAD c:/program files (x86)/cypress/psoc creator/4.4/psoc creator/import/gnu/arm/5.4.1/bin/../lib/gcc/arm-none-eabi/5.4.1/../../../../arm-none-eabi/lib/armv7-m/crt0.o
START GROUP
LOAD .\CortexM3\ARM_GCC_541\Debug\main.o
LOAD .\CortexM3\ARM_GCC_541\Debug\cyfitter_cfg.o
LOAD .\CortexM3\ARM_GCC_541\Debug\cymetadata.o
LOAD .\CortexM3\ARM_GCC_541\Debug\Cm3Start.o
LOAD .\CortexM3\ARM_GCC_541\Debug\MPS21_Prakt_2.a
LOAD C:\Program Files (x86)\Cypress\PSoC Creator\4.4\PSoC Creator\psoc\content\cycomponentlibrary\CyComponentLibrary.cylib\CortexM3\ARM_GCC_541\Debug\CyComponentLibrary.a
END GROUP
START GROUP
LOAD c:/program files (x86)/cypress/psoc creator/4.4/psoc creator/import/gnu/arm/5.4.1/bin/../lib/gcc/arm-none-eabi/5.4.1/armv7-m\libgcc.a
LOAD c:/program files (x86)/cypress/psoc creator/4.4/psoc creator/import/gnu/arm/5.4.1/bin/../lib/gcc/arm-none-eabi/5.4.1/../../../../arm-none-eabi/lib/armv7-m\libg_nano.a
LOAD c:/program files (x86)/cypress/psoc creator/4.4/psoc creator/import/gnu/arm/5.4.1/bin/../lib/gcc/arm-none-eabi/5.4.1/../../../../arm-none-eabi/lib/armv7-m\libc_nano.a
END GROUP
START GROUP
LOAD c:/program files (x86)/cypress/psoc creator/4.4/psoc creator/import/gnu/arm/5.4.1/bin/../lib/gcc/arm-none-eabi/5.4.1/armv7-m\libgcc.a
LOAD c:/program files (x86)/cypress/psoc creator/4.4/psoc creator/import/gnu/arm/5.4.1/bin/../lib/gcc/arm-none-eabi/5.4.1/../../../../arm-none-eabi/lib/armv7-m\libc_nano.a
END GROUP
LOAD c:/program files (x86)/cypress/psoc creator/4.4/psoc creator/import/gnu/arm/5.4.1/bin/../lib/gcc/arm-none-eabi/5.4.1/armv7-m/crtend.o
LOAD c:/program files (x86)/cypress/psoc creator/4.4/psoc creator/import/gnu/arm/5.4.1/bin/../lib/gcc/arm-none-eabi/5.4.1/armv7-m/crtn.o
START GROUP
LOAD c:/program files (x86)/cypress/psoc creator/4.4/psoc creator/import/gnu/arm/5.4.1/bin/../lib/gcc/arm-none-eabi/5.4.1/armv7-m\libgcc.a
LOAD c:/program files (x86)/cypress/psoc creator/4.4/psoc creator/import/gnu/arm/5.4.1/bin/../lib/gcc/arm-none-eabi/5.4.1/../../../../arm-none-eabi/lib/armv7-m\libc.a
LOAD c:/program files (x86)/cypress/psoc creator/4.4/psoc creator/import/gnu/arm/5.4.1/bin/../lib/gcc/arm-none-eabi/5.4.1/../../../../arm-none-eabi/lib/armv7-m\libnosys.a
END GROUP
                0x00000000                CY_APPL_ORIGIN = 0x0
                0x00000100                CY_FLASH_ROW_SIZE = 0x100
                0x00000020                CY_ECC_ROW_SIZE = 0x20
                0x00000000                CY_EE_IN_BTLDR = 0x0
                0x00000000                CY_APPL_LOADABLE = 0x0
                0x00000800                CY_EE_SIZE = 0x800
                0x00000001                CY_APPL_NUM = 0x1
                0x00000001                CY_APPL_MAX = 0x1
                0x00000040                CY_METADATA_SIZE = 0x40
                0x00000000                CY_APPL_LOADABLE = 0x0
                0x00000000                CY_CHECKSUM_EXCLUDE_SIZE = ALIGN (0x0, CY_FLASH_ROW_SIZE)
                [!provide]                PROVIDE (__cy_heap_start, _end)
                0x00000001                PROVIDE (__cy_region_num, ((__cy_regions_end - __cy_regions) / 0x10))
                0x20008000                PROVIDE (__cy_stack, (ORIGIN (ram) + LENGTH (ram)))
                [!provide]                PROVIDE (__cy_heap_end, (__cy_stack - 0x800))

.cybootloader   0x00000000        0x0
 *(.cybootloader)
                0x00000000                appl1_start = CY_APPL_ORIGIN?CY_APPL_ORIGIN:ALIGN (CY_FLASH_ROW_SIZE)
                0x0001ff00                appl2_start = (appl1_start + ALIGN ((((LENGTH (rom) - appl1_start) - (0x2 * CY_FLASH_ROW_SIZE)) / 0x2), CY_FLASH_ROW_SIZE))
                0x00000000                appl_start = (CY_APPL_NUM == 0x1)?appl1_start:appl2_start
                0x00000000                ecc_offset = ((appl_start / CY_FLASH_ROW_SIZE) * CY_ECC_ROW_SIZE)
                0x00000000                ee_offset = (CY_APPL_LOADABLE && ! (CY_EE_IN_BTLDR))?((CY_EE_SIZE / CY_APPL_MAX) * (CY_APPL_NUM - 0x1)):0x0
                0x00000800                ee_size = (CY_APPL_LOADABLE && ! (CY_EE_IN_BTLDR))?(CY_EE_SIZE / CY_APPL_MAX):CY_EE_SIZE
                [!provide]                PROVIDE (CY_ECC_OFFSET, ecc_offset)

.text           0x00000000      0xf70
 CREATE_OBJECT_SYMBOLS
                0x00000000                PROVIDE (__cy_interrupt_vector, RomVectors)
 *(.romvectors)
 .romvectors    0x00000000       0x10 .\CortexM3\ARM_GCC_541\Debug\Cm3Start.o
                0x00000000                RomVectors
                0x00000001                ASSERT ((. != __cy_interrupt_vector), No interrupt vector)
                0x00000001                ASSERT (CY_APPL_ORIGIN?(SIZEOF (.cybootloader) <= CY_APPL_ORIGIN):0x1, Wrong image location)
                0x00000010                PROVIDE (__cy_reset, Reset)
 *(.text.Reset)
 .text.Reset    0x00000010       0x18 .\CortexM3\ARM_GCC_541\Debug\Cm3Start.o
                0x00000010                Reset
                0x00000001                ASSERT ((. != __cy_reset), No reset code)
 *(.dma_init)
                0x00000001                ASSERT ((((appl_start + .) <= 0x10000) || 0x1), DMA Init must be within the first 64k of flash)
 *(.text .text.* .gnu.linkonce.t.*)
 .text          0x00000028       0x5c c:/program files (x86)/cypress/psoc creator/4.4/psoc creator/import/gnu/arm/5.4.1/bin/../lib/gcc/arm-none-eabi/5.4.1/armv7-m/crtbegin.o
 .text.main     0x00000084      0x140 .\CortexM3\ARM_GCC_541\Debug\main.o
                0x00000084                main
 .text.CyClockStartupError
                0x000001c4        0x4 .\CortexM3\ARM_GCC_541\Debug\cyfitter_cfg.o
 .text.cfg_write_bytes32
                0x000001c8       0x34 .\CortexM3\ARM_GCC_541\Debug\cyfitter_cfg.o
 .text.AnalogSetDefault
                0x000001fc       0x28 .\CortexM3\ARM_GCC_541\Debug\cyfitter_cfg.o
 .text.CYMEMZERO
                0x00000224        0xc .\CortexM3\ARM_GCC_541\Debug\cyfitter_cfg.o
 .text.ClockSetup
                0x00000230       0xb4 .\CortexM3\ARM_GCC_541\Debug\cyfitter_cfg.o
 .text.CYCONFIGCPY
                0x000002e4        0x8 .\CortexM3\ARM_GCC_541\Debug\cyfitter_cfg.o
 .text.cyfitter_cfg
                0x000002ec      0x100 .\CortexM3\ARM_GCC_541\Debug\cyfitter_cfg.o
                0x000002ec                cyfitter_cfg
 .text.IntDefaultHandler
                0x000003ec       0x10 .\CortexM3\ARM_GCC_541\Debug\Cm3Start.o
                0x000003ec                IntDefaultHandler
 .text._sbrk    0x000003fc       0x30 .\CortexM3\ARM_GCC_541\Debug\Cm3Start.o
                0x000003fc                _sbrk
 .text.Start_c  0x0000042c       0x4c .\CortexM3\ARM_GCC_541\Debug\Cm3Start.o
                0x0000042c                Start_c
 .text.initialize_psoc
                0x00000478       0x68 .\CortexM3\ARM_GCC_541\Debug\Cm3Start.o
                0x00000478                initialize_psoc
 .text.UART_Init
                0x000004e0       0x24 .\CortexM3\ARM_GCC_541\Debug\MPS21_Prakt_2.a(UART.o)
                0x000004e0                UART_Init
 .text.UART_Enable
                0x00000504       0x38 .\CortexM3\ARM_GCC_541\Debug\MPS21_Prakt_2.a(UART.o)
                0x00000504                UART_Enable
 .text.UART_Start
                0x0000053c       0x1c .\CortexM3\ARM_GCC_541\Debug\MPS21_Prakt_2.a(UART.o)
                0x0000053c                UART_Start
 .text.UART_GetChar
                0x00000558       0x2c .\CortexM3\ARM_GCC_541\Debug\MPS21_Prakt_2.a(UART.o)
                0x00000558                UART_GetChar
 .text.UART_PutChar
                0x00000584       0x18 .\CortexM3\ARM_GCC_541\Debug\MPS21_Prakt_2.a(UART.o)
                0x00000584                UART_PutChar
 .text.UART_PutString
                0x0000059c       0x24 .\CortexM3\ARM_GCC_541\Debug\MPS21_Prakt_2.a(UART.o)
                0x0000059c                UART_PutString
 .text.Pin_N_R_Write
                0x000005c0       0x18 .\CortexM3\ARM_GCC_541\Debug\MPS21_Prakt_2.a(Pin_N_R.o)
                0x000005c0                Pin_N_R_Write
 .text.Pin_N_R_Read
                0x000005d8        0xc .\CortexM3\ARM_GCC_541\Debug\MPS21_Prakt_2.a(Pin_N_R.o)
                0x000005d8                Pin_N_R_Read
 .text.Pin_N_Y_Write
                0x000005e4       0x18 .\CortexM3\ARM_GCC_541\Debug\MPS21_Prakt_2.a(Pin_N_Y.o)
                0x000005e4                Pin_N_Y_Write
 .text.Pin_N_Y_Read
                0x000005fc       0x10 .\CortexM3\ARM_GCC_541\Debug\MPS21_Prakt_2.a(Pin_N_Y.o)
                0x000005fc                Pin_N_Y_Read
 .text.Pin_N_G_Write
                0x0000060c       0x18 .\CortexM3\ARM_GCC_541\Debug\MPS21_Prakt_2.a(Pin_N_G.o)
                0x0000060c                Pin_N_G_Write
 .text.Pin_N_G_Read
                0x00000624       0x10 .\CortexM3\ARM_GCC_541\Debug\MPS21_Prakt_2.a(Pin_N_G.o)
                0x00000624                Pin_N_G_Read
 .text.Pin_E_CW_Write
                0x00000634       0x18 .\CortexM3\ARM_GCC_541\Debug\MPS21_Prakt_2.a(Pin_E_CW.o)
                0x00000634                Pin_E_CW_Write
 .text.Pin_E_CW_Read
                0x0000064c       0x10 .\CortexM3\ARM_GCC_541\Debug\MPS21_Prakt_2.a(Pin_E_CW.o)
                0x0000064c                Pin_E_CW_Read
 .text.Pin_CWEW_Read
                0x0000065c       0x10 .\CortexM3\ARM_GCC_541\Debug\MPS21_Prakt_2.a(Pin_CWEW.o)
                0x0000065c                Pin_CWEW_Read
 .text.UART_IntClock_Start
                0x0000066c       0x1c .\CortexM3\ARM_GCC_541\Debug\MPS21_Prakt_2.a(UART_IntClock.o)
                0x0000066c                UART_IntClock_Start
 .text          0x00000688       0x20 .\CortexM3\ARM_GCC_541\Debug\MPS21_Prakt_2.a(CyBootAsmGnu.o)
                0x00000688                CyDelayCycles
                0x00000698                CyEnterCriticalSection
                0x000006a0                CyExitCriticalSection
 .text.__errno  0x000006a8        0xc c:/program files (x86)/cypress/psoc creator/4.4/psoc creator/import/gnu/arm/5.4.1/bin/../lib/gcc/arm-none-eabi/5.4.1/../../../../arm-none-eabi/lib/armv7-m\libg_nano.a(lib_a-errno.o)
                0x000006a8                __errno
 .text.__libc_init_array
                0x000006b4       0x4c c:/program files (x86)/cypress/psoc creator/4.4/psoc creator/import/gnu/arm/5.4.1/bin/../lib/gcc/arm-none-eabi/5.4.1/../../../../arm-none-eabi/lib/armv7-m\libg_nano.a(lib_a-init.o)
                0x000006b4                __libc_init_array
 .text.memcpy   0x00000700       0x16 c:/program files (x86)/cypress/psoc creator/4.4/psoc creator/import/gnu/arm/5.4.1/bin/../lib/gcc/arm-none-eabi/5.4.1/../../../../arm-none-eabi/lib/armv7-m\libg_nano.a(lib_a-memcpy-stub.o)
                0x00000700                memcpy
 .text.memset   0x00000716       0x10 c:/program files (x86)/cypress/psoc creator/4.4/psoc creator/import/gnu/arm/5.4.1/bin/../lib/gcc/arm-none-eabi/5.4.1/../../../../arm-none-eabi/lib/armv7-m\libg_nano.a(lib_a-memset.o)
                0x00000716                memset
 *fill*         0x00000726        0x2 
 .text.sprintf  0x00000728       0x48 c:/program files (x86)/cypress/psoc creator/4.4/psoc creator/import/gnu/arm/5.4.1/bin/../lib/gcc/arm-none-eabi/5.4.1/../../../../arm-none-eabi/lib/armv7-m\libg_nano.a(lib_a-sprintf.o)
                0x00000728                siprintf
                0x00000728                sprintf
 .text.__ssputs_r
                0x00000770       0xb2 c:/program files (x86)/cypress/psoc creator/4.4/psoc creator/import/gnu/arm/5.4.1/bin/../lib/gcc/arm-none-eabi/5.4.1/../../../../arm-none-eabi/lib/armv7-m\libg_nano.a(lib_a-nano-svfprintf.o)
                0x00000770                __ssputs_r
 *fill*         0x00000822        0x2 
 .text._svfprintf_r
                0x00000824      0x1e8 c:/program files (x86)/cypress/psoc creator/4.4/psoc creator/import/gnu/arm/5.4.1/bin/../lib/gcc/arm-none-eabi/5.4.1/../../../../arm-none-eabi/lib/armv7-m\libg_nano.a(lib_a-nano-svfprintf.o)
                0x00000824                _svfiprintf_r
                0x00000824                _svfprintf_r
 .text._printf_common
                0x00000a0c       0xec c:/program files (x86)/cypress/psoc creator/4.4/psoc creator/import/gnu/arm/5.4.1/bin/../lib/gcc/arm-none-eabi/5.4.1/../../../../arm-none-eabi/lib/armv7-m\libg_nano.a(lib_a-nano-vfprintf_i.o)
                0x00000a0c                _printf_common
 .text._printf_i
                0x00000af8      0x24c c:/program files (x86)/cypress/psoc creator/4.4/psoc creator/import/gnu/arm/5.4.1/bin/../lib/gcc/arm-none-eabi/5.4.1/../../../../arm-none-eabi/lib/armv7-m\libg_nano.a(lib_a-nano-vfprintf_i.o)
                0x00000af8                _printf_i
 .text.memchr   0x00000d44       0x1c c:/program files (x86)/cypress/psoc creator/4.4/psoc creator/import/gnu/arm/5.4.1/bin/../lib/gcc/arm-none-eabi/5.4.1/../../../../arm-none-eabi/lib/armv7-m\libg_nano.a(lib_a-memchr-stub.o)
                0x00000d44                memchr
 .text.memmove  0x00000d60       0x36 c:/program files (x86)/cypress/psoc creator/4.4/psoc creator/import/gnu/arm/5.4.1/bin/../lib/gcc/arm-none-eabi/5.4.1/../../../../arm-none-eabi/lib/armv7-m\libg_nano.a(lib_a-memmove.o)
                0x00000d60                memmove
 *fill*         0x00000d96        0x2 
 .text._free_r  0x00000d98       0x98 c:/program files (x86)/cypress/psoc creator/4.4/psoc creator/import/gnu/arm/5.4.1/bin/../lib/gcc/arm-none-eabi/5.4.1/../../../../arm-none-eabi/lib/armv7-m\libg_nano.a(lib_a-nano-freer.o)
                0x00000d98                _free_r
 .text._malloc_r
                0x00000e30       0xbc c:/program files (x86)/cypress/psoc creator/4.4/psoc creator/import/gnu/arm/5.4.1/bin/../lib/gcc/arm-none-eabi/5.4.1/../../../../arm-none-eabi/lib/armv7-m\libg_nano.a(lib_a-nano-mallocr.o)
                0x00000e30                _malloc_r
 .text._realloc_r
                0x00000eec       0x4c c:/program files (x86)/cypress/psoc creator/4.4/psoc creator/import/gnu/arm/5.4.1/bin/../lib/gcc/arm-none-eabi/5.4.1/../../../../arm-none-eabi/lib/armv7-m\libg_nano.a(lib_a-nano-reallocr.o)
                0x00000eec                _realloc_r
 .text._sbrk_r  0x00000f38       0x20 c:/program files (x86)/cypress/psoc creator/4.4/psoc creator/import/gnu/arm/5.4.1/bin/../lib/gcc/arm-none-eabi/5.4.1/../../../../arm-none-eabi/lib/armv7-m\libg_nano.a(lib_a-sbrkr.o)
                0x00000f38                _sbrk_r
 .text.__malloc_lock
                0x00000f58        0x2 c:/program files (x86)/cypress/psoc creator/4.4/psoc creator/import/gnu/arm/5.4.1/bin/../lib/gcc/arm-none-eabi/5.4.1/../../../../arm-none-eabi/lib/armv7-m\libg_nano.a(lib_a-mlock.o)
                0x00000f58                __malloc_lock
 .text.__malloc_unlock
                0x00000f5a        0x2 c:/program files (x86)/cypress/psoc creator/4.4/psoc creator/import/gnu/arm/5.4.1/bin/../lib/gcc/arm-none-eabi/5.4.1/../../../../arm-none-eabi/lib/armv7-m\libg_nano.a(lib_a-mlock.o)
                0x00000f5a                __malloc_unlock
 .text._malloc_usable_size_r
                0x00000f5c       0x14 c:/program files (x86)/cypress/psoc creator/4.4/psoc creator/import/gnu/arm/5.4.1/bin/../lib/gcc/arm-none-eabi/5.4.1/../../../../arm-none-eabi/lib/armv7-m\libg_nano.a(lib_a-nano-msizer.o)
                0x00000f5c                _malloc_usable_size_r
 *(.plt)
 *(.gnu.warning)
 *(.glue_7t)
 .glue_7t       0x00000f70        0x0 linker stubs
 *(.glue_7)
 .glue_7        0x00000f70        0x0 linker stubs
 *(.vfp11_veneer)
 .vfp11_veneer  0x00000f70        0x0 linker stubs
 *(.bootloader)
 *(.ARM.extab* .gnu.linkonce.armextab.*)
 *(.gcc_except_table)

.v4_bx          0x00000f70        0x0
 .v4_bx         0x00000f70        0x0 linker stubs

.iplt           0x00000f70        0x0
 .iplt          0x00000f70        0x0 c:/program files (x86)/cypress/psoc creator/4.4/psoc creator/import/gnu/arm/5.4.1/bin/../lib/gcc/arm-none-eabi/5.4.1/armv7-m/crtbegin.o

.eh_frame_hdr
 *(.eh_frame_hdr)

.eh_frame       0x00000f70        0x4
 *(.eh_frame)
 .eh_frame      0x00000f70        0x0 c:/program files (x86)/cypress/psoc creator/4.4/psoc creator/import/gnu/arm/5.4.1/bin/../lib/gcc/arm-none-eabi/5.4.1/armv7-m/crtbegin.o
 .eh_frame      0x00000f70        0x4 c:/program files (x86)/cypress/psoc creator/4.4/psoc creator/import/gnu/arm/5.4.1/bin/../lib/gcc/arm-none-eabi/5.4.1/armv7-m/crtend.o
                [!provide]                PROVIDE (__exidx_start, .)

.ARM.exidx
 *(.ARM.exidx* .gnu.linkonce.armexidx.*)
                0x00000f74                __exidx_end = .

.rodata         0x00000f74      0x26c
 *(.rodata .rodata.* .gnu.linkonce.r.*)
 .rodata.str1.4
                0x00000f74      0x1d0 .\CortexM3\ARM_GCC_541\Debug\main.o
                                0x1cd (size before relaxing)
 .rodata        0x00001144       0x30 .\CortexM3\ARM_GCC_541\Debug\cyfitter_cfg.o
 .rodata.str1.1
                0x00001174        0x2 c:/program files (x86)/cypress/psoc creator/4.4/psoc creator/import/gnu/arm/5.4.1/bin/../lib/gcc/arm-none-eabi/5.4.1/../../../../arm-none-eabi/lib/armv7-m\libg_nano.a(lib_a-impure.o)
 .rodata.str1.1
                0x00001176       0x11 c:/program files (x86)/cypress/psoc creator/4.4/psoc creator/import/gnu/arm/5.4.1/bin/../lib/gcc/arm-none-eabi/5.4.1/../../../../arm-none-eabi/lib/armv7-m\libg_nano.a(lib_a-nano-svfprintf.o)
 .rodata.str1.1
                0x00001187       0x22 c:/program files (x86)/cypress/psoc creator/4.4/psoc creator/import/gnu/arm/5.4.1/bin/../lib/gcc/arm-none-eabi/5.4.1/../../../../arm-none-eabi/lib/armv7-m\libg_nano.a(lib_a-nano-vfprintf_i.o)
                0x000011ac                . = ALIGN (0x4)
 *fill*         0x000011a9        0x3 
 *(.init)
 .init          0x000011ac        0x4 c:/program files (x86)/cypress/psoc creator/4.4/psoc creator/import/gnu/arm/5.4.1/bin/../lib/gcc/arm-none-eabi/5.4.1/armv7-m/crti.o
                0x000011ac                _init
 .init          0x000011b0        0x8 c:/program files (x86)/cypress/psoc creator/4.4/psoc creator/import/gnu/arm/5.4.1/bin/../lib/gcc/arm-none-eabi/5.4.1/armv7-m/crtn.o
                0x000011b8                . = ALIGN (0x4)
                0x000011b8                __preinit_array_start = .
 *(.preinit_array)
                0x000011b8                __preinit_array_end = .
                0x000011b8                . = ALIGN (0x4)
                0x000011b8                __init_array_start = .
 *(SORT(.init_array.*))
 *(.init_array)
 .init_array    0x000011b8        0x4 c:/program files (x86)/cypress/psoc creator/4.4/psoc creator/import/gnu/arm/5.4.1/bin/../lib/gcc/arm-none-eabi/5.4.1/armv7-m/crtbegin.o
 .init_array    0x000011bc        0x4 .\CortexM3\ARM_GCC_541\Debug\Cm3Start.o
                0x000011c0                __init_array_end = .
                0x000011c0                . = ALIGN (0x4)
 *(.fini)
 .fini          0x000011c0        0x4 c:/program files (x86)/cypress/psoc creator/4.4/psoc creator/import/gnu/arm/5.4.1/bin/../lib/gcc/arm-none-eabi/5.4.1/armv7-m/crti.o
                0x000011c0                _fini
 .fini          0x000011c4        0x8 c:/program files (x86)/cypress/psoc creator/4.4/psoc creator/import/gnu/arm/5.4.1/bin/../lib/gcc/arm-none-eabi/5.4.1/armv7-m/crtn.o
                0x000011cc                . = ALIGN (0x4)
                0x000011cc                __fini_array_start = .
 *(.fini_array)
 .fini_array    0x000011cc        0x4 c:/program files (x86)/cypress/psoc creator/4.4/psoc creator/import/gnu/arm/5.4.1/bin/../lib/gcc/arm-none-eabi/5.4.1/armv7-m/crtbegin.o
 *(SORT(.fini_array.*))
                0x000011d0                __fini_array_end = .
                0x000011d0                . = ALIGN (0x4)
 *crtbegin.o(.ctors)
 *(EXCLUDE_FILE(*crtend.o) .ctors)
 *(SORT(.ctors.*))
 *crtend.o(.ctors)
                0x000011d0                . = ALIGN (0x4)
 *crtbegin.o(.dtors)
 *(EXCLUDE_FILE(*crtend.o) .dtors)
 *(SORT(.dtors.*))
 *crtend.o(.dtors)
                0x000011d0                . = ALIGN (0x4)
                0x000011d0                __cy_regions = .
                0x000011d0        0x4 LONG 0x11e0 __cy_region_init_ram
                0x000011d4        0x4 LONG 0x1fff80c8 __cy_region_start_data
                0x000011d8        0x4 LONG 0x70 __cy_region_init_size_ram
                0x000011dc        0x4 LONG 0xb0 __cy_region_zero_size_ram
                0x000011e0                __cy_regions_end = .
                0x000011e0                . = ALIGN (0x8)
                0x000011e0                _etext = .

.cy_checksum_exclude
                0x000011e0        0x0
 *(.cy_checksum_exclude)

.ramvectors     0x1fff8000       0xc0
                0x1fff8000                __cy_region_start_ram = .
 *(.ramvectors)
 .ramvectors    0x1fff8000       0xc0 .\CortexM3\ARM_GCC_541\Debug\Cm3Start.o
                0x1fff8000                CyRamVectors

.noinit         0x1fff80c0        0x1
 *(.noinit)
 .noinit        0x1fff80c0        0x1 .\CortexM3\ARM_GCC_541\Debug\MPS21_Prakt_2.a(CyLib.o)
                0x1fff80c0                CyResetStatus

.data           0x1fff80c8       0x70 load address 0x000011e0
                0x1fff80c8                __cy_region_start_data = .
 *(.jcr)
 .jcr           0x1fff80c8        0x0 c:/program files (x86)/cypress/psoc creator/4.4/psoc creator/import/gnu/arm/5.4.1/bin/../lib/gcc/arm-none-eabi/5.4.1/armv7-m/crtbegin.o
 .jcr           0x1fff80c8        0x4 c:/program files (x86)/cypress/psoc creator/4.4/psoc creator/import/gnu/arm/5.4.1/bin/../lib/gcc/arm-none-eabi/5.4.1/armv7-m/crtend.o
 *(.got.plt)
 *(.got)
 *(.shdata)
 *(.data .data.* .gnu.linkonce.d.*)
 .data          0x1fff80cc        0x4 .\CortexM3\ARM_GCC_541\Debug\Cm3Start.o
 .data.impure_data
                0x1fff80d0       0x60 c:/program files (x86)/cypress/psoc creator/4.4/psoc creator/import/gnu/arm/5.4.1/bin/../lib/gcc/arm-none-eabi/5.4.1/../../../../arm-none-eabi/lib/armv7-m\libg_nano.a(lib_a-impure.o)
 .data._impure_ptr
                0x1fff8130        0x4 c:/program files (x86)/cypress/psoc creator/4.4/psoc creator/import/gnu/arm/5.4.1/bin/../lib/gcc/arm-none-eabi/5.4.1/../../../../arm-none-eabi/lib/armv7-m\libg_nano.a(lib_a-impure.o)
                0x1fff8130                _impure_ptr
                0x1fff8138                . = ALIGN (0x8)
 *fill*         0x1fff8134        0x4 
 *(.ram)
                0x1fff8138                _edata = .

.igot.plt       0x1fff8138        0x0 load address 0x00001250
 .igot.plt      0x1fff8138        0x0 c:/program files (x86)/cypress/psoc creator/4.4/psoc creator/import/gnu/arm/5.4.1/bin/../lib/gcc/arm-none-eabi/5.4.1/armv7-m/crtbegin.o

.bss            0x1fff8138       0xb0 load address 0x00001250
                0x1fff8138                PROVIDE (__bss_start__, .)
 *(.shbss)
 *(.bss .bss.* .gnu.linkonce.b.*)
 .bss           0x1fff8138       0x1c c:/program files (x86)/cypress/psoc creator/4.4/psoc creator/import/gnu/arm/5.4.1/bin/../lib/gcc/arm-none-eabi/5.4.1/armv7-m/crtbegin.o
 .bss           0x1fff8154       0x80 .\CortexM3\ARM_GCC_541\Debug\main.o
 .bss           0x1fff81d4        0x2 .\CortexM3\ARM_GCC_541\Debug\MPS21_Prakt_2.a(UART.o)
                0x1fff81d4                UART_initVar
 *fill*         0x1fff81d6        0x2 
 .bss.__malloc_sbrk_start
                0x1fff81d8        0x4 c:/program files (x86)/cypress/psoc creator/4.4/psoc creator/import/gnu/arm/5.4.1/bin/../lib/gcc/arm-none-eabi/5.4.1/../../../../arm-none-eabi/lib/armv7-m\libg_nano.a(lib_a-nano-mallocr.o)
                0x1fff81d8                __malloc_sbrk_start
 .bss.__malloc_free_list
                0x1fff81dc        0x4 c:/program files (x86)/cypress/psoc creator/4.4/psoc creator/import/gnu/arm/5.4.1/bin/../lib/gcc/arm-none-eabi/5.4.1/../../../../arm-none-eabi/lib/armv7-m\libg_nano.a(lib_a-nano-mallocr.o)
                0x1fff81dc                __malloc_free_list
 *(COMMON)
 COMMON         0x1fff81e0        0x4 c:/program files (x86)/cypress/psoc creator/4.4/psoc creator/import/gnu/arm/5.4.1/bin/../lib/gcc/arm-none-eabi/5.4.1/../../../../arm-none-eabi/lib/armv7-m\libg_nano.a(lib_a-reent.o)
                0x1fff81e0                errno
                0x1fff81e8                . = ALIGN (0x8)
 *fill*         0x1fff81e4        0x4 
 *(.ram.b)
                0x1fff81e8                _end = .
                0x1fff81e8                __end = .
                0x1fff81e8                PROVIDE (end, .)
                0x1fff81e8                PROVIDE (__bss_end__, .)
                0x000011e0                __cy_region_init_ram = LOADADDR (.data)
                0x00000070                __cy_region_init_size_ram = (_edata - ADDR (.data))
                0x000000b0                __cy_region_zero_size_ram = (_end - _edata)

.heap           0x1fff81e8       0x80 load address 0x00001250
                0x1fff81e8                . = _end
                0x1fff8268                . = (. + 0x80)
 *fill*         0x1fff81e8       0x80 
                0x1fff8268                __cy_heap_limit = .

.stack          0x20007800      0x800
                0x20007800                __cy_stack_limit = .
                0x20008000                . = (. + 0x800)
 *fill*         0x20007800      0x800 
                0x00000001                ASSERT ((__cy_stack_limit >= __cy_heap_limit), region RAM overflowed with stack)
                0x00000000                cy_checksum_exclude_size = (CY_APPL_LOADABLE == 0x1)?SIZEOF (.cy_checksum_exclude):0x0
                0x00000001                ASSERT ((cy_checksum_exclude_size <= CY_CHECKSUM_EXCLUDE_SIZE), CY_BOOT: Section .cy_checksum_exclude size exceedes specified limit.)

.cyloadermeta
 *(.cyloadermeta)

.cyloadablemeta
 *(.cyloadablemeta)

.cyconfigecc    0x80000000      0x30c
 *(.cyconfigecc)
 .cyconfigecc   0x80000000      0x30c .\CortexM3\ARM_GCC_541\Debug\cymetadata.o
                0x80000000                cy_meta_configecc

.cycustnvl      0x90000000        0x4
 *(.cycustnvl)
 .cycustnvl     0x90000000        0x4 .\CortexM3\ARM_GCC_541\Debug\cymetadata.o
                0x90000000                cy_meta_custnvl

.cywolatch      0x90100000        0x4
 *(.cywolatch)
 .cywolatch     0x90100000        0x4 .\CortexM3\ARM_GCC_541\Debug\cymetadata.o
                0x90100000                cy_meta_wonvl

.cyeeprom       0x90200000        0x0
 *(.cyeeprom)
                0x00000001                ASSERT ((. <= ((0x90200000 + ee_offset) + ee_size)), .cyeeprom data will not fit in EEPROM)

.cyflashprotect
                0x90400000      0x100
 *(.cyflashprotect)
 .cyflashprotect
                0x90400000      0x100 .\CortexM3\ARM_GCC_541\Debug\cymetadata.o
                0x90400000                cy_meta_flashprotect

.cymeta         0x90500000        0xc
 *(.cymeta)
 .cymeta        0x90500000        0xc .\CortexM3\ARM_GCC_541\Debug\cymetadata.o
                0x90500000                cy_metadata

.rel.dyn        0x00001250        0x0 load address 0x9050000c
 .rel.iplt      0x00001250        0x0 c:/program files (x86)/cypress/psoc creator/4.4/psoc creator/import/gnu/arm/5.4.1/bin/../lib/gcc/arm-none-eabi/5.4.1/armv7-m/crtbegin.o

.stab
 *(.stab)

.stabstr
 *(.stabstr)

.debug
 *(.debug)

.line
 *(.line)

.debug_srcinfo
 *(.debug_srcinfo)

.debug_sfnames
 *(.debug_sfnames)

.debug_aranges  0x00000000      0x7c0
 *(.debug_aranges)
 .debug_aranges
                0x00000000       0x20 .\CortexM3\ARM_GCC_541\Debug\main.o
 .debug_aranges
                0x00000020       0x58 .\CortexM3\ARM_GCC_541\Debug\cyfitter_cfg.o
 .debug_aranges
                0x00000078       0x18 .\CortexM3\ARM_GCC_541\Debug\cymetadata.o
 .debug_aranges
                0x00000090       0x48 .\CortexM3\ARM_GCC_541\Debug\Cm3Start.o
 .debug_aranges
                0x000000d8       0xf0 .\CortexM3\ARM_GCC_541\Debug\MPS21_Prakt_2.a(UART.o)
 .debug_aranges
                0x000001c8       0x38 .\CortexM3\ARM_GCC_541\Debug\MPS21_Prakt_2.a(Pin_N_R.o)
 .debug_aranges
                0x00000200       0x38 .\CortexM3\ARM_GCC_541\Debug\MPS21_Prakt_2.a(Pin_N_Y.o)
 .debug_aranges
                0x00000238       0x38 .\CortexM3\ARM_GCC_541\Debug\MPS21_Prakt_2.a(Pin_N_G.o)
 .debug_aranges
                0x00000270       0x38 .\CortexM3\ARM_GCC_541\Debug\MPS21_Prakt_2.a(Pin_E_CW.o)
 .debug_aranges
                0x000002a8       0x48 .\CortexM3\ARM_GCC_541\Debug\MPS21_Prakt_2.a(Pin_CWEW.o)
 .debug_aranges
                0x000002f0       0x70 .\CortexM3\ARM_GCC_541\Debug\MPS21_Prakt_2.a(UART_IntClock.o)
 .debug_aranges
                0x00000360      0x2a0 .\CortexM3\ARM_GCC_541\Debug\MPS21_Prakt_2.a(CyLib.o)
 .debug_aranges
                0x00000600       0x98 .\CortexM3\ARM_GCC_541\Debug\MPS21_Prakt_2.a(cyPm.o)
 .debug_aranges
                0x00000698       0x20 .\CortexM3\ARM_GCC_541\Debug\MPS21_Prakt_2.a(CyBootAsmGnu.o)
 .debug_aranges
                0x000006b8       0x88 .\CortexM3\ARM_GCC_541\Debug\MPS21_Prakt_2.a(CyFlash.o)
 .debug_aranges
                0x00000740       0x80 .\CortexM3\ARM_GCC_541\Debug\MPS21_Prakt_2.a(CySpc.o)

.debug_pubnames
 *(.debug_pubnames)

.debug_info     0x00000000     0x4622
 *(.debug_info .gnu.linkonce.wi.*)
 .debug_info    0x00000000      0x3c0 .\CortexM3\ARM_GCC_541\Debug\main.o
 .debug_info    0x000003c0      0x4ee .\CortexM3\ARM_GCC_541\Debug\cyfitter_cfg.o
 .debug_info    0x000008ae      0x135 .\CortexM3\ARM_GCC_541\Debug\cymetadata.o
 .debug_info    0x000009e3      0x3bb .\CortexM3\ARM_GCC_541\Debug\Cm3Start.o
 .debug_info    0x00000d9e      0x60c .\CortexM3\ARM_GCC_541\Debug\MPS21_Prakt_2.a(UART.o)
 .debug_info    0x000013aa      0x11f .\CortexM3\ARM_GCC_541\Debug\MPS21_Prakt_2.a(Pin_N_R.o)
 .debug_info    0x000014c9      0x11f .\CortexM3\ARM_GCC_541\Debug\MPS21_Prakt_2.a(Pin_N_Y.o)
 .debug_info    0x000015e8      0x11f .\CortexM3\ARM_GCC_541\Debug\MPS21_Prakt_2.a(Pin_N_G.o)
 .debug_info    0x00001707      0x11f .\CortexM3\ARM_GCC_541\Debug\MPS21_Prakt_2.a(Pin_E_CW.o)
 .debug_info    0x00001826      0x174 .\CortexM3\ARM_GCC_541\Debug\MPS21_Prakt_2.a(Pin_CWEW.o)
 .debug_info    0x0000199a      0x283 .\CortexM3\ARM_GCC_541\Debug\MPS21_Prakt_2.a(UART_IntClock.o)
 .debug_info    0x00001c1d     0x1374 .\CortexM3\ARM_GCC_541\Debug\MPS21_Prakt_2.a(CyLib.o)
 .debug_info    0x00002f91      0xa2a .\CortexM3\ARM_GCC_541\Debug\MPS21_Prakt_2.a(cyPm.o)
 .debug_info    0x000039bb       0xca .\CortexM3\ARM_GCC_541\Debug\MPS21_Prakt_2.a(CyBootAsmGnu.o)
 .debug_info    0x00003a85      0x64d .\CortexM3\ARM_GCC_541\Debug\MPS21_Prakt_2.a(CyFlash.o)
 .debug_info    0x000040d2      0x550 .\CortexM3\ARM_GCC_541\Debug\MPS21_Prakt_2.a(CySpc.o)

.debug_abbrev   0x00000000     0x120d
 *(.debug_abbrev)
 .debug_abbrev  0x00000000       0xf5 .\CortexM3\ARM_GCC_541\Debug\main.o
 .debug_abbrev  0x000000f5      0x1fe .\CortexM3\ARM_GCC_541\Debug\cyfitter_cfg.o
 .debug_abbrev  0x000002f3       0x66 .\CortexM3\ARM_GCC_541\Debug\cymetadata.o
 .debug_abbrev  0x00000359      0x1e8 .\CortexM3\ARM_GCC_541\Debug\Cm3Start.o
 .debug_abbrev  0x00000541      0x175 .\CortexM3\ARM_GCC_541\Debug\MPS21_Prakt_2.a(UART.o)
 .debug_abbrev  0x000006b6       0x90 .\CortexM3\ARM_GCC_541\Debug\MPS21_Prakt_2.a(Pin_N_R.o)
 .debug_abbrev  0x00000746       0x90 .\CortexM3\ARM_GCC_541\Debug\MPS21_Prakt_2.a(Pin_N_Y.o)
 .debug_abbrev  0x000007d6       0x90 .\CortexM3\ARM_GCC_541\Debug\MPS21_Prakt_2.a(Pin_N_G.o)
 .debug_abbrev  0x00000866       0x90 .\CortexM3\ARM_GCC_541\Debug\MPS21_Prakt_2.a(Pin_E_CW.o)
 .debug_abbrev  0x000008f6       0x90 .\CortexM3\ARM_GCC_541\Debug\MPS21_Prakt_2.a(Pin_CWEW.o)
 .debug_abbrev  0x00000986      0x139 .\CortexM3\ARM_GCC_541\Debug\MPS21_Prakt_2.a(UART_IntClock.o)
 .debug_abbrev  0x00000abf      0x254 .\CortexM3\ARM_GCC_541\Debug\MPS21_Prakt_2.a(CyLib.o)
 .debug_abbrev  0x00000d13      0x1ab .\CortexM3\ARM_GCC_541\Debug\MPS21_Prakt_2.a(cyPm.o)
 .debug_abbrev  0x00000ebe       0x14 .\CortexM3\ARM_GCC_541\Debug\MPS21_Prakt_2.a(CyBootAsmGnu.o)
 .debug_abbrev  0x00000ed2      0x1a7 .\CortexM3\ARM_GCC_541\Debug\MPS21_Prakt_2.a(CyFlash.o)
 .debug_abbrev  0x00001079      0x194 .\CortexM3\ARM_GCC_541\Debug\MPS21_Prakt_2.a(CySpc.o)

.debug_line     0x00000000     0x1f48
 *(.debug_line)
 .debug_line    0x00000000      0x25c .\CortexM3\ARM_GCC_541\Debug\main.o
 .debug_line    0x0000025c      0x1d8 .\CortexM3\ARM_GCC_541\Debug\cyfitter_cfg.o
 .debug_line    0x00000434      0x141 .\CortexM3\ARM_GCC_541\Debug\cymetadata.o
 .debug_line    0x00000575      0x234 .\CortexM3\ARM_GCC_541\Debug\Cm3Start.o
 .debug_line    0x000007a9      0x2bc .\CortexM3\ARM_GCC_541\Debug\MPS21_Prakt_2.a(UART.o)
 .debug_line    0x00000a65       0x94 .\CortexM3\ARM_GCC_541\Debug\MPS21_Prakt_2.a(Pin_N_R.o)
 .debug_line    0x00000af9       0x94 .\CortexM3\ARM_GCC_541\Debug\MPS21_Prakt_2.a(Pin_N_Y.o)
 .debug_line    0x00000b8d       0x94 .\CortexM3\ARM_GCC_541\Debug\MPS21_Prakt_2.a(Pin_N_G.o)
 .debug_line    0x00000c21       0x95 .\CortexM3\ARM_GCC_541\Debug\MPS21_Prakt_2.a(Pin_E_CW.o)
 .debug_line    0x00000cb6       0xb9 .\CortexM3\ARM_GCC_541\Debug\MPS21_Prakt_2.a(Pin_CWEW.o)
 .debug_line    0x00000d6f      0x17c .\CortexM3\ARM_GCC_541\Debug\MPS21_Prakt_2.a(UART_IntClock.o)
 .debug_line    0x00000eeb      0x816 .\CortexM3\ARM_GCC_541\Debug\MPS21_Prakt_2.a(CyLib.o)
 .debug_line    0x00001701      0x367 .\CortexM3\ARM_GCC_541\Debug\MPS21_Prakt_2.a(cyPm.o)
 .debug_line    0x00001a68       0x66 .\CortexM3\ARM_GCC_541\Debug\MPS21_Prakt_2.a(CyBootAsmGnu.o)
 .debug_line    0x00001ace      0x21a .\CortexM3\ARM_GCC_541\Debug\MPS21_Prakt_2.a(CyFlash.o)
 .debug_line    0x00001ce8      0x260 .\CortexM3\ARM_GCC_541\Debug\MPS21_Prakt_2.a(CySpc.o)

.debug_frame    0x00000000     0x16d4
 *(.debug_frame)
 .debug_frame   0x00000000       0x30 .\CortexM3\ARM_GCC_541\Debug\main.o
 .debug_frame   0x00000030       0xe4 .\CortexM3\ARM_GCC_541\Debug\cyfitter_cfg.o
 .debug_frame   0x00000114       0xb8 .\CortexM3\ARM_GCC_541\Debug\Cm3Start.o
 .debug_frame   0x000001cc      0x250 .\CortexM3\ARM_GCC_541\Debug\MPS21_Prakt_2.a(UART.o)
 .debug_frame   0x0000041c       0x50 .\CortexM3\ARM_GCC_541\Debug\MPS21_Prakt_2.a(Pin_N_R.o)
 .debug_frame   0x0000046c       0x50 .\CortexM3\ARM_GCC_541\Debug\MPS21_Prakt_2.a(Pin_N_Y.o)
 .debug_frame   0x000004bc       0x50 .\CortexM3\ARM_GCC_541\Debug\MPS21_Prakt_2.a(Pin_N_G.o)
 .debug_frame   0x0000050c       0x50 .\CortexM3\ARM_GCC_541\Debug\MPS21_Prakt_2.a(Pin_E_CW.o)
 .debug_frame   0x0000055c       0x70 .\CortexM3\ARM_GCC_541\Debug\MPS21_Prakt_2.a(Pin_CWEW.o)
 .debug_frame   0x000005cc       0xe0 .\CortexM3\ARM_GCC_541\Debug\MPS21_Prakt_2.a(UART_IntClock.o)
 .debug_frame   0x000006ac      0x738 .\CortexM3\ARM_GCC_541\Debug\MPS21_Prakt_2.a(CyLib.o)
 .debug_frame   0x00000de4      0x1f8 .\CortexM3\ARM_GCC_541\Debug\MPS21_Prakt_2.a(cyPm.o)
 .debug_frame   0x00000fdc      0x194 .\CortexM3\ARM_GCC_541\Debug\MPS21_Prakt_2.a(CyFlash.o)
 .debug_frame   0x00001170      0x180 .\CortexM3\ARM_GCC_541\Debug\MPS21_Prakt_2.a(CySpc.o)
 .debug_frame   0x000012f0       0x20 c:/program files (x86)/cypress/psoc creator/4.4/psoc creator/import/gnu/arm/5.4.1/bin/../lib/gcc/arm-none-eabi/5.4.1/../../../../arm-none-eabi/lib/armv7-m\libg_nano.a(lib_a-errno.o)
 .debug_frame   0x00001310       0x28 c:/program files (x86)/cypress/psoc creator/4.4/psoc creator/import/gnu/arm/5.4.1/bin/../lib/gcc/arm-none-eabi/5.4.1/../../../../arm-none-eabi/lib/armv7-m\libg_nano.a(lib_a-exit.o)
 .debug_frame   0x00001338       0x2c c:/program files (x86)/cypress/psoc creator/4.4/psoc creator/import/gnu/arm/5.4.1/bin/../lib/gcc/arm-none-eabi/5.4.1/../../../../arm-none-eabi/lib/armv7-m\libg_nano.a(lib_a-init.o)
 .debug_frame   0x00001364       0x28 c:/program files (x86)/cypress/psoc creator/4.4/psoc creator/import/gnu/arm/5.4.1/bin/../lib/gcc/arm-none-eabi/5.4.1/../../../../arm-none-eabi/lib/armv7-m\libg_nano.a(lib_a-memcpy-stub.o)
 .debug_frame   0x0000138c       0x20 c:/program files (x86)/cypress/psoc creator/4.4/psoc creator/import/gnu/arm/5.4.1/bin/../lib/gcc/arm-none-eabi/5.4.1/../../../../arm-none-eabi/lib/armv7-m\libg_nano.a(lib_a-memset.o)
 .debug_frame   0x000013ac       0x70 c:/program files (x86)/cypress/psoc creator/4.4/psoc creator/import/gnu/arm/5.4.1/bin/../lib/gcc/arm-none-eabi/5.4.1/../../../../arm-none-eabi/lib/armv7-m\libg_nano.a(lib_a-sprintf.o)
 .debug_frame   0x0000141c       0x90 c:/program files (x86)/cypress/psoc creator/4.4/psoc creator/import/gnu/arm/5.4.1/bin/../lib/gcc/arm-none-eabi/5.4.1/../../../../arm-none-eabi/lib/armv7-m\libg_nano.a(lib_a-nano-svfprintf.o)
 .debug_frame   0x000014ac       0x60 c:/program files (x86)/cypress/psoc creator/4.4/psoc creator/import/gnu/arm/5.4.1/bin/../lib/gcc/arm-none-eabi/5.4.1/../../../../arm-none-eabi/lib/armv7-m\libg_nano.a(lib_a-nano-vfprintf_i.o)
 .debug_frame   0x0000150c       0x28 c:/program files (x86)/cypress/psoc creator/4.4/psoc creator/import/gnu/arm/5.4.1/bin/../lib/gcc/arm-none-eabi/5.4.1/../../../../arm-none-eabi/lib/armv7-m\libg_nano.a(lib_a-memchr-stub.o)
 .debug_frame   0x00001534       0x28 c:/program files (x86)/cypress/psoc creator/4.4/psoc creator/import/gnu/arm/5.4.1/bin/../lib/gcc/arm-none-eabi/5.4.1/../../../../arm-none-eabi/lib/armv7-m\libg_nano.a(lib_a-memmove.o)
 .debug_frame   0x0000155c       0x38 c:/program files (x86)/cypress/psoc creator/4.4/psoc creator/import/gnu/arm/5.4.1/bin/../lib/gcc/arm-none-eabi/5.4.1/../../../../arm-none-eabi/lib/armv7-m\libg_nano.a(lib_a-nano-freer.o)
 .debug_frame   0x00001594       0x2c c:/program files (x86)/cypress/psoc creator/4.4/psoc creator/import/gnu/arm/5.4.1/bin/../lib/gcc/arm-none-eabi/5.4.1/../../../../arm-none-eabi/lib/armv7-m\libg_nano.a(lib_a-nano-mallocr.o)
 .debug_frame   0x000015c0       0x3c c:/program files (x86)/cypress/psoc creator/4.4/psoc creator/import/gnu/arm/5.4.1/bin/../lib/gcc/arm-none-eabi/5.4.1/../../../../arm-none-eabi/lib/armv7-m\libg_nano.a(lib_a-nano-reallocr.o)
 .debug_frame   0x000015fc       0x2c c:/program files (x86)/cypress/psoc creator/4.4/psoc creator/import/gnu/arm/5.4.1/bin/../lib/gcc/arm-none-eabi/5.4.1/../../../../arm-none-eabi/lib/armv7-m\libg_nano.a(lib_a-sbrkr.o)
 .debug_frame   0x00001628       0x30 c:/program files (x86)/cypress/psoc creator/4.4/psoc creator/import/gnu/arm/5.4.1/bin/../lib/gcc/arm-none-eabi/5.4.1/../../../../arm-none-eabi/lib/armv7-m\libg_nano.a(lib_a-mlock.o)
 .debug_frame   0x00001658       0x20 c:/program files (x86)/cypress/psoc creator/4.4/psoc creator/import/gnu/arm/5.4.1/bin/../lib/gcc/arm-none-eabi/5.4.1/../../../../arm-none-eabi/lib/armv7-m\libg_nano.a(lib_a-nano-msizer.o)
 .debug_frame   0x00001678       0x5c c:/program files (x86)/cypress/psoc creator/4.4/psoc creator/import/gnu/arm/5.4.1/bin/../lib/gcc/arm-none-eabi/5.4.1/../../../../arm-none-eabi/lib/armv7-m\libg_nano.a(lib_a-reent.o)

.debug_str      0x00000000     0x199b
 *(.debug_str)
 .debug_str     0x00000000      0x272 .\CortexM3\ARM_GCC_541\Debug\main.o
                                0x2cb (size before relaxing)
 .debug_str     0x00000272      0x187 .\CortexM3\ARM_GCC_541\Debug\cyfitter_cfg.o
                                0x349 (size before relaxing)
 .debug_str     0x000003f9       0x75 .\CortexM3\ARM_GCC_541\Debug\cymetadata.o
                                0x21e (size before relaxing)
 .debug_str     0x0000046e      0x144 .\CortexM3\ARM_GCC_541\Debug\Cm3Start.o
                                0x344 (size before relaxing)
 .debug_str     0x000005b2      0x2ad .\CortexM3\ARM_GCC_541\Debug\MPS21_Prakt_2.a(UART.o)
                                0x4af (size before relaxing)
 .debug_str     0x0000085f       0x5a .\CortexM3\ARM_GCC_541\Debug\MPS21_Prakt_2.a(Pin_N_R.o)
                                0x226 (size before relaxing)
 .debug_str     0x000008b9       0x4a .\CortexM3\ARM_GCC_541\Debug\MPS21_Prakt_2.a(Pin_N_Y.o)
                                0x226 (size before relaxing)
 .debug_str     0x00000903       0x4a .\CortexM3\ARM_GCC_541\Debug\MPS21_Prakt_2.a(Pin_N_G.o)
                                0x226 (size before relaxing)
 .debug_str     0x0000094d       0x4d .\CortexM3\ARM_GCC_541\Debug\MPS21_Prakt_2.a(Pin_E_CW.o)
                                0x22b (size before relaxing)
 .debug_str     0x0000099a       0x97 .\CortexM3\ARM_GCC_541\Debug\MPS21_Prakt_2.a(Pin_CWEW.o)
                                0x26d (size before relaxing)
 .debug_str     0x00000a31      0x189 .\CortexM3\ARM_GCC_541\Debug\MPS21_Prakt_2.a(UART_IntClock.o)
                                0x370 (size before relaxing)
 .debug_str     0x00000bba      0x81c .\CortexM3\ARM_GCC_541\Debug\MPS21_Prakt_2.a(CyLib.o)
                                0xa81 (size before relaxing)
 .debug_str     0x000013d6      0x365 .\CortexM3\ARM_GCC_541\Debug\MPS21_Prakt_2.a(cyPm.o)
                                0x76d (size before relaxing)
 .debug_str     0x0000173b      0x1b4 .\CortexM3\ARM_GCC_541\Debug\MPS21_Prakt_2.a(CyFlash.o)
                                0x3fa (size before relaxing)
 .debug_str     0x000018ef       0xac .\CortexM3\ARM_GCC_541\Debug\MPS21_Prakt_2.a(CySpc.o)
                                0x372 (size before relaxing)

.debug_loc      0x00000000     0x1f2a
 *(.debug_loc)
 .debug_loc     0x00000000       0x53 .\CortexM3\ARM_GCC_541\Debug\main.o
 .debug_loc     0x00000053      0x1d7 .\CortexM3\ARM_GCC_541\Debug\cyfitter_cfg.o
 .debug_loc     0x0000022a      0x144 .\CortexM3\ARM_GCC_541\Debug\Cm3Start.o
 .debug_loc     0x0000036e      0x258 .\CortexM3\ARM_GCC_541\Debug\MPS21_Prakt_2.a(UART.o)
 .debug_loc     0x000005c6       0x42 .\CortexM3\ARM_GCC_541\Debug\MPS21_Prakt_2.a(Pin_N_R.o)
 .debug_loc     0x00000608       0x42 .\CortexM3\ARM_GCC_541\Debug\MPS21_Prakt_2.a(Pin_N_Y.o)
 .debug_loc     0x0000064a       0x42 .\CortexM3\ARM_GCC_541\Debug\MPS21_Prakt_2.a(Pin_N_G.o)
 .debug_loc     0x0000068c       0x42 .\CortexM3\ARM_GCC_541\Debug\MPS21_Prakt_2.a(Pin_E_CW.o)
 .debug_loc     0x000006ce       0x84 .\CortexM3\ARM_GCC_541\Debug\MPS21_Prakt_2.a(Pin_CWEW.o)
 .debug_loc     0x00000752      0x12c .\CortexM3\ARM_GCC_541\Debug\MPS21_Prakt_2.a(UART_IntClock.o)
 .debug_loc     0x0000087e      0xa11 .\CortexM3\ARM_GCC_541\Debug\MPS21_Prakt_2.a(CyLib.o)
 .debug_loc     0x0000128f      0x1e4 .\CortexM3\ARM_GCC_541\Debug\MPS21_Prakt_2.a(cyPm.o)
 .debug_loc     0x00001473      0x3b2 .\CortexM3\ARM_GCC_541\Debug\MPS21_Prakt_2.a(CyFlash.o)
 .debug_loc     0x00001825      0x705 .\CortexM3\ARM_GCC_541\Debug\MPS21_Prakt_2.a(CySpc.o)

.debug_macinfo
 *(.debug_macinfo)

.debug_ranges   0x00000000      0x6a8
 *(.debug_ranges)
 .debug_ranges  0x00000000       0x10 .\CortexM3\ARM_GCC_541\Debug\main.o
 .debug_ranges  0x00000010       0x48 .\CortexM3\ARM_GCC_541\Debug\cyfitter_cfg.o
 .debug_ranges  0x00000058       0x38 .\CortexM3\ARM_GCC_541\Debug\Cm3Start.o
 .debug_ranges  0x00000090       0xe0 .\CortexM3\ARM_GCC_541\Debug\MPS21_Prakt_2.a(UART.o)
 .debug_ranges  0x00000170       0x28 .\CortexM3\ARM_GCC_541\Debug\MPS21_Prakt_2.a(Pin_N_R.o)
 .debug_ranges  0x00000198       0x28 .\CortexM3\ARM_GCC_541\Debug\MPS21_Prakt_2.a(Pin_N_Y.o)
 .debug_ranges  0x000001c0       0x28 .\CortexM3\ARM_GCC_541\Debug\MPS21_Prakt_2.a(Pin_N_G.o)
 .debug_ranges  0x000001e8       0x28 .\CortexM3\ARM_GCC_541\Debug\MPS21_Prakt_2.a(Pin_E_CW.o)
 .debug_ranges  0x00000210       0x38 .\CortexM3\ARM_GCC_541\Debug\MPS21_Prakt_2.a(Pin_CWEW.o)
 .debug_ranges  0x00000248       0x60 .\CortexM3\ARM_GCC_541\Debug\MPS21_Prakt_2.a(UART_IntClock.o)
 .debug_ranges  0x000002a8      0x290 .\CortexM3\ARM_GCC_541\Debug\MPS21_Prakt_2.a(CyLib.o)
 .debug_ranges  0x00000538       0x88 .\CortexM3\ARM_GCC_541\Debug\MPS21_Prakt_2.a(cyPm.o)
 .debug_ranges  0x000005c0       0x78 .\CortexM3\ARM_GCC_541\Debug\MPS21_Prakt_2.a(CyFlash.o)
 .debug_ranges  0x00000638       0x70 .\CortexM3\ARM_GCC_541\Debug\MPS21_Prakt_2.a(CySpc.o)

.comment        0x00000000       0x6e
 .comment       0x00000000       0x6e .\CortexM3\ARM_GCC_541\Debug\main.o
                                 0x6f (size before relaxing)
 .comment       0x0000006e       0x6f .\CortexM3\ARM_GCC_541\Debug\cyfitter_cfg.o
 .comment       0x0000006e       0x6f .\CortexM3\ARM_GCC_541\Debug\cymetadata.o
 .comment       0x0000006e       0x6f .\CortexM3\ARM_GCC_541\Debug\Cm3Start.o
 .comment       0x0000006e       0x6f .\CortexM3\ARM_GCC_541\Debug\MPS21_Prakt_2.a(UART.o)
 .comment       0x0000006e       0x6f .\CortexM3\ARM_GCC_541\Debug\MPS21_Prakt_2.a(Pin_N_R.o)
 .comment       0x0000006e       0x6f .\CortexM3\ARM_GCC_541\Debug\MPS21_Prakt_2.a(Pin_N_Y.o)
 .comment       0x0000006e       0x6f .\CortexM3\ARM_GCC_541\Debug\MPS21_Prakt_2.a(Pin_N_G.o)
 .comment       0x0000006e       0x6f .\CortexM3\ARM_GCC_541\Debug\MPS21_Prakt_2.a(Pin_E_CW.o)
 .comment       0x0000006e       0x6f .\CortexM3\ARM_GCC_541\Debug\MPS21_Prakt_2.a(Pin_CWEW.o)
 .comment       0x0000006e       0x6f .\CortexM3\ARM_GCC_541\Debug\MPS21_Prakt_2.a(UART_IntClock.o)
 .comment       0x0000006e       0x6f .\CortexM3\ARM_GCC_541\Debug\MPS21_Prakt_2.a(CyLib.o)
 .comment       0x0000006e       0x6f .\CortexM3\ARM_GCC_541\Debug\MPS21_Prakt_2.a(cyPm.o)
 .comment       0x0000006e       0x6f .\CortexM3\ARM_GCC_541\Debug\MPS21_Prakt_2.a(CyFlash.o)
 .comment       0x0000006e       0x6f .\CortexM3\ARM_GCC_541\Debug\MPS21_Prakt_2.a(CySpc.o)

.debug_weaknames
 *(.debug_weaknames)

.debug_funcnames
 *(.debug_funcnames)

.debug_typenames
 *(.debug_typenames)

.debug_varnames
 *(.debug_varnames)

.note.gnu.arm.ident
 *(.note.gnu.arm.ident)

.ARM.attributes
                0x00000000       0x29
 *(.ARM.attributes)
 .ARM.attributes
                0x00000000       0x1d c:/program files (x86)/cypress/psoc creator/4.4/psoc creator/import/gnu/arm/5.4.1/bin/../lib/gcc/arm-none-eabi/5.4.1/armv7-m/crti.o
 .ARM.attributes
                0x0000001d       0x2d c:/program files (x86)/cypress/psoc creator/4.4/psoc creator/import/gnu/arm/5.4.1/bin/../lib/gcc/arm-none-eabi/5.4.1/armv7-m/crtbegin.o
 .ARM.attributes
                0x0000004a       0x1b c:/program files (x86)/cypress/psoc creator/4.4/psoc creator/import/gnu/arm/5.4.1/bin/../lib/gcc/arm-none-eabi/5.4.1/../../../../arm-none-eabi/lib/armv7-m/crt0.o
 .ARM.attributes
                0x00000065       0x33 .\CortexM3\ARM_GCC_541\Debug\main.o
 .ARM.attributes
                0x00000098       0x33 .\CortexM3\ARM_GCC_541\Debug\cyfitter_cfg.o
 .ARM.attributes
                0x000000cb       0x33 .\CortexM3\ARM_GCC_541\Debug\cymetadata.o
 .ARM.attributes
                0x000000fe       0x33 .\CortexM3\ARM_GCC_541\Debug\Cm3Start.o
 .ARM.attributes
                0x00000131       0x33 .\CortexM3\ARM_GCC_541\Debug\MPS21_Prakt_2.a(UART.o)
 .ARM.attributes
                0x00000164       0x33 .\CortexM3\ARM_GCC_541\Debug\MPS21_Prakt_2.a(Pin_N_R.o)
 .ARM.attributes
                0x00000197       0x33 .\CortexM3\ARM_GCC_541\Debug\MPS21_Prakt_2.a(Pin_N_Y.o)
 .ARM.attributes
                0x000001ca       0x33 .\CortexM3\ARM_GCC_541\Debug\MPS21_Prakt_2.a(Pin_N_G.o)
 .ARM.attributes
                0x000001fd       0x33 .\CortexM3\ARM_GCC_541\Debug\MPS21_Prakt_2.a(Pin_E_CW.o)
 .ARM.attributes
                0x00000230       0x33 .\CortexM3\ARM_GCC_541\Debug\MPS21_Prakt_2.a(Pin_CWEW.o)
 .ARM.attributes
                0x00000263       0x33 .\CortexM3\ARM_GCC_541\Debug\MPS21_Prakt_2.a(UART_IntClock.o)
 .ARM.attributes
                0x00000296       0x33 .\CortexM3\ARM_GCC_541\Debug\MPS21_Prakt_2.a(CyLib.o)
 .ARM.attributes
                0x000002c9       0x33 .\CortexM3\ARM_GCC_541\Debug\MPS21_Prakt_2.a(cyPm.o)
 .ARM.attributes
                0x000002fc       0x21 .\CortexM3\ARM_GCC_541\Debug\MPS21_Prakt_2.a(CyBootAsmGnu.o)
 .ARM.attributes
                0x0000031d       0x33 .\CortexM3\ARM_GCC_541\Debug\MPS21_Prakt_2.a(CyFlash.o)
 .ARM.attributes
                0x00000350       0x33 .\CortexM3\ARM_GCC_541\Debug\MPS21_Prakt_2.a(CySpc.o)
 .ARM.attributes
                0x00000383       0x2d c:/program files (x86)/cypress/psoc creator/4.4/psoc creator/import/gnu/arm/5.4.1/bin/../lib/gcc/arm-none-eabi/5.4.1/../../../../arm-none-eabi/lib/armv7-m\libg_nano.a(lib_a-errno.o)
 .ARM.attributes
                0x000003b0       0x2d c:/program files (x86)/cypress/psoc creator/4.4/psoc creator/import/gnu/arm/5.4.1/bin/../lib/gcc/arm-none-eabi/5.4.1/../../../../arm-none-eabi/lib/armv7-m\libg_nano.a(lib_a-exit.o)
 .ARM.attributes
                0x000003dd       0x2d c:/program files (x86)/cypress/psoc creator/4.4/psoc creator/import/gnu/arm/5.4.1/bin/../lib/gcc/arm-none-eabi/5.4.1/../../../../arm-none-eabi/lib/armv7-m\libg_nano.a(lib_a-impure.o)
 .ARM.attributes
                0x0000040a       0x2d c:/program files (x86)/cypress/psoc creator/4.4/psoc creator/import/gnu/arm/5.4.1/bin/../lib/gcc/arm-none-eabi/5.4.1/../../../../arm-none-eabi/lib/armv7-m\libg_nano.a(lib_a-init.o)
 .ARM.attributes
                0x00000437       0x2d c:/program files (x86)/cypress/psoc creator/4.4/psoc creator/import/gnu/arm/5.4.1/bin/../lib/gcc/arm-none-eabi/5.4.1/../../../../arm-none-eabi/lib/armv7-m\libg_nano.a(lib_a-memcpy-stub.o)
 .ARM.attributes
                0x00000464       0x2d c:/program files (x86)/cypress/psoc creator/4.4/psoc creator/import/gnu/arm/5.4.1/bin/../lib/gcc/arm-none-eabi/5.4.1/../../../../arm-none-eabi/lib/armv7-m\libg_nano.a(lib_a-memset.o)
 .ARM.attributes
                0x00000491       0x2d c:/program files (x86)/cypress/psoc creator/4.4/psoc creator/import/gnu/arm/5.4.1/bin/../lib/gcc/arm-none-eabi/5.4.1/../../../../arm-none-eabi/lib/armv7-m\libg_nano.a(lib_a-sprintf.o)
 .ARM.attributes
                0x000004be       0x2d c:/program files (x86)/cypress/psoc creator/4.4/psoc creator/import/gnu/arm/5.4.1/bin/../lib/gcc/arm-none-eabi/5.4.1/../../../../arm-none-eabi/lib/armv7-m\libg_nano.a(lib_a-nano-svfprintf.o)
 .ARM.attributes
                0x000004eb       0x2d c:/program files (x86)/cypress/psoc creator/4.4/psoc creator/import/gnu/arm/5.4.1/bin/../lib/gcc/arm-none-eabi/5.4.1/../../../../arm-none-eabi/lib/armv7-m\libg_nano.a(lib_a-nano-vfprintf_i.o)
 .ARM.attributes
                0x00000518       0x2d c:/program files (x86)/cypress/psoc creator/4.4/psoc creator/import/gnu/arm/5.4.1/bin/../lib/gcc/arm-none-eabi/5.4.1/../../../../arm-none-eabi/lib/armv7-m\libg_nano.a(lib_a-memchr-stub.o)
 .ARM.attributes
                0x00000545       0x2d c:/program files (x86)/cypress/psoc creator/4.4/psoc creator/import/gnu/arm/5.4.1/bin/../lib/gcc/arm-none-eabi/5.4.1/../../../../arm-none-eabi/lib/armv7-m\libg_nano.a(lib_a-memmove.o)
 .ARM.attributes
                0x00000572       0x2d c:/program files (x86)/cypress/psoc creator/4.4/psoc creator/import/gnu/arm/5.4.1/bin/../lib/gcc/arm-none-eabi/5.4.1/../../../../arm-none-eabi/lib/armv7-m\libg_nano.a(lib_a-nano-freer.o)
 .ARM.attributes
                0x0000059f       0x2d c:/program files (x86)/cypress/psoc creator/4.4/psoc creator/import/gnu/arm/5.4.1/bin/../lib/gcc/arm-none-eabi/5.4.1/../../../../arm-none-eabi/lib/armv7-m\libg_nano.a(lib_a-nano-mallocr.o)
 .ARM.attributes
                0x000005cc       0x2d c:/program files (x86)/cypress/psoc creator/4.4/psoc creator/import/gnu/arm/5.4.1/bin/../lib/gcc/arm-none-eabi/5.4.1/../../../../arm-none-eabi/lib/armv7-m\libg_nano.a(lib_a-nano-reallocr.o)
 .ARM.attributes
                0x000005f9       0x2d c:/program files (x86)/cypress/psoc creator/4.4/psoc creator/import/gnu/arm/5.4.1/bin/../lib/gcc/arm-none-eabi/5.4.1/../../../../arm-none-eabi/lib/armv7-m\libg_nano.a(lib_a-sbrkr.o)
 .ARM.attributes
                0x00000626       0x2d c:/program files (x86)/cypress/psoc creator/4.4/psoc creator/import/gnu/arm/5.4.1/bin/../lib/gcc/arm-none-eabi/5.4.1/../../../../arm-none-eabi/lib/armv7-m\libg_nano.a(lib_a-mlock.o)
 .ARM.attributes
                0x00000653       0x2d c:/program files (x86)/cypress/psoc creator/4.4/psoc creator/import/gnu/arm/5.4.1/bin/../lib/gcc/arm-none-eabi/5.4.1/../../../../arm-none-eabi/lib/armv7-m\libg_nano.a(lib_a-nano-msizer.o)
 .ARM.attributes
                0x00000680       0x2d c:/program files (x86)/cypress/psoc creator/4.4/psoc creator/import/gnu/arm/5.4.1/bin/../lib/gcc/arm-none-eabi/5.4.1/../../../../arm-none-eabi/lib/armv7-m\libg_nano.a(lib_a-reent.o)
 .ARM.attributes
                0x000006ad       0x2d c:/program files (x86)/cypress/psoc creator/4.4/psoc creator/import/gnu/arm/5.4.1/bin/../lib/gcc/arm-none-eabi/5.4.1/armv7-m/crtend.o
 .ARM.attributes
                0x000006da       0x1d c:/program files (x86)/cypress/psoc creator/4.4/psoc creator/import/gnu/arm/5.4.1/bin/../lib/gcc/arm-none-eabi/5.4.1/armv7-m/crtn.o

/DISCARD/
 *(.note.GNU-stack)
OUTPUT(D:\Dokumente\Programming\Uni\Semester-3\MPS\mi6y_ws2122_zill-sebastian-769544\Praktikum_2\MPS21_Prakt_2\MPS21_Prakt_2.cydsn\CortexM3\ARM_GCC_541\Debug\MPS21_Prakt_2.elf elf32-littlearm)
