Archive member included to satisfy reference by file (symbol)

.\CortexM3\ARM_GCC_541\Debug\MPS21_Prakt_4.a(UART.o)
                              .\CortexM3\ARM_GCC_541\Debug\main.o (UART_Start)
.\CortexM3\ARM_GCC_541\Debug\MPS21_Prakt_4.a(isr_UART_RX.o)
                              .\CortexM3\ARM_GCC_541\Debug\main.o (isr_UART_RX_StartEx)
.\CortexM3\ARM_GCC_541\Debug\MPS21_Prakt_4.a(Pin_N_R.o)
                              .\CortexM3\ARM_GCC_541\Debug\main.o (Pin_N_R_Write)
.\CortexM3\ARM_GCC_541\Debug\MPS21_Prakt_4.a(Pin_N_Y.o)
                              .\CortexM3\ARM_GCC_541\Debug\main.o (Pin_N_Y_Write)
.\CortexM3\ARM_GCC_541\Debug\MPS21_Prakt_4.a(Pin_N_G.o)
                              .\CortexM3\ARM_GCC_541\Debug\main.o (Pin_N_G_Write)
.\CortexM3\ARM_GCC_541\Debug\MPS21_Prakt_4.a(Pin_S_R.o)
                              .\CortexM3\ARM_GCC_541\Debug\main.o (Pin_S_R_Write)
.\CortexM3\ARM_GCC_541\Debug\MPS21_Prakt_4.a(Pin_S_Y.o)
                              .\CortexM3\ARM_GCC_541\Debug\main.o (Pin_S_Y_Write)
.\CortexM3\ARM_GCC_541\Debug\MPS21_Prakt_4.a(Pin_S_G.o)
                              .\CortexM3\ARM_GCC_541\Debug\main.o (Pin_S_G_Write)
.\CortexM3\ARM_GCC_541\Debug\MPS21_Prakt_4.a(Pin_W_R.o)
                              .\CortexM3\ARM_GCC_541\Debug\main.o (Pin_W_R_Write)
.\CortexM3\ARM_GCC_541\Debug\MPS21_Prakt_4.a(Pin_W_Y.o)
                              .\CortexM3\ARM_GCC_541\Debug\main.o (Pin_W_Y_Write)
.\CortexM3\ARM_GCC_541\Debug\MPS21_Prakt_4.a(Pin_W_G.o)
                              .\CortexM3\ARM_GCC_541\Debug\main.o (Pin_W_G_Write)
.\CortexM3\ARM_GCC_541\Debug\MPS21_Prakt_4.a(Pin_E_CW.o)
                              .\CortexM3\ARM_GCC_541\Debug\main.o (Pin_E_CW_Write)
.\CortexM3\ARM_GCC_541\Debug\MPS21_Prakt_4.a(Pin_S_CW.o)
                              .\CortexM3\ARM_GCC_541\Debug\main.o (Pin_S_CW_Write)
.\CortexM3\ARM_GCC_541\Debug\MPS21_Prakt_4.a(Pin_CWEW.o)
                              .\CortexM3\ARM_GCC_541\Debug\main.o (Pin_CWEW_ClearInterrupt)
.\CortexM3\ARM_GCC_541\Debug\MPS21_Prakt_4.a(isr_CWEW.o)
                              .\CortexM3\ARM_GCC_541\Debug\main.o (isr_CWEW_StartEx)
.\CortexM3\ARM_GCC_541\Debug\MPS21_Prakt_4.a(PWM.o)
                              .\CortexM3\ARM_GCC_541\Debug\main.o (PWM_Start)
.\CortexM3\ARM_GCC_541\Debug\MPS21_Prakt_4.a(isr_Clk.o)
                              .\CortexM3\ARM_GCC_541\Debug\main.o (isr_Clk_StartEx)
.\CortexM3\ARM_GCC_541\Debug\MPS21_Prakt_4.a(UART_IntClock.o)
                              .\CortexM3\ARM_GCC_541\Debug\MPS21_Prakt_4.a(UART.o) (UART_IntClock_Start)
.\CortexM3\ARM_GCC_541\Debug\MPS21_Prakt_4.a(CyLib.o)
                              .\CortexM3\ARM_GCC_541\Debug\Cm3Start.o (CyResetStatus)
.\CortexM3\ARM_GCC_541\Debug\MPS21_Prakt_4.a(cyPm.o)
                              .\CortexM3\ARM_GCC_541\Debug\MPS21_Prakt_4.a(CyLib.o) (CyPmReadStatus)
.\CortexM3\ARM_GCC_541\Debug\MPS21_Prakt_4.a(CyBootAsmGnu.o)
                              .\CortexM3\ARM_GCC_541\Debug\cyfitter_cfg.o (CyDelayCycles)
.\CortexM3\ARM_GCC_541\Debug\MPS21_Prakt_4.a(CyFlash.o)
                              .\CortexM3\ARM_GCC_541\Debug\MPS21_Prakt_4.a(cyPm.o) (CyFlash_SetWaitCycles)
.\CortexM3\ARM_GCC_541\Debug\MPS21_Prakt_4.a(CySpc.o)
                              .\CortexM3\ARM_GCC_541\Debug\MPS21_Prakt_4.a(CyFlash.o) (CySpcStart)
c:/program files (x86)/cypress/psoc creator/4.4/psoc creator/import/gnu/arm/5.4.1/bin/../lib/gcc/arm-none-eabi/5.4.1/../../../../arm-none-eabi/lib/armv7-m\libg_nano.a(lib_a-errno.o)
                              .\CortexM3\ARM_GCC_541\Debug\Cm3Start.o (__errno)
c:/program files (x86)/cypress/psoc creator/4.4/psoc creator/import/gnu/arm/5.4.1/bin/../lib/gcc/arm-none-eabi/5.4.1/../../../../arm-none-eabi/lib/armv7-m\libg_nano.a(lib_a-exit.o)
                              c:/program files (x86)/cypress/psoc creator/4.4/psoc creator/import/gnu/arm/5.4.1/bin/../lib/gcc/arm-none-eabi/5.4.1/../../../../arm-none-eabi/lib/armv7-m/crt0.o (exit)
c:/program files (x86)/cypress/psoc creator/4.4/psoc creator/import/gnu/arm/5.4.1/bin/../lib/gcc/arm-none-eabi/5.4.1/../../../../arm-none-eabi/lib/armv7-m\libg_nano.a(lib_a-impure.o)
                              c:/program files (x86)/cypress/psoc creator/4.4/psoc creator/import/gnu/arm/5.4.1/bin/../lib/gcc/arm-none-eabi/5.4.1/../../../../arm-none-eabi/lib/armv7-m\libg_nano.a(lib_a-exit.o) (_global_impure_ptr)
c:/program files (x86)/cypress/psoc creator/4.4/psoc creator/import/gnu/arm/5.4.1/bin/../lib/gcc/arm-none-eabi/5.4.1/../../../../arm-none-eabi/lib/armv7-m\libg_nano.a(lib_a-init.o)
                              c:/program files (x86)/cypress/psoc creator/4.4/psoc creator/import/gnu/arm/5.4.1/bin/../lib/gcc/arm-none-eabi/5.4.1/../../../../arm-none-eabi/lib/armv7-m/crt0.o (__libc_init_array)
c:/program files (x86)/cypress/psoc creator/4.4/psoc creator/import/gnu/arm/5.4.1/bin/../lib/gcc/arm-none-eabi/5.4.1/../../../../arm-none-eabi/lib/armv7-m\libg_nano.a(lib_a-memcpy-stub.o)
[...]
Memory Configuration

Name             Origin             Length             Attributes
rom              0x00000000         0x00040000         xr
ram              0x1fff8000         0x00010000         xrw
*default*        0x00000000         0xffffffff

Linker script and memory map

LOAD c:/program files (x86)/cypress/psoc creator/4.4/psoc creator/import/gnu/arm/5.4.1/bin/../lib/gcc/arm-none-eabi/5.4.1/armv7-m/crti.o
LOAD c:/program files (x86)/cypress/psoc creator/4.4/psoc creator/import/gnu/arm/5.4.1/bin/../lib/gcc/arm-none-eabi/5.4.1/armv7-m/crtbegin.o
LOAD c:/program files (x86)/cypress/psoc creator/4.4/psoc creator/import/gnu/arm/5.4.1/bin/../lib/gcc/arm-none-eabi/5.4.1/../../../../arm-none-eabi/lib/armv7-m/crt0.o
START GROUP
LOAD .\CortexM3\ARM_GCC_541\Debug\main.o
LOAD .\CortexM3\ARM_GCC_541\Debug\cyfitter_cfg.o
LOAD .\CortexM3\ARM_GCC_541\Debug\cymetadata.o
LOAD .\CortexM3\ARM_GCC_541\Debug\Cm3Start.o
LOAD .\CortexM3\ARM_GCC_541\Debug\MPS21_Prakt_4.a
LOAD C:\Program Files (x86)\Cypress\PSoC Creator\4.4\PSoC Creator\psoc\content\cycomponentlibrary\CyComponentLibrary.cylib\CortexM3\ARM_GCC_541\Debug\CyComponentLibrary.a
END GROUP
START GROUP
LOAD c:/program files (x86)/cypress/psoc creator/4.4/psoc creator/import/gnu/arm/5.4.1/bin/../lib/gcc/arm-none-eabi/5.4.1/armv7-m\libgcc.a
LOAD c:/program files (x86)/cypress/psoc creator/4.4/psoc creator/import/gnu/arm/5.4.1/bin/../lib/gcc/arm-none-eabi/5.4.1/../../../../arm-none-eabi/lib/armv7-m\libg_nano.a
LOAD c:/program files (x86)/cypress/psoc creator/4.4/psoc creator/import/gnu/arm/5.4.1/bin/../lib/gcc/arm-none-eabi/5.4.1/../../../../arm-none-eabi/lib/armv7-m\libc_nano.a
END GROUP
START GROUP
LOAD c:/program files (x86)/cypress/psoc creator/4.4/psoc creator/import/gnu/arm/5.4.1/bin/../lib/gcc/arm-none-eabi/5.4.1/armv7-m\libgcc.a
LOAD c:/program files (x86)/cypress/psoc creator/4.4/psoc creator/import/gnu/arm/5.4.1/bin/../lib/gcc/arm-none-eabi/5.4.1/../../../../arm-none-eabi/lib/armv7-m\libc_nano.a
END GROUP
LOAD c:/program files (x86)/cypress/psoc creator/4.4/psoc creator/import/gnu/arm/5.4.1/bin/../lib/gcc/arm-none-eabi/5.4.1/armv7-m/crtend.o
LOAD c:/program files (x86)/cypress/psoc creator/4.4/psoc creator/import/gnu/arm/5.4.1/bin/../lib/gcc/arm-none-eabi/5.4.1/armv7-m/crtn.o
START GROUP
LOAD c:/program files (x86)/cypress/psoc creator/4.4/psoc creator/import/gnu/arm/5.4.1/bin/../lib/gcc/arm-none-eabi/5.4.1/armv7-m\libgcc.a
LOAD c:/program files (x86)/cypress/psoc creator/4.4/psoc creator/import/gnu/arm/5.4.1/bin/../lib/gcc/arm-none-eabi/5.4.1/../../../../arm-none-eabi/lib/armv7-m\libc.a
LOAD c:/program files (x86)/cypress/psoc creator/4.4/psoc creator/import/gnu/arm/5.4.1/bin/../lib/gcc/arm-none-eabi/5.4.1/../../../../arm-none-eabi/lib/armv7-m\libnosys.a
END GROUP
                0x00000000                CY_APPL_ORIGIN = 0x0
                0x00000100                CY_FLASH_ROW_SIZE = 0x100
                0x00000020                CY_ECC_ROW_SIZE = 0x20
                0x00000000                CY_EE_IN_BTLDR = 0x0
                0x00000000                CY_APPL_LOADABLE = 0x0
                0x00000800                CY_EE_SIZE = 0x800
                0x00000001                CY_APPL_NUM = 0x1
                0x00000001                CY_APPL_MAX = 0x1
                0x00000040                CY_METADATA_SIZE = 0x40
                0x00000000                CY_APPL_LOADABLE = 0x0
                0x00000000                CY_CHECKSUM_EXCLUDE_SIZE = ALIGN (0x0, CY_FLASH_ROW_SIZE)
                [!provide]                PROVIDE (__cy_heap_start, _end)
                0x00000001                PROVIDE (__cy_region_num, ((__cy_regions_end - __cy_regions) / 0x10))
                0x20008000                PROVIDE (__cy_stack, (ORIGIN (ram) + LENGTH (ram)))
                [!provide]                PROVIDE (__cy_heap_end, (__cy_stack - 0x800))

.cybootloader   0x00000000        0x0
 *(.cybootloader)
                0x00000000                appl1_start = CY_APPL_ORIGIN?CY_APPL_ORIGIN:ALIGN (CY_FLASH_ROW_SIZE)
                0x0001ff00                appl2_start = (appl1_start + ALIGN ((((LENGTH (rom) - appl1_start) - (0x2 * CY_FLASH_ROW_SIZE)) / 0x2), CY_FLASH_ROW_SIZE))
                0x00000000                appl_start = (CY_APPL_NUM == 0x1)?appl1_start:appl2_start
                0x00000000                ecc_offset = ((appl_start / CY_FLASH_ROW_SIZE) * CY_ECC_ROW_SIZE)
                0x00000000                ee_offset = (CY_APPL_LOADABLE && ! (CY_EE_IN_BTLDR))?((CY_EE_SIZE / CY_APPL_MAX) * (CY_APPL_NUM - 0x1)):0x0
                0x00000800                ee_size = (CY_APPL_LOADABLE && ! (CY_EE_IN_BTLDR))?(CY_EE_SIZE / CY_APPL_MAX):CY_EE_SIZE
                [!provide]                PROVIDE (CY_ECC_OFFSET, ecc_offset)

.text           0x00000000     0x1ab8
 CREATE_OBJECT_SYMBOLS
                0x00000000                PROVIDE (__cy_interrupt_vector, RomVectors)
 *(.romvectors)
 .romvectors    0x00000000       0x10 .\CortexM3\ARM_GCC_541\Debug\Cm3Start.o
                0x00000000                RomVectors
                0x00000001                ASSERT ((. != __cy_interrupt_vector), No interrupt vector)
                0x00000001                ASSERT (CY_APPL_ORIGIN?(SIZEOF (.cybootloader) <= CY_APPL_ORIGIN):0x1, Wrong image location)
                0x00000010                PROVIDE (__cy_reset, Reset)
 *(.text.Reset)
 .text.Reset    0x00000010       0x18 .\CortexM3\ARM_GCC_541\Debug\Cm3Start.o
                0x00000010                Reset
                0x00000001                ASSERT ((. != __cy_reset), No reset code)
 *(.dma_init)
                0x00000001                ASSERT ((((appl_start + .) <= 0x10000) || 0x1), DMA Init must be within the first 64k of flash)
 *(.text .text.* .gnu.linkonce.t.*)
 .text          0x00000028       0x5c c:/program files (x86)/cypress/psoc creator/4.4/psoc creator/import/gnu/arm/5.4.1/bin/../lib/gcc/arm-none-eabi/5.4.1/armv7-m/crtbegin.o
 .text.itoLED   0x00000084       0x20 .\CortexM3\ARM_GCC_541\Debug\main.o
                0x00000084                itoLED
 .text.MyIsrUartRX
                0x000000a4       0x18 .\CortexM3\ARM_GCC_541\Debug\main.o
                0x000000a4                MyIsrUartRX
 .text.MyIsrCWEW
                0x000000bc       0x20 .\CortexM3\ARM_GCC_541\Debug\main.o
                0x000000bc                MyIsrCWEW
 .text.IsrAppClk
                0x000000dc       0x44 .\CortexM3\ARM_GCC_541\Debug\main.o
                0x000000dc                IsrAppClk
 .text.setLightsFromArray
                0x00000120       0xe8 .\CortexM3\ARM_GCC_541\Debug\main.o
                0x00000120                setLightsFromArray
 .text.handleIntersection
                0x00000208      0x138 .\CortexM3\ARM_GCC_541\Debug\main.o
                0x00000208                handleIntersection
 .text.main     0x00000340      0x118 .\CortexM3\ARM_GCC_541\Debug\main.o
                0x00000340                main
 .text.CYMEMZERO
                0x00000458       0x1c .\CortexM3\ARM_GCC_541\Debug\cyfitter_cfg.o
 .text.CYCONFIGCPY
                0x00000474       0x20 .\CortexM3\ARM_GCC_541\Debug\cyfitter_cfg.o
 .text.CyClockStartupError
                0x00000494        0xc .\CortexM3\ARM_GCC_541\Debug\cyfitter_cfg.o
 .text.cfg_write_bytes32
                0x000004a0       0x74 .\CortexM3\ARM_GCC_541\Debug\cyfitter_cfg.o
 .text.ClockSetup
                0x00000514      0x12c .\CortexM3\ARM_GCC_541\Debug\cyfitter_cfg.o
 .text.AnalogSetDefault
                0x00000640       0x44 .\CortexM3\ARM_GCC_541\Debug\cyfitter_cfg.o
 .text.cyfitter_cfg
                0x00000684      0x158 .\CortexM3\ARM_GCC_541\Debug\cyfitter_cfg.o
                0x00000684                cyfitter_cfg
 .text.IntDefaultHandler
                0x000007dc       0x14 .\CortexM3\ARM_GCC_541\Debug\Cm3Start.o
                0x000007dc                IntDefaultHandler
 .text._sbrk    0x000007f0       0x50 .\CortexM3\ARM_GCC_541\Debug\Cm3Start.o
                0x000007f0                _sbrk
 .text.Start_c  0x00000840       0x98 .\CortexM3\ARM_GCC_541\Debug\Cm3Start.o
                0x00000840                Start_c
 .text.initialize_psoc
                0x000008d8       0x90 .\CortexM3\ARM_GCC_541\Debug\Cm3Start.o
                0x000008d8                initialize_psoc
 .text.UART_Start
                0x00000968       0x24 .\CortexM3\ARM_GCC_541\Debug\MPS21_Prakt_4.a(UART.o)
                0x00000968                UART_Start
 .text.UART_Init
                0x0000098c       0x40 .\CortexM3\ARM_GCC_541\Debug\MPS21_Prakt_4.a(UART.o)
                0x0000098c                UART_Init
 .text.UART_Enable
                0x000009cc       0x60 .\CortexM3\ARM_GCC_541\Debug\MPS21_Prakt_4.a(UART.o)
                0x000009cc                UART_Enable
 .text.UART_GetChar
                0x00000a2c       0x44 .\CortexM3\ARM_GCC_541\Debug\MPS21_Prakt_4.a(UART.o)
                0x00000a2c                UART_GetChar
 .text.UART_PutChar
                0x00000a70       0x34 .\CortexM3\ARM_GCC_541\Debug\MPS21_Prakt_4.a(UART.o)
                0x00000a70                UART_PutChar
 .text.UART_PutString
                0x00000aa4       0x44 .\CortexM3\ARM_GCC_541\Debug\MPS21_Prakt_4.a(UART.o)
                0x00000aa4                UART_PutString
 .text.isr_UART_RX_StartEx
                0x00000ae8       0x24 .\CortexM3\ARM_GCC_541\Debug\MPS21_Prakt_4.a(isr_UART_RX.o)
                0x00000ae8                isr_UART_RX_StartEx
 .text.isr_UART_RX_SetVector
                0x00000b0c       0x24 .\CortexM3\ARM_GCC_541\Debug\MPS21_Prakt_4.a(isr_UART_RX.o)
                0x00000b0c                isr_UART_RX_SetVector
 .text.isr_UART_RX_SetPriority
                0x00000b30       0x24 .\CortexM3\ARM_GCC_541\Debug\MPS21_Prakt_4.a(isr_UART_RX.o)
                0x00000b30                isr_UART_RX_SetPriority
 .text.isr_UART_RX_Enable
                0x00000b54       0x18 .\CortexM3\ARM_GCC_541\Debug\MPS21_Prakt_4.a(isr_UART_RX.o)
                0x00000b54                isr_UART_RX_Enable
 .text.isr_UART_RX_Disable
                0x00000b6c       0x18 .\CortexM3\ARM_GCC_541\Debug\MPS21_Prakt_4.a(isr_UART_RX.o)
                0x00000b6c                isr_UART_RX_Disable
 .text.Pin_N_R_Write
                0x00000b84       0x34 .\CortexM3\ARM_GCC_541\Debug\MPS21_Prakt_4.a(Pin_N_R.o)
                0x00000b84                Pin_N_R_Write
 .text.Pin_N_Y_Write
                0x00000bb8       0x3c .\CortexM3\ARM_GCC_541\Debug\MPS21_Prakt_4.a(Pin_N_Y.o)
                0x00000bb8                Pin_N_Y_Write
 .text.Pin_N_G_Write
                0x00000bf4       0x3c .\CortexM3\ARM_GCC_541\Debug\MPS21_Prakt_4.a(Pin_N_G.o)
                0x00000bf4                Pin_N_G_Write
 .text.Pin_S_R_Write
                0x00000c30       0x3c .\CortexM3\ARM_GCC_541\Debug\MPS21_Prakt_4.a(Pin_S_R.o)
                0x00000c30                Pin_S_R_Write
 .text.Pin_S_Y_Write
                0x00000c6c       0x3c .\CortexM3\ARM_GCC_541\Debug\MPS21_Prakt_4.a(Pin_S_Y.o)
                0x00000c6c                Pin_S_Y_Write
 .text.Pin_S_G_Write
                0x00000ca8       0x3c .\CortexM3\ARM_GCC_541\Debug\MPS21_Prakt_4.a(Pin_S_G.o)
                0x00000ca8                Pin_S_G_Write
 .text.Pin_W_R_Write
                0x00000ce4       0x3c .\CortexM3\ARM_GCC_541\Debug\MPS21_Prakt_4.a(Pin_W_R.o)
                0x00000ce4                Pin_W_R_Write
 .text.Pin_W_Y_Write
                0x00000d20       0x3c .\CortexM3\ARM_GCC_541\Debug\MPS21_Prakt_4.a(Pin_W_Y.o)
                0x00000d20                Pin_W_Y_Write
 .text.Pin_W_G_Write
                0x00000d5c       0x3c .\CortexM3\ARM_GCC_541\Debug\MPS21_Prakt_4.a(Pin_W_G.o)
                0x00000d5c                Pin_W_G_Write
 .text.Pin_E_CW_Write
                0x00000d98       0x3c .\CortexM3\ARM_GCC_541\Debug\MPS21_Prakt_4.a(Pin_E_CW.o)
                0x00000d98                Pin_E_CW_Write
 .text.Pin_S_CW_Write
                0x00000dd4       0x3c .\CortexM3\ARM_GCC_541\Debug\MPS21_Prakt_4.a(Pin_S_CW.o)
                0x00000dd4                Pin_S_CW_Write
 .text.Pin_CWEW_ClearInterrupt
                0x00000e10       0x20 .\CortexM3\ARM_GCC_541\Debug\MPS21_Prakt_4.a(Pin_CWEW.o)
                0x00000e10                Pin_CWEW_ClearInterrupt
 .text.isr_CWEW_StartEx
                0x00000e30       0x24 .\CortexM3\ARM_GCC_541\Debug\MPS21_Prakt_4.a(isr_CWEW.o)
                0x00000e30                isr_CWEW_StartEx
 .text.isr_CWEW_SetVector
                0x00000e54       0x24 .\CortexM3\ARM_GCC_541\Debug\MPS21_Prakt_4.a(isr_CWEW.o)
                0x00000e54                isr_CWEW_SetVector
 .text.isr_CWEW_SetPriority
                0x00000e78       0x24 .\CortexM3\ARM_GCC_541\Debug\MPS21_Prakt_4.a(isr_CWEW.o)
                0x00000e78                isr_CWEW_SetPriority
 .text.isr_CWEW_Enable
                0x00000e9c       0x18 .\CortexM3\ARM_GCC_541\Debug\MPS21_Prakt_4.a(isr_CWEW.o)
                0x00000e9c                isr_CWEW_Enable
 .text.isr_CWEW_Disable
                0x00000eb4       0x18 .\CortexM3\ARM_GCC_541\Debug\MPS21_Prakt_4.a(isr_CWEW.o)
                0x00000eb4                isr_CWEW_Disable
 .text.isr_CWEW_ClearPending
                0x00000ecc       0x18 .\CortexM3\ARM_GCC_541\Debug\MPS21_Prakt_4.a(isr_CWEW.o)
                0x00000ecc                isr_CWEW_ClearPending
 .text.PWM_Start
                0x00000ee4       0x24 .\CortexM3\ARM_GCC_541\Debug\MPS21_Prakt_4.a(PWM.o)
                0x00000ee4                PWM_Start
 .text.PWM_Init
                0x00000f08       0x9c .\CortexM3\ARM_GCC_541\Debug\MPS21_Prakt_4.a(PWM.o)
                0x00000f08                PWM_Init
 .text.PWM_Enable
                0x00000fa4       0x20 .\CortexM3\ARM_GCC_541\Debug\MPS21_Prakt_4.a(PWM.o)
                0x00000fa4                PWM_Enable
 .text.PWM_WriteCounter
                0x00000fc4       0x20 .\CortexM3\ARM_GCC_541\Debug\MPS21_Prakt_4.a(PWM.o)
                0x00000fc4                PWM_WriteCounter
 .text.PWM_ClearFIFO
                0x00000fe4       0x1c .\CortexM3\ARM_GCC_541\Debug\MPS21_Prakt_4.a(PWM.o)
                0x00000fe4                PWM_ClearFIFO
 .text.PWM_WritePeriod
                0x00001000       0x20 .\CortexM3\ARM_GCC_541\Debug\MPS21_Prakt_4.a(PWM.o)
                0x00001000                PWM_WritePeriod
 .text.PWM_WriteCompare1
                0x00001020       0x20 .\CortexM3\ARM_GCC_541\Debug\MPS21_Prakt_4.a(PWM.o)
                0x00001020                PWM_WriteCompare1
 .text.PWM_WriteCompare2
                0x00001040       0x20 .\CortexM3\ARM_GCC_541\Debug\MPS21_Prakt_4.a(PWM.o)
                0x00001040                PWM_WriteCompare2
 .text.PWM_SetInterruptMode
                0x00001060       0x20 .\CortexM3\ARM_GCC_541\Debug\MPS21_Prakt_4.a(PWM.o)
                0x00001060                PWM_SetInterruptMode
 .text.PWM_ReadStatusRegister
                0x00001080       0x18 .\CortexM3\ARM_GCC_541\Debug\MPS21_Prakt_4.a(PWM.o)
                0x00001080                PWM_ReadStatusRegister
 .text.PWM_ReadCapture
                0x00001098       0x18 .\CortexM3\ARM_GCC_541\Debug\MPS21_Prakt_4.a(PWM.o)
                0x00001098                PWM_ReadCapture
 .text.PWM_ReadCompare1
                0x000010b0       0x18 .\CortexM3\ARM_GCC_541\Debug\MPS21_Prakt_4.a(PWM.o)
                0x000010b0                PWM_ReadCompare1
 .text.PWM_ReadCompare2
                0x000010c8       0x18 .\CortexM3\ARM_GCC_541\Debug\MPS21_Prakt_4.a(PWM.o)
                0x000010c8                PWM_ReadCompare2
 .text.isr_Clk_StartEx
                0x000010e0       0x24 .\CortexM3\ARM_GCC_541\Debug\MPS21_Prakt_4.a(isr_Clk.o)
                0x000010e0                isr_Clk_StartEx
 .text.isr_Clk_SetVector
                0x00001104       0x24 .\CortexM3\ARM_GCC_541\Debug\MPS21_Prakt_4.a(isr_Clk.o)
                0x00001104                isr_Clk_SetVector
 .text.isr_Clk_SetPriority
                0x00001128       0x24 .\CortexM3\ARM_GCC_541\Debug\MPS21_Prakt_4.a(isr_Clk.o)
                0x00001128                isr_Clk_SetPriority
 .text.isr_Clk_Enable
                0x0000114c       0x18 .\CortexM3\ARM_GCC_541\Debug\MPS21_Prakt_4.a(isr_Clk.o)
                0x0000114c                isr_Clk_Enable
 .text.isr_Clk_Disable
                0x00001164       0x18 .\CortexM3\ARM_GCC_541\Debug\MPS21_Prakt_4.a(isr_Clk.o)
                0x00001164                isr_Clk_Disable
 .text.UART_IntClock_Start
                0x0000117c       0x34 .\CortexM3\ARM_GCC_541\Debug\MPS21_Prakt_4.a(UART_IntClock.o)
                0x0000117c                UART_IntClock_Start
 .text.CySoftwareReset
                0x000011b0       0x20 .\CortexM3\ARM_GCC_541\Debug\MPS21_Prakt_4.a(CyLib.o)
                0x000011b0                CySoftwareReset
 .text          0x000011d0       0x20 .\CortexM3\ARM_GCC_541\Debug\MPS21_Prakt_4.a(CyBootAsmGnu.o)
                0x000011d0                CyDelayCycles
                0x000011e0                CyEnterCriticalSection
                0x000011e8                CyExitCriticalSection
 .text.__errno  0x000011f0        0xc c:/program files (x86)/cypress/psoc creator/4.4/psoc creator/import/gnu/arm/5.4.1/bin/../lib/gcc/arm-none-eabi/5.4.1/../../../../arm-none-eabi/lib/armv7-m\libg_nano.a(lib_a-errno.o)
                0x000011f0                __errno
 .text.__libc_init_array
                0x000011fc       0x4c c:/program files (x86)/cypress/psoc creator/4.4/psoc creator/import/gnu/arm/5.4.1/bin/../lib/gcc/arm-none-eabi/5.4.1/../../../../arm-none-eabi/lib/armv7-m\libg_nano.a(lib_a-init.o)
                0x000011fc                __libc_init_array
 .text.memcpy   0x00001248       0x16 c:/program files (x86)/cypress/psoc creator/4.4/psoc creator/import/gnu/arm/5.4.1/bin/../lib/gcc/arm-none-eabi/5.4.1/../../../../arm-none-eabi/lib/armv7-m\libg_nano.a(lib_a-memcpy-stub.o)
                0x00001248                memcpy
 .text.memset   0x0000125e       0x10 c:/program files (x86)/cypress/psoc creator/4.4/psoc creator/import/gnu/arm/5.4.1/bin/../lib/gcc/arm-none-eabi/5.4.1/../../../../arm-none-eabi/lib/armv7-m\libg_nano.a(lib_a-memset.o)
                0x0000125e                memset
 *fill*         0x0000126e        0x2 
 .text.sprintf  0x00001270       0x48 c:/program files (x86)/cypress/psoc creator/4.4/psoc creator/import/gnu/arm/5.4.1/bin/../lib/gcc/arm-none-eabi/5.4.1/../../../../arm-none-eabi/lib/armv7-m\libg_nano.a(lib_a-sprintf.o)
                0x00001270                siprintf
                0x00001270                sprintf
 .text.__ssputs_r
                0x000012b8       0xb2 c:/program files (x86)/cypress/psoc creator/4.4/psoc creator/import/gnu/arm/5.4.1/bin/../lib/gcc/arm-none-eabi/5.4.1/../../../../arm-none-eabi/lib/armv7-m\libg_nano.a(lib_a-nano-svfprintf.o)
                0x000012b8                __ssputs_r
 *fill*         0x0000136a        0x2 
 .text._svfprintf_r
                0x0000136c      0x1e8 c:/program files (x86)/cypress/psoc creator/4.4/psoc creator/import/gnu/arm/5.4.1/bin/../lib/gcc/arm-none-eabi/5.4.1/../../../../arm-none-eabi/lib/armv7-m\libg_nano.a(lib_a-nano-svfprintf.o)
                0x0000136c                _svfiprintf_r
                0x0000136c                _svfprintf_r
 .text._printf_common
                0x00001554       0xec c:/program files (x86)/cypress/psoc creator/4.4/psoc creator/import/gnu/arm/5.4.1/bin/../lib/gcc/arm-none-eabi/5.4.1/../../../../arm-none-eabi/lib/armv7-m\libg_nano.a(lib_a-nano-vfprintf_i.o)
                0x00001554                _printf_common
 .text._printf_i
                0x00001640      0x24c c:/program files (x86)/cypress/psoc creator/4.4/psoc creator/import/gnu/arm/5.4.1/bin/../lib/gcc/arm-none-eabi/5.4.1/../../../../arm-none-eabi/lib/armv7-m\libg_nano.a(lib_a-nano-vfprintf_i.o)
                0x00001640                _printf_i
 .text.memchr   0x0000188c       0x1c c:/program files (x86)/cypress/psoc creator/4.4/psoc creator/import/gnu/arm/5.4.1/bin/../lib/gcc/arm-none-eabi/5.4.1/../../../../arm-none-eabi/lib/armv7-m\libg_nano.a(lib_a-memchr-stub.o)
                0x0000188c                memchr
 .text.memmove  0x000018a8       0x36 c:/program files (x86)/cypress/psoc creator/4.4/psoc creator/import/gnu/arm/5.4.1/bin/../lib/gcc/arm-none-eabi/5.4.1/../../../../arm-none-eabi/lib/armv7-m\libg_nano.a(lib_a-memmove.o)
                0x000018a8                memmove
 *fill*         0x000018de        0x2 
 .text._free_r  0x000018e0       0x98 c:/program files (x86)/cypress/psoc creator/4.4/psoc creator/import/gnu/arm/5.4.1/bin/../lib/gcc/arm-none-eabi/5.4.1/../../../../arm-none-eabi/lib/armv7-m\libg_nano.a(lib_a-nano-freer.o)
                0x000018e0                _free_r
 .text._malloc_r
                0x00001978       0xbc c:/program files (x86)/cypress/psoc creator/4.4/psoc creator/import/gnu/arm/5.4.1/bin/../lib/gcc/arm-none-eabi/5.4.1/../../../../arm-none-eabi/lib/armv7-m\libg_nano.a(lib_a-nano-mallocr.o)
                0x00001978                _malloc_r
 .text._realloc_r
                0x00001a34       0x4c c:/program files (x86)/cypress/psoc creator/4.4/psoc creator/import/gnu/arm/5.4.1/bin/../lib/gcc/arm-none-eabi/5.4.1/../../../../arm-none-eabi/lib/armv7-m\libg_nano.a(lib_a-nano-reallocr.o)
                0x00001a34                _realloc_r
 .text._sbrk_r  0x00001a80       0x20 c:/program files (x86)/cypress/psoc creator/4.4/psoc creator/import/gnu/arm/5.4.1/bin/../lib/gcc/arm-none-eabi/5.4.1/../../../../arm-none-eabi/lib/armv7-m\libg_nano.a(lib_a-sbrkr.o)
                0x00001a80                _sbrk_r
 .text.__malloc_lock
                0x00001aa0        0x2 c:/program files (x86)/cypress/psoc creator/4.4/psoc creator/import/gnu/arm/5.4.1/bin/../lib/gcc/arm-none-eabi/5.4.1/../../../../arm-none-eabi/lib/armv7-m\libg_nano.a(lib_a-mlock.o)
                0x00001aa0                __malloc_lock
 .text.__malloc_unlock
                0x00001aa2        0x2 c:/program files (x86)/cypress/psoc creator/4.4/psoc creator/import/gnu/arm/5.4.1/bin/../lib/gcc/arm-none-eabi/5.4.1/../../../../arm-none-eabi/lib/armv7-m\libg_nano.a(lib_a-mlock.o)
                0x00001aa2                __malloc_unlock
 .text._malloc_usable_size_r
                0x00001aa4       0x14 c:/program files (x86)/cypress/psoc creator/4.4/psoc creator/import/gnu/arm/5.4.1/bin/../lib/gcc/arm-none-eabi/5.4.1/../../../../arm-none-eabi/lib/armv7-m\libg_nano.a(lib_a-nano-msizer.o)
                0x00001aa4                _malloc_usable_size_r
 *(.plt)
 *(.gnu.warning)
 *(.glue_7t)
 .glue_7t       0x00001ab8        0x0 linker stubs
 *(.glue_7)
 .glue_7        0x00001ab8        0x0 linker stubs
 *(.vfp11_veneer)
 .vfp11_veneer  0x00001ab8        0x0 linker stubs
 *(.bootloader)
 *(.ARM.extab* .gnu.linkonce.armextab.*)
 *(.gcc_except_table)

.v4_bx          0x00001ab8        0x0
 .v4_bx         0x00001ab8        0x0 linker stubs

.iplt           0x00001ab8        0x0
 .iplt          0x00001ab8        0x0 c:/program files (x86)/cypress/psoc creator/4.4/psoc creator/import/gnu/arm/5.4.1/bin/../lib/gcc/arm-none-eabi/5.4.1/armv7-m/crtbegin.o

.eh_frame_hdr
 *(.eh_frame_hdr)

.eh_frame       0x00001ab8        0x4
 *(.eh_frame)
 .eh_frame      0x00001ab8        0x0 c:/program files (x86)/cypress/psoc creator/4.4/psoc creator/import/gnu/arm/5.4.1/bin/../lib/gcc/arm-none-eabi/5.4.1/armv7-m/crtbegin.o
 .eh_frame      0x00001ab8        0x4 c:/program files (x86)/cypress/psoc creator/4.4/psoc creator/import/gnu/arm/5.4.1/bin/../lib/gcc/arm-none-eabi/5.4.1/armv7-m/crtend.o
                [!provide]                PROVIDE (__exidx_start, .)

.ARM.exidx
 *(.ARM.exidx* .gnu.linkonce.armexidx.*)
                0x00001abc                __exidx_end = .

.rodata         0x00001abc      0x1d4
 *(.rodata .rodata.* .gnu.linkonce.r.*)
 .rodata        0x00001abc      0x13b .\CortexM3\ARM_GCC_541\Debug\main.o
 *fill*         0x00001bf7        0x1 
 .rodata        0x00001bf8       0x2a .\CortexM3\ARM_GCC_541\Debug\cyfitter_cfg.o
 .rodata.str1.1
                0x00001c22        0x2 c:/program files (x86)/cypress/psoc creator/4.4/psoc creator/import/gnu/arm/5.4.1/bin/../lib/gcc/arm-none-eabi/5.4.1/../../../../arm-none-eabi/lib/armv7-m\libg_nano.a(lib_a-impure.o)
 .rodata.str1.1
                0x00001c24       0x11 c:/program files (x86)/cypress/psoc creator/4.4/psoc creator/import/gnu/arm/5.4.1/bin/../lib/gcc/arm-none-eabi/5.4.1/../../../../arm-none-eabi/lib/armv7-m\libg_nano.a(lib_a-nano-svfprintf.o)
 .rodata.str1.1
                0x00001c35       0x22 c:/program files (x86)/cypress/psoc creator/4.4/psoc creator/import/gnu/arm/5.4.1/bin/../lib/gcc/arm-none-eabi/5.4.1/../../../../arm-none-eabi/lib/armv7-m\libg_nano.a(lib_a-nano-vfprintf_i.o)
                0x00001c58                . = ALIGN (0x4)
 *fill*         0x00001c57        0x1 
 *(.init)
 .init          0x00001c58        0x4 c:/program files (x86)/cypress/psoc creator/4.4/psoc creator/import/gnu/arm/5.4.1/bin/../lib/gcc/arm-none-eabi/5.4.1/armv7-m/crti.o
                0x00001c58                _init
 .init          0x00001c5c        0x8 c:/program files (x86)/cypress/psoc creator/4.4/psoc creator/import/gnu/arm/5.4.1/bin/../lib/gcc/arm-none-eabi/5.4.1/armv7-m/crtn.o
                0x00001c64                . = ALIGN (0x4)
                0x00001c64                __preinit_array_start = .
 *(.preinit_array)
                0x00001c64                __preinit_array_end = .
                0x00001c64                . = ALIGN (0x4)
                0x00001c64                __init_array_start = .
 *(SORT(.init_array.*))
 *(.init_array)
 .init_array    0x00001c64        0x4 c:/program files (x86)/cypress/psoc creator/4.4/psoc creator/import/gnu/arm/5.4.1/bin/../lib/gcc/arm-none-eabi/5.4.1/armv7-m/crtbegin.o
 .init_array    0x00001c68        0x4 .\CortexM3\ARM_GCC_541\Debug\Cm3Start.o
                0x00001c6c                __init_array_end = .
                0x00001c6c                . = ALIGN (0x4)
 *(.fini)
 .fini          0x00001c6c        0x4 c:/program files (x86)/cypress/psoc creator/4.4/psoc creator/import/gnu/arm/5.4.1/bin/../lib/gcc/arm-none-eabi/5.4.1/armv7-m/crti.o
                0x00001c6c                _fini
 .fini          0x00001c70        0x8 c:/program files (x86)/cypress/psoc creator/4.4/psoc creator/import/gnu/arm/5.4.1/bin/../lib/gcc/arm-none-eabi/5.4.1/armv7-m/crtn.o
                0x00001c78                . = ALIGN (0x4)
                0x00001c78                __fini_array_start = .
 *(.fini_array)
 .fini_array    0x00001c78        0x4 c:/program files (x86)/cypress/psoc creator/4.4/psoc creator/import/gnu/arm/5.4.1/bin/../lib/gcc/arm-none-eabi/5.4.1/armv7-m/crtbegin.o
 *(SORT(.fini_array.*))
                0x00001c7c                __fini_array_end = .
                0x00001c7c                . = ALIGN (0x4)
 *crtbegin.o(.ctors)
 *(EXCLUDE_FILE(*crtend.o) .ctors)
 *(SORT(.ctors.*))
 *crtend.o(.ctors)
                0x00001c7c                . = ALIGN (0x4)
 *crtbegin.o(.dtors)
 *(EXCLUDE_FILE(*crtend.o) .dtors)
 *(SORT(.dtors.*))
 *crtend.o(.dtors)
                0x00001c7c                . = ALIGN (0x4)
                0x00001c7c                __cy_regions = .
                0x00001c7c        0x4 LONG 0x1c90 __cy_region_init_ram
                0x00001c80        0x4 LONG 0x1fff80c8 __cy_region_start_data
                0x00001c84        0x4 LONG 0x150 __cy_region_init_size_ram
                0x00001c88        0x4 LONG 0xb8 __cy_region_zero_size_ram
                0x00001c8c                __cy_regions_end = .
                0x00001c90                . = ALIGN (0x8)
 *fill*         0x00001c8c        0x4 
                0x00001c90                _etext = .

.cy_checksum_exclude
                0x00001c90        0x0
 *(.cy_checksum_exclude)

.ramvectors     0x1fff8000       0xc0
                0x1fff8000                __cy_region_start_ram = .
 *(.ramvectors)
 .ramvectors    0x1fff8000       0xc0 .\CortexM3\ARM_GCC_541\Debug\Cm3Start.o
                0x1fff8000                CyRamVectors

.noinit         0x1fff80c0        0x5
 *(.noinit)
 .noinit        0x1fff80c0        0x4 .\CortexM3\ARM_GCC_541\Debug\Cm3Start.o
 .noinit        0x1fff80c4        0x1 .\CortexM3\ARM_GCC_541\Debug\MPS21_Prakt_4.a(CyLib.o)
                0x1fff80c4                CyResetStatus

.data           0x1fff80c8      0x150 load address 0x00001c90
                0x1fff80c8                __cy_region_start_data = .
 *(.jcr)
 .jcr           0x1fff80c8        0x0 c:/program files (x86)/cypress/psoc creator/4.4/psoc creator/import/gnu/arm/5.4.1/bin/../lib/gcc/arm-none-eabi/5.4.1/armv7-m/crtbegin.o
 .jcr           0x1fff80c8        0x4 c:/program files (x86)/cypress/psoc creator/4.4/psoc creator/import/gnu/arm/5.4.1/bin/../lib/gcc/arm-none-eabi/5.4.1/armv7-m/crtend.o
 *(.got.plt)
 *(.got)
 *(.shdata)
 *(.data .data.* .gnu.linkonce.d.*)
 .data          0x1fff80cc       0xe0 .\CortexM3\ARM_GCC_541\Debug\main.o
 .data          0x1fff81ac        0x4 .\CortexM3\ARM_GCC_541\Debug\Cm3Start.o
 .data.impure_data
                0x1fff81b0       0x60 c:/program files (x86)/cypress/psoc creator/4.4/psoc creator/import/gnu/arm/5.4.1/bin/../lib/gcc/arm-none-eabi/5.4.1/../../../../arm-none-eabi/lib/armv7-m\libg_nano.a(lib_a-impure.o)
 .data._impure_ptr
                0x1fff8210        0x4 c:/program files (x86)/cypress/psoc creator/4.4/psoc creator/import/gnu/arm/5.4.1/bin/../lib/gcc/arm-none-eabi/5.4.1/../../../../arm-none-eabi/lib/armv7-m\libg_nano.a(lib_a-impure.o)
                0x1fff8210                _impure_ptr
                0x1fff8218                . = ALIGN (0x8)
 *fill*         0x1fff8214        0x4 
 *(.ram)
                0x1fff8218                _edata = .

.igot.plt       0x1fff8218        0x0 load address 0x00001de0
 .igot.plt      0x1fff8218        0x0 c:/program files (x86)/cypress/psoc creator/4.4/psoc creator/import/gnu/arm/5.4.1/bin/../lib/gcc/arm-none-eabi/5.4.1/armv7-m/crtbegin.o

.bss            0x1fff8218       0xb8 load address 0x00001de0
                0x1fff8218                PROVIDE (__bss_start__, .)
 *(.shbss)
 *(.bss .bss.* .gnu.linkonce.b.*)
 .bss           0x1fff8218       0x1c c:/program files (x86)/cypress/psoc creator/4.4/psoc creator/import/gnu/arm/5.4.1/bin/../lib/gcc/arm-none-eabi/5.4.1/armv7-m/crtbegin.o
 .bss           0x1fff8234       0x8c .\CortexM3\ARM_GCC_541\Debug\main.o
 .bss           0x1fff82c0        0x2 .\CortexM3\ARM_GCC_541\Debug\MPS21_Prakt_4.a(UART.o)
                0x1fff82c0                UART_initVar
 .bss           0x1fff82c2        0x1 .\CortexM3\ARM_GCC_541\Debug\MPS21_Prakt_4.a(PWM.o)
                0x1fff82c2                PWM_initVar
 *fill*         0x1fff82c3        0x1 
 .bss.__malloc_sbrk_start
                0x1fff82c4        0x4 c:/program files (x86)/cypress/psoc creator/4.4/psoc creator/import/gnu/arm/5.4.1/bin/../lib/gcc/arm-none-eabi/5.4.1/../../../../arm-none-eabi/lib/armv7-m\libg_nano.a(lib_a-nano-mallocr.o)
                0x1fff82c4                __malloc_sbrk_start
 .bss.__malloc_free_list
                0x1fff82c8        0x4 c:/program files (x86)/cypress/psoc creator/4.4/psoc creator/import/gnu/arm/5.4.1/bin/../lib/gcc/arm-none-eabi/5.4.1/../../../../arm-none-eabi/lib/armv7-m\libg_nano.a(lib_a-nano-mallocr.o)
                0x1fff82c8                __malloc_free_list
 *(COMMON)
 COMMON         0x1fff82cc        0x4 c:/program files (x86)/cypress/psoc creator/4.4/psoc creator/import/gnu/arm/5.4.1/bin/../lib/gcc/arm-none-eabi/5.4.1/../../../../arm-none-eabi/lib/armv7-m\libg_nano.a(lib_a-reent.o)
                0x1fff82cc                errno
                0x1fff82d0                . = ALIGN (0x8)
 *(.ram.b)
                0x1fff82d0                _end = .
                0x1fff82d0                __end = .
                0x1fff82d0                PROVIDE (end, .)
                0x1fff82d0                PROVIDE (__bss_end__, .)
                0x00001c90                __cy_region_init_ram = LOADADDR (.data)
                0x00000150                __cy_region_init_size_ram = (_edata - ADDR (.data))
                0x000000b8                __cy_region_zero_size_ram = (_end - _edata)

.heap           0x1fff82d0       0x80 load address 0x00001de0
                0x1fff82d0                . = _end
                0x1fff8350                . = (. + 0x80)
 *fill*         0x1fff82d0       0x80 
                0x1fff8350                __cy_heap_limit = .

.stack          0x20007800      0x800
                0x20007800                __cy_stack_limit = .
                0x20008000                . = (. + 0x800)
 *fill*         0x20007800      0x800 
                0x00000001                ASSERT ((__cy_stack_limit >= __cy_heap_limit), region RAM overflowed with stack)
                0x00000000                cy_checksum_exclude_size = (CY_APPL_LOADABLE == 0x1)?SIZEOF (.cy_checksum_exclude):0x0
                0x00000001                ASSERT ((cy_checksum_exclude_size <= CY_CHECKSUM_EXCLUDE_SIZE), CY_BOOT: Section .cy_checksum_exclude size exceedes specified limit.)

.cyloadermeta
 *(.cyloadermeta)

.cyloadablemeta
 *(.cyloadablemeta)

.cyconfigecc    0x80000000      0x564
 *(.cyconfigecc)
 .cyconfigecc   0x80000000      0x564 .\CortexM3\ARM_GCC_541\Debug\cymetadata.o
                0x80000000                cy_meta_configecc

.cycustnvl      0x90000000        0x4
 *(.cycustnvl)
 .cycustnvl     0x90000000        0x4 .\CortexM3\ARM_GCC_541\Debug\cymetadata.o
                0x90000000                cy_meta_custnvl

.cywolatch      0x90100000        0x4
 *(.cywolatch)
 .cywolatch     0x90100000        0x4 .\CortexM3\ARM_GCC_541\Debug\cymetadata.o
                0x90100000                cy_meta_wonvl

.cyeeprom       0x90200000        0x0
 *(.cyeeprom)
                0x00000001                ASSERT ((. <= ((0x90200000 + ee_offset) + ee_size)), .cyeeprom data will not fit in EEPROM)

.cyflashprotect
                0x90400000      0x100
 *(.cyflashprotect)
 .cyflashprotect
                0x90400000      0x100 .\CortexM3\ARM_GCC_541\Debug\cymetadata.o
                0x90400000                cy_meta_flashprotect

.cymeta         0x90500000        0xc
 *(.cymeta)
 .cymeta        0x90500000        0xc .\CortexM3\ARM_GCC_541\Debug\cymetadata.o
                0x90500000                cy_metadata

.rel.dyn        0x00001de0        0x0 load address 0x9050000c
 .rel.iplt      0x00001de0        0x0 c:/program files (x86)/cypress/psoc creator/4.4/psoc creator/import/gnu/arm/5.4.1/bin/../lib/gcc/arm-none-eabi/5.4.1/armv7-m/crtbegin.o

.stab
 *(.stab)

.stabstr
 *(.stabstr)

.debug
 *(.debug)

.line
 *(.line)

.debug_srcinfo
 *(.debug_srcinfo)

.debug_sfnames
 *(.debug_sfnames)

.debug_aranges  0x00000000      0xba8
 *(.debug_aranges)
 .debug_aranges
                0x00000000       0x50 .\CortexM3\ARM_GCC_541\Debug\main.o
 .debug_aranges
                0x00000050       0x60 .\CortexM3\ARM_GCC_541\Debug\cyfitter_cfg.o
 .debug_aranges
                0x000000b0       0x18 .\CortexM3\ARM_GCC_541\Debug\cymetadata.o
 .debug_aranges
                0x000000c8       0x48 .\CortexM3\ARM_GCC_541\Debug\Cm3Start.o
 .debug_aranges
                0x00000110       0xf0 .\CortexM3\ARM_GCC_541\Debug\MPS21_Prakt_4.a(UART.o)
 .debug_aranges
                0x00000200       0x80 .\CortexM3\ARM_GCC_541\Debug\MPS21_Prakt_4.a(isr_UART_RX.o)
 .debug_aranges
                0x00000280       0x38 .\CortexM3\ARM_GCC_541\Debug\MPS21_Prakt_4.a(Pin_N_R.o)
 .debug_aranges
                0x000002b8       0x38 .\CortexM3\ARM_GCC_541\Debug\MPS21_Prakt_4.a(Pin_N_Y.o)
 .debug_aranges
                0x000002f0       0x38 .\CortexM3\ARM_GCC_541\Debug\MPS21_Prakt_4.a(Pin_N_G.o)
 .debug_aranges
                0x00000328       0x38 .\CortexM3\ARM_GCC_541\Debug\MPS21_Prakt_4.a(Pin_S_R.o)
 .debug_aranges
                0x00000360       0x38 .\CortexM3\ARM_GCC_541\Debug\MPS21_Prakt_4.a(Pin_S_Y.o)
 .debug_aranges
                0x00000398       0x38 .\CortexM3\ARM_GCC_541\Debug\MPS21_Prakt_4.a(Pin_S_G.o)
 .debug_aranges
                0x000003d0       0x38 .\CortexM3\ARM_GCC_541\Debug\MPS21_Prakt_4.a(Pin_W_R.o)
 .debug_aranges
                0x00000408       0x38 .\CortexM3\ARM_GCC_541\Debug\MPS21_Prakt_4.a(Pin_W_Y.o)
 .debug_aranges
                0x00000440       0x38 .\CortexM3\ARM_GCC_541\Debug\MPS21_Prakt_4.a(Pin_W_G.o)
 .debug_aranges
                0x00000478       0x38 .\CortexM3\ARM_GCC_541\Debug\MPS21_Prakt_4.a(Pin_E_CW.o)
 .debug_aranges
                0x000004b0       0x38 .\CortexM3\ARM_GCC_541\Debug\MPS21_Prakt_4.a(Pin_S_CW.o)
 .debug_aranges
                0x000004e8       0x48 .\CortexM3\ARM_GCC_541\Debug\MPS21_Prakt_4.a(Pin_CWEW.o)
 .debug_aranges
                0x00000530       0x80 .\CortexM3\ARM_GCC_541\Debug\MPS21_Prakt_4.a(isr_CWEW.o)
 .debug_aranges
                0x000005b0       0xa8 .\CortexM3\ARM_GCC_541\Debug\MPS21_Prakt_4.a(PWM.o)
 .debug_aranges
                0x00000658       0x80 .\CortexM3\ARM_GCC_541\Debug\MPS21_Prakt_4.a(isr_Clk.o)
 .debug_aranges
                0x000006d8       0x70 .\CortexM3\ARM_GCC_541\Debug\MPS21_Prakt_4.a(UART_IntClock.o)
 .debug_aranges
                0x00000748      0x2a0 .\CortexM3\ARM_GCC_541\Debug\MPS21_Prakt_4.a(CyLib.o)
 .debug_aranges
                0x000009e8       0x98 .\CortexM3\ARM_GCC_541\Debug\MPS21_Prakt_4.a(cyPm.o)
 .debug_aranges
                0x00000a80       0x20 .\CortexM3\ARM_GCC_541\Debug\MPS21_Prakt_4.a(CyBootAsmGnu.o)
 .debug_aranges
                0x00000aa0       0x88 .\CortexM3\ARM_GCC_541\Debug\MPS21_Prakt_4.a(CyFlash.o)
 .debug_aranges
                0x00000b28       0x80 .\CortexM3\ARM_GCC_541\Debug\MPS21_Prakt_4.a(CySpc.o)

.debug_pubnames
 *(.debug_pubnames)

.debug_info     0x00000000     0x463f
 *(.debug_info .gnu.linkonce.wi.*)
 .debug_info    0x00000000      0x27c .\CortexM3\ARM_GCC_541\Debug\main.o
 .debug_info    0x0000027c      0x39a .\CortexM3\ARM_GCC_541\Debug\cyfitter_cfg.o
 .debug_info    0x00000616      0x136 .\CortexM3\ARM_GCC_541\Debug\cymetadata.o
 .debug_info    0x0000074c      0x32b .\CortexM3\ARM_GCC_541\Debug\Cm3Start.o
 .debug_info    0x00000a77      0x50a .\CortexM3\ARM_GCC_541\Debug\MPS21_Prakt_4.a(UART.o)
 .debug_info    0x00000f81      0x241 .\CortexM3\ARM_GCC_541\Debug\MPS21_Prakt_4.a(isr_UART_RX.o)
 .debug_info    0x000011c2      0x11e .\CortexM3\ARM_GCC_541\Debug\MPS21_Prakt_4.a(Pin_N_R.o)
 .debug_info    0x000012e0      0x11e .\CortexM3\ARM_GCC_541\Debug\MPS21_Prakt_4.a(Pin_N_Y.o)
 .debug_info    0x000013fe      0x11e .\CortexM3\ARM_GCC_541\Debug\MPS21_Prakt_4.a(Pin_N_G.o)
 .debug_info    0x0000151c      0x11e .\CortexM3\ARM_GCC_541\Debug\MPS21_Prakt_4.a(Pin_S_R.o)
 .debug_info    0x0000163a      0x11e .\CortexM3\ARM_GCC_541\Debug\MPS21_Prakt_4.a(Pin_S_Y.o)
 .debug_info    0x00001758      0x11e .\CortexM3\ARM_GCC_541\Debug\MPS21_Prakt_4.a(Pin_S_G.o)
 .debug_info    0x00001876      0x11e .\CortexM3\ARM_GCC_541\Debug\MPS21_Prakt_4.a(Pin_W_R.o)
 .debug_info    0x00001994      0x11e .\CortexM3\ARM_GCC_541\Debug\MPS21_Prakt_4.a(Pin_W_Y.o)
 .debug_info    0x00001ab2      0x11e .\CortexM3\ARM_GCC_541\Debug\MPS21_Prakt_4.a(Pin_W_G.o)
 .debug_info    0x00001bd0      0x11e .\CortexM3\ARM_GCC_541\Debug\MPS21_Prakt_4.a(Pin_E_CW.o)
 .debug_info    0x00001cee      0x11e .\CortexM3\ARM_GCC_541\Debug\MPS21_Prakt_4.a(Pin_S_CW.o)
 .debug_info    0x00001e0c      0x171 .\CortexM3\ARM_GCC_541\Debug\MPS21_Prakt_4.a(Pin_CWEW.o)
 .debug_info    0x00001f7d      0x241 .\CortexM3\ARM_GCC_541\Debug\MPS21_Prakt_4.a(isr_CWEW.o)
 .debug_info    0x000021be      0x2e3 .\CortexM3\ARM_GCC_541\Debug\MPS21_Prakt_4.a(PWM.o)
 .debug_info    0x000024a1      0x241 .\CortexM3\ARM_GCC_541\Debug\MPS21_Prakt_4.a(isr_Clk.o)
 .debug_info    0x000026e2      0x25d .\CortexM3\ARM_GCC_541\Debug\MPS21_Prakt_4.a(UART_IntClock.o)
 .debug_info    0x0000293f      0xe51 .\CortexM3\ARM_GCC_541\Debug\MPS21_Prakt_4.a(CyLib.o)
 .debug_info    0x00003790      0x57a .\CortexM3\ARM_GCC_541\Debug\MPS21_Prakt_4.a(cyPm.o)
 .debug_info    0x00003d0a       0xbc .\CortexM3\ARM_GCC_541\Debug\MPS21_Prakt_4.a(CyBootAsmGnu.o)
 .debug_info    0x00003dc6      0x3b9 .\CortexM3\ARM_GCC_541\Debug\MPS21_Prakt_4.a(CyFlash.o)
 .debug_info    0x0000417f      0x4c0 .\CortexM3\ARM_GCC_541\Debug\MPS21_Prakt_4.a(CySpc.o)

.debug_abbrev   0x00000000     0x1a36
 *(.debug_abbrev)
 .debug_abbrev  0x00000000      0x145 .\CortexM3\ARM_GCC_541\Debug\main.o
 .debug_abbrev  0x00000145      0x19d .\CortexM3\ARM_GCC_541\Debug\cyfitter_cfg.o
 .debug_abbrev  0x000002e2       0x77 .\CortexM3\ARM_GCC_541\Debug\cymetadata.o
 .debug_abbrev  0x00000359      0x1d6 .\CortexM3\ARM_GCC_541\Debug\Cm3Start.o
 .debug_abbrev  0x0000052f      0x163 .\CortexM3\ARM_GCC_541\Debug\MPS21_Prakt_4.a(UART.o)
 .debug_abbrev  0x00000692      0x172 .\CortexM3\ARM_GCC_541\Debug\MPS21_Prakt_4.a(isr_UART_RX.o)
 .debug_abbrev  0x00000804       0x90 .\CortexM3\ARM_GCC_541\Debug\MPS21_Prakt_4.a(Pin_N_R.o)
 .debug_abbrev  0x00000894       0x90 .\CortexM3\ARM_GCC_541\Debug\MPS21_Prakt_4.a(Pin_N_Y.o)
 .debug_abbrev  0x00000924       0x90 .\CortexM3\ARM_GCC_541\Debug\MPS21_Prakt_4.a(Pin_N_G.o)
 .debug_abbrev  0x000009b4       0x90 .\CortexM3\ARM_GCC_541\Debug\MPS21_Prakt_4.a(Pin_S_R.o)
 .debug_abbrev  0x00000a44       0x90 .\CortexM3\ARM_GCC_541\Debug\MPS21_Prakt_4.a(Pin_S_Y.o)
 .debug_abbrev  0x00000ad4       0x90 .\CortexM3\ARM_GCC_541\Debug\MPS21_Prakt_4.a(Pin_S_G.o)
 .debug_abbrev  0x00000b64       0x90 .\CortexM3\ARM_GCC_541\Debug\MPS21_Prakt_4.a(Pin_W_R.o)
 .debug_abbrev  0x00000bf4       0x90 .\CortexM3\ARM_GCC_541\Debug\MPS21_Prakt_4.a(Pin_W_Y.o)
 .debug_abbrev  0x00000c84       0x90 .\CortexM3\ARM_GCC_541\Debug\MPS21_Prakt_4.a(Pin_W_G.o)
 .debug_abbrev  0x00000d14       0x90 .\CortexM3\ARM_GCC_541\Debug\MPS21_Prakt_4.a(Pin_E_CW.o)
 .debug_abbrev  0x00000da4       0x90 .\CortexM3\ARM_GCC_541\Debug\MPS21_Prakt_4.a(Pin_S_CW.o)
 .debug_abbrev  0x00000e34       0x90 .\CortexM3\ARM_GCC_541\Debug\MPS21_Prakt_4.a(Pin_CWEW.o)
 .debug_abbrev  0x00000ec4      0x172 .\CortexM3\ARM_GCC_541\Debug\MPS21_Prakt_4.a(isr_CWEW.o)
 .debug_abbrev  0x00001036      0x12e .\CortexM3\ARM_GCC_541\Debug\MPS21_Prakt_4.a(PWM.o)
 .debug_abbrev  0x00001164      0x172 .\CortexM3\ARM_GCC_541\Debug\MPS21_Prakt_4.a(isr_Clk.o)
 .debug_abbrev  0x000012d6      0x11d .\CortexM3\ARM_GCC_541\Debug\MPS21_Prakt_4.a(UART_IntClock.o)
 .debug_abbrev  0x000013f3      0x217 .\CortexM3\ARM_GCC_541\Debug\MPS21_Prakt_4.a(CyLib.o)
 .debug_abbrev  0x0000160a      0x161 .\CortexM3\ARM_GCC_541\Debug\MPS21_Prakt_4.a(cyPm.o)
 .debug_abbrev  0x0000176b       0x14 .\CortexM3\ARM_GCC_541\Debug\MPS21_Prakt_4.a(CyBootAsmGnu.o)
 .debug_abbrev  0x0000177f      0x14b .\CortexM3\ARM_GCC_541\Debug\MPS21_Prakt_4.a(CyFlash.o)
 .debug_abbrev  0x000018ca      0x16c .\CortexM3\ARM_GCC_541\Debug\MPS21_Prakt_4.a(CySpc.o)

.debug_line     0x00000000     0x2988
 *(.debug_line)
 .debug_line    0x00000000      0x241 .\CortexM3\ARM_GCC_541\Debug\main.o
 .debug_line    0x00000241      0x1f4 .\CortexM3\ARM_GCC_541\Debug\cyfitter_cfg.o
 .debug_line    0x00000435      0x141 .\CortexM3\ARM_GCC_541\Debug\cymetadata.o
 .debug_line    0x00000576      0x1dc .\CortexM3\ARM_GCC_541\Debug\Cm3Start.o
 .debug_line    0x00000752      0x2e2 .\CortexM3\ARM_GCC_541\Debug\MPS21_Prakt_4.a(UART.o)
 .debug_line    0x00000a34      0x156 .\CortexM3\ARM_GCC_541\Debug\MPS21_Prakt_4.a(isr_UART_RX.o)
 .debug_line    0x00000b8a       0x97 .\CortexM3\ARM_GCC_541\Debug\MPS21_Prakt_4.a(Pin_N_R.o)
 .debug_line    0x00000c21       0x97 .\CortexM3\ARM_GCC_541\Debug\MPS21_Prakt_4.a(Pin_N_Y.o)
 .debug_line    0x00000cb8       0x97 .\CortexM3\ARM_GCC_541\Debug\MPS21_Prakt_4.a(Pin_N_G.o)
 .debug_line    0x00000d4f       0x97 .\CortexM3\ARM_GCC_541\Debug\MPS21_Prakt_4.a(Pin_S_R.o)
 .debug_line    0x00000de6       0x97 .\CortexM3\ARM_GCC_541\Debug\MPS21_Prakt_4.a(Pin_S_Y.o)
 .debug_line    0x00000e7d       0x97 .\CortexM3\ARM_GCC_541\Debug\MPS21_Prakt_4.a(Pin_S_G.o)
 .debug_line    0x00000f14       0x97 .\CortexM3\ARM_GCC_541\Debug\MPS21_Prakt_4.a(Pin_W_R.o)
 .debug_line    0x00000fab       0x97 .\CortexM3\ARM_GCC_541\Debug\MPS21_Prakt_4.a(Pin_W_Y.o)
 .debug_line    0x00001042       0x97 .\CortexM3\ARM_GCC_541\Debug\MPS21_Prakt_4.a(Pin_W_G.o)
 .debug_line    0x000010d9       0x98 .\CortexM3\ARM_GCC_541\Debug\MPS21_Prakt_4.a(Pin_E_CW.o)
 .debug_line    0x00001171       0x98 .\CortexM3\ARM_GCC_541\Debug\MPS21_Prakt_4.a(Pin_S_CW.o)
 .debug_line    0x00001209       0xbd .\CortexM3\ARM_GCC_541\Debug\MPS21_Prakt_4.a(Pin_CWEW.o)
 .debug_line    0x000012c6      0x153 .\CortexM3\ARM_GCC_541\Debug\MPS21_Prakt_4.a(isr_CWEW.o)
 .debug_line    0x00001419      0x1aa .\CortexM3\ARM_GCC_541\Debug\MPS21_Prakt_4.a(PWM.o)
 .debug_line    0x000015c3      0x142 .\CortexM3\ARM_GCC_541\Debug\MPS21_Prakt_4.a(isr_Clk.o)
 .debug_line    0x00001705      0x1ac .\CortexM3\ARM_GCC_541\Debug\MPS21_Prakt_4.a(UART_IntClock.o)
 .debug_line    0x000018b1      0x883 .\CortexM3\ARM_GCC_541\Debug\MPS21_Prakt_4.a(CyLib.o)
 .debug_line    0x00002134      0x38e .\CortexM3\ARM_GCC_541\Debug\MPS21_Prakt_4.a(cyPm.o)
 .debug_line    0x000024c2       0x66 .\CortexM3\ARM_GCC_541\Debug\MPS21_Prakt_4.a(CyBootAsmGnu.o)
 .debug_line    0x00002528      0x22f .\CortexM3\ARM_GCC_541\Debug\MPS21_Prakt_4.a(CyFlash.o)
 .debug_line    0x00002757      0x231 .\CortexM3\ARM_GCC_541\Debug\MPS21_Prakt_4.a(CySpc.o)

.debug_frame    0x00000000     0x3038
 *(.debug_frame)
 .debug_frame   0x00000000      0x104 .\CortexM3\ARM_GCC_541\Debug\main.o
 .debug_frame   0x00000104      0x16c .\CortexM3\ARM_GCC_541\Debug\cyfitter_cfg.o
 .debug_frame   0x00000270       0xd8 .\CortexM3\ARM_GCC_541\Debug\Cm3Start.o
 .debug_frame   0x00000348      0x42c .\CortexM3\ARM_GCC_541\Debug\MPS21_Prakt_4.a(UART.o)
 .debug_frame   0x00000774      0x1e8 .\CortexM3\ARM_GCC_541\Debug\MPS21_Prakt_4.a(isr_UART_RX.o)
 .debug_frame   0x0000095c       0xa8 .\CortexM3\ARM_GCC_541\Debug\MPS21_Prakt_4.a(Pin_N_R.o)
 .debug_frame   0x00000a04       0xa8 .\CortexM3\ARM_GCC_541\Debug\MPS21_Prakt_4.a(Pin_N_Y.o)
 .debug_frame   0x00000aac       0xa8 .\CortexM3\ARM_GCC_541\Debug\MPS21_Prakt_4.a(Pin_N_G.o)
 .debug_frame   0x00000b54       0xa8 .\CortexM3\ARM_GCC_541\Debug\MPS21_Prakt_4.a(Pin_S_R.o)
 .debug_frame   0x00000bfc       0xa8 .\CortexM3\ARM_GCC_541\Debug\MPS21_Prakt_4.a(Pin_S_Y.o)
 .debug_frame   0x00000ca4       0xa8 .\CortexM3\ARM_GCC_541\Debug\MPS21_Prakt_4.a(Pin_S_G.o)
 .debug_frame   0x00000d4c       0xa8 .\CortexM3\ARM_GCC_541\Debug\MPS21_Prakt_4.a(Pin_W_R.o)
 .debug_frame   0x00000df4       0xa8 .\CortexM3\ARM_GCC_541\Debug\MPS21_Prakt_4.a(Pin_W_Y.o)
 .debug_frame   0x00000e9c       0xa8 .\CortexM3\ARM_GCC_541\Debug\MPS21_Prakt_4.a(Pin_W_G.o)
 .debug_frame   0x00000f44       0xa8 .\CortexM3\ARM_GCC_541\Debug\MPS21_Prakt_4.a(Pin_E_CW.o)
 .debug_frame   0x00000fec       0xa8 .\CortexM3\ARM_GCC_541\Debug\MPS21_Prakt_4.a(Pin_S_CW.o)
 .debug_frame   0x00001094       0xf4 .\CortexM3\ARM_GCC_541\Debug\MPS21_Prakt_4.a(Pin_CWEW.o)
 .debug_frame   0x00001188      0x1e8 .\CortexM3\ARM_GCC_541\Debug\MPS21_Prakt_4.a(isr_CWEW.o)
 .debug_frame   0x00001370      0x2a8 .\CortexM3\ARM_GCC_541\Debug\MPS21_Prakt_4.a(PWM.o)
 .debug_frame   0x00001618      0x1e8 .\CortexM3\ARM_GCC_541\Debug\MPS21_Prakt_4.a(isr_Clk.o)
 .debug_frame   0x00001800      0x1b4 .\CortexM3\ARM_GCC_541\Debug\MPS21_Prakt_4.a(UART_IntClock.o)
 .debug_frame   0x000019b4      0xc0c .\CortexM3\ARM_GCC_541\Debug\MPS21_Prakt_4.a(CyLib.o)
 .debug_frame   0x000025c0      0x234 .\CortexM3\ARM_GCC_541\Debug\MPS21_Prakt_4.a(cyPm.o)
 .debug_frame   0x000027f4      0x238 .\CortexM3\ARM_GCC_541\Debug\MPS21_Prakt_4.a(CyFlash.o)
 .debug_frame   0x00002a2c      0x228 .\CortexM3\ARM_GCC_541\Debug\MPS21_Prakt_4.a(CySpc.o)
 .debug_frame   0x00002c54       0x20 c:/program files (x86)/cypress/psoc creator/4.4/psoc creator/import/gnu/arm/5.4.1/bin/../lib/gcc/arm-none-eabi/5.4.1/../../../../arm-none-eabi/lib/armv7-m\libg_nano.a(lib_a-errno.o)
 .debug_frame   0x00002c74       0x28 c:/program files (x86)/cypress/psoc creator/4.4/psoc creator/import/gnu/arm/5.4.1/bin/../lib/gcc/arm-none-eabi/5.4.1/../../../../arm-none-eabi/lib/armv7-m\libg_nano.a(lib_a-exit.o)
 .debug_frame   0x00002c9c       0x2c c:/program files (x86)/cypress/psoc creator/4.4/psoc creator/import/gnu/arm/5.4.1/bin/../lib/gcc/arm-none-eabi/5.4.1/../../../../arm-none-eabi/lib/armv7-m\libg_nano.a(lib_a-init.o)
 .debug_frame   0x00002cc8       0x28 c:/program files (x86)/cypress/psoc creator/4.4/psoc creator/import/gnu/arm/5.4.1/bin/../lib/gcc/arm-none-eabi/5.4.1/../../../../arm-none-eabi/lib/armv7-m\libg_nano.a(lib_a-memcpy-stub.o)
 .debug_frame   0x00002cf0       0x20 c:/program files (x86)/cypress/psoc creator/4.4/psoc creator/import/gnu/arm/5.4.1/bin/../lib/gcc/arm-none-eabi/5.4.1/../../../../arm-none-eabi/lib/armv7-m\libg_nano.a(lib_a-memset.o)
 .debug_frame   0x00002d10       0x70 c:/program files (x86)/cypress/psoc creator/4.4/psoc creator/import/gnu/arm/5.4.1/bin/../lib/gcc/arm-none-eabi/5.4.1/../../../../arm-none-eabi/lib/armv7-m\libg_nano.a(lib_a-sprintf.o)
 .debug_frame   0x00002d80       0x90 c:/program files (x86)/cypress/psoc creator/4.4/psoc creator/import/gnu/arm/5.4.1/bin/../lib/gcc/arm-none-eabi/5.4.1/../../../../arm-none-eabi/lib/armv7-m\libg_nano.a(lib_a-nano-svfprintf.o)
 .debug_frame   0x00002e10       0x60 c:/program files (x86)/cypress/psoc creator/4.4/psoc creator/import/gnu/arm/5.4.1/bin/../lib/gcc/arm-none-eabi/5.4.1/../../../../arm-none-eabi/lib/armv7-m\libg_nano.a(lib_a-nano-vfprintf_i.o)
 .debug_frame   0x00002e70       0x28 c:/program files (x86)/cypress/psoc creator/4.4/psoc creator/import/gnu/arm/5.4.1/bin/../lib/gcc/arm-none-eabi/5.4.1/../../../../arm-none-eabi/lib/armv7-m\libg_nano.a(lib_a-memchr-stub.o)
 .debug_frame   0x00002e98       0x28 c:/program files (x86)/cypress/psoc creator/4.4/psoc creator/import/gnu/arm/5.4.1/bin/../lib/gcc/arm-none-eabi/5.4.1/../../../../arm-none-eabi/lib/armv7-m\libg_nano.a(lib_a-memmove.o)
 .debug_frame   0x00002ec0       0x38 c:/program files (x86)/cypress/psoc creator/4.4/psoc creator/import/gnu/arm/5.4.1/bin/../lib/gcc/arm-none-eabi/5.4.1/../../../../arm-none-eabi/lib/armv7-m\libg_nano.a(lib_a-nano-freer.o)
 .debug_frame   0x00002ef8       0x2c c:/program files (x86)/cypress/psoc creator/4.4/psoc creator/import/gnu/arm/5.4.1/bin/../lib/gcc/arm-none-eabi/5.4.1/../../../../arm-none-eabi/lib/armv7-m\libg_nano.a(lib_a-nano-mallocr.o)
 .debug_frame   0x00002f24       0x3c c:/program files (x86)/cypress/psoc creator/4.4/psoc creator/import/gnu/arm/5.4.1/bin/../lib/gcc/arm-none-eabi/5.4.1/../../../../arm-none-eabi/lib/armv7-m\libg_nano.a(lib_a-nano-reallocr.o)
 .debug_frame   0x00002f60       0x2c c:/program files (x86)/cypress/psoc creator/4.4/psoc creator/import/gnu/arm/5.4.1/bin/../lib/gcc/arm-none-eabi/5.4.1/../../../../arm-none-eabi/lib/armv7-m\libg_nano.a(lib_a-sbrkr.o)
 .debug_frame   0x00002f8c       0x30 c:/program files (x86)/cypress/psoc creator/4.4/psoc creator/import/gnu/arm/5.4.1/bin/../lib/gcc/arm-none-eabi/5.4.1/../../../../arm-none-eabi/lib/armv7-m\libg_nano.a(lib_a-mlock.o)
 .debug_frame   0x00002fbc       0x20 c:/program files (x86)/cypress/psoc creator/4.4/psoc creator/import/gnu/arm/5.4.1/bin/../lib/gcc/arm-none-eabi/5.4.1/../../../../arm-none-eabi/lib/armv7-m\libg_nano.a(lib_a-nano-msizer.o)
 .debug_frame   0x00002fdc       0x5c c:/program files (x86)/cypress/psoc creator/4.4/psoc creator/import/gnu/arm/5.4.1/bin/../lib/gcc/arm-none-eabi/5.4.1/../../../../arm-none-eabi/lib/armv7-m\libg_nano.a(lib_a-reent.o)

.debug_str      0x00000000     0x2133
 *(.debug_str)
 .debug_str     0x00000000      0x220 .\CortexM3\ARM_GCC_541\Debug\main.o
                                0x279 (size before relaxing)
 .debug_str     0x00000220      0x17b .\CortexM3\ARM_GCC_541\Debug\cyfitter_cfg.o
                                0x32f (size before relaxing)
 .debug_str     0x0000039b       0x75 .\CortexM3\ARM_GCC_541\Debug\cymetadata.o
                                0x210 (size before relaxing)
 .debug_str     0x00000410      0x123 .\CortexM3\ARM_GCC_541\Debug\Cm3Start.o
                                0x303 (size before relaxing)
 .debug_str     0x00000533      0x280 .\CortexM3\ARM_GCC_541\Debug\MPS21_Prakt_4.a(UART.o)
                                0x44d (size before relaxing)
 .debug_str     0x000007b3      0x152 .\CortexM3\ARM_GCC_541\Debug\MPS21_Prakt_4.a(isr_UART_RX.o)
                                0x326 (size before relaxing)
 .debug_str     0x00000905       0x75 .\CortexM3\ARM_GCC_541\Debug\MPS21_Prakt_4.a(Pin_N_R.o)
                                0x218 (size before relaxing)
 .debug_str     0x0000097a       0x65 .\CortexM3\ARM_GCC_541\Debug\MPS21_Prakt_4.a(Pin_N_Y.o)
                                0x218 (size before relaxing)
 .debug_str     0x000009df       0x65 .\CortexM3\ARM_GCC_541\Debug\MPS21_Prakt_4.a(Pin_N_G.o)
                                0x218 (size before relaxing)
 .debug_str     0x00000a44       0x65 .\CortexM3\ARM_GCC_541\Debug\MPS21_Prakt_4.a(Pin_S_R.o)
                                0x218 (size before relaxing)
 .debug_str     0x00000aa9       0x65 .\CortexM3\ARM_GCC_541\Debug\MPS21_Prakt_4.a(Pin_S_Y.o)
                                0x218 (size before relaxing)
 .debug_str     0x00000b0e       0x65 .\CortexM3\ARM_GCC_541\Debug\MPS21_Prakt_4.a(Pin_S_G.o)
                                0x218 (size before relaxing)
 .debug_str     0x00000b73       0x65 .\CortexM3\ARM_GCC_541\Debug\MPS21_Prakt_4.a(Pin_W_R.o)
                                0x218 (size before relaxing)
 .debug_str     0x00000bd8       0x65 .\CortexM3\ARM_GCC_541\Debug\MPS21_Prakt_4.a(Pin_W_Y.o)
                                0x218 (size before relaxing)
 .debug_str     0x00000c3d       0x65 .\CortexM3\ARM_GCC_541\Debug\MPS21_Prakt_4.a(Pin_W_G.o)
                                0x218 (size before relaxing)
 .debug_str     0x00000ca2       0x6a .\CortexM3\ARM_GCC_541\Debug\MPS21_Prakt_4.a(Pin_E_CW.o)
                                0x21d (size before relaxing)
 .debug_str     0x00000d0c       0x6a .\CortexM3\ARM_GCC_541\Debug\MPS21_Prakt_4.a(Pin_S_CW.o)
                                0x21d (size before relaxing)
 .debug_str     0x00000d76       0xa5 .\CortexM3\ARM_GCC_541\Debug\MPS21_Prakt_4.a(Pin_CWEW.o)
                                0x25f (size before relaxing)
 .debug_str     0x00000e1b      0x110 .\CortexM3\ARM_GCC_541\Debug\MPS21_Prakt_4.a(isr_CWEW.o)
                                0x2fc (size before relaxing)
 .debug_str     0x00000f2b      0x195 .\CortexM3\ARM_GCC_541\Debug\MPS21_Prakt_4.a(PWM.o)
                                0x35c (size before relaxing)
 .debug_str     0x000010c0      0x102 .\CortexM3\ARM_GCC_541\Debug\MPS21_Prakt_4.a(isr_Clk.o)
                                0x2ee (size before relaxing)
 .debug_str     0x000011c2      0x1aa .\CortexM3\ARM_GCC_541\Debug\MPS21_Prakt_4.a(UART_IntClock.o)
                                0x362 (size before relaxing)
 .debug_str     0x0000136c      0x7da .\CortexM3\ARM_GCC_541\Debug\MPS21_Prakt_4.a(CyLib.o)
                                0xa16 (size before relaxing)
 .debug_str     0x00001b46      0x371 .\CortexM3\ARM_GCC_541\Debug\MPS21_Prakt_4.a(cyPm.o)
                                0x56f (size before relaxing)
 .debug_str     0x00001eb7      0x14f .\CortexM3\ARM_GCC_541\Debug\MPS21_Prakt_4.a(CyFlash.o)
                                0x333 (size before relaxing)
 .debug_str     0x00002006      0x12d .\CortexM3\ARM_GCC_541\Debug\MPS21_Prakt_4.a(CySpc.o)
                                0x32d (size before relaxing)

.debug_loc
 *(.debug_loc)

.debug_macinfo
 *(.debug_macinfo)

.debug_ranges   0x00000000      0x9e0
 *(.debug_ranges)
 .debug_ranges  0x00000000       0x40 .\CortexM3\ARM_GCC_541\Debug\main.o
 .debug_ranges  0x00000040       0x50 .\CortexM3\ARM_GCC_541\Debug\cyfitter_cfg.o
 .debug_ranges  0x00000090       0x38 .\CortexM3\ARM_GCC_541\Debug\Cm3Start.o
 .debug_ranges  0x000000c8       0xe0 .\CortexM3\ARM_GCC_541\Debug\MPS21_Prakt_4.a(UART.o)
 .debug_ranges  0x000001a8       0x70 .\CortexM3\ARM_GCC_541\Debug\MPS21_Prakt_4.a(isr_UART_RX.o)
 .debug_ranges  0x00000218       0x28 .\CortexM3\ARM_GCC_541\Debug\MPS21_Prakt_4.a(Pin_N_R.o)
 .debug_ranges  0x00000240       0x28 .\CortexM3\ARM_GCC_541\Debug\MPS21_Prakt_4.a(Pin_N_Y.o)
 .debug_ranges  0x00000268       0x28 .\CortexM3\ARM_GCC_541\Debug\MPS21_Prakt_4.a(Pin_N_G.o)
 .debug_ranges  0x00000290       0x28 .\CortexM3\ARM_GCC_541\Debug\MPS21_Prakt_4.a(Pin_S_R.o)
 .debug_ranges  0x000002b8       0x28 .\CortexM3\ARM_GCC_541\Debug\MPS21_Prakt_4.a(Pin_S_Y.o)
 .debug_ranges  0x000002e0       0x28 .\CortexM3\ARM_GCC_541\Debug\MPS21_Prakt_4.a(Pin_S_G.o)
 .debug_ranges  0x00000308       0x28 .\CortexM3\ARM_GCC_541\Debug\MPS21_Prakt_4.a(Pin_W_R.o)
 .debug_ranges  0x00000330       0x28 .\CortexM3\ARM_GCC_541\Debug\MPS21_Prakt_4.a(Pin_W_Y.o)
 .debug_ranges  0x00000358       0x28 .\CortexM3\ARM_GCC_541\Debug\MPS21_Prakt_4.a(Pin_W_G.o)
 .debug_ranges  0x00000380       0x28 .\CortexM3\ARM_GCC_541\Debug\MPS21_Prakt_4.a(Pin_E_CW.o)
 .debug_ranges  0x000003a8       0x28 .\CortexM3\ARM_GCC_541\Debug\MPS21_Prakt_4.a(Pin_S_CW.o)
 .debug_ranges  0x000003d0       0x38 .\CortexM3\ARM_GCC_541\Debug\MPS21_Prakt_4.a(Pin_CWEW.o)
 .debug_ranges  0x00000408       0x70 .\CortexM3\ARM_GCC_541\Debug\MPS21_Prakt_4.a(isr_CWEW.o)
 .debug_ranges  0x00000478       0x98 .\CortexM3\ARM_GCC_541\Debug\MPS21_Prakt_4.a(PWM.o)
 .debug_ranges  0x00000510       0x70 .\CortexM3\ARM_GCC_541\Debug\MPS21_Prakt_4.a(isr_Clk.o)
 .debug_ranges  0x00000580       0x60 .\CortexM3\ARM_GCC_541\Debug\MPS21_Prakt_4.a(UART_IntClock.o)
 .debug_ranges  0x000005e0      0x290 .\CortexM3\ARM_GCC_541\Debug\MPS21_Prakt_4.a(CyLib.o)
 .debug_ranges  0x00000870       0x88 .\CortexM3\ARM_GCC_541\Debug\MPS21_Prakt_4.a(cyPm.o)
 .debug_ranges  0x000008f8       0x78 .\CortexM3\ARM_GCC_541\Debug\MPS21_Prakt_4.a(CyFlash.o)
 .debug_ranges  0x00000970       0x70 .\CortexM3\ARM_GCC_541\Debug\MPS21_Prakt_4.a(CySpc.o)

.comment        0x00000000       0x6e
 .comment       0x00000000       0x6e .\CortexM3\ARM_GCC_541\Debug\main.o
                                 0x6f (size before relaxing)
 .comment       0x0000006e       0x6f .\CortexM3\ARM_GCC_541\Debug\cyfitter_cfg.o
 .comment       0x0000006e       0x6f .\CortexM3\ARM_GCC_541\Debug\cymetadata.o
 .comment       0x0000006e       0x6f .\CortexM3\ARM_GCC_541\Debug\Cm3Start.o
 .comment       0x0000006e       0x6f .\CortexM3\ARM_GCC_541\Debug\MPS21_Prakt_4.a(UART.o)
 .comment       0x0000006e       0x6f .\CortexM3\ARM_GCC_541\Debug\MPS21_Prakt_4.a(isr_UART_RX.o)
 .comment       0x0000006e       0x6f .\CortexM3\ARM_GCC_541\Debug\MPS21_Prakt_4.a(Pin_N_R.o)
 .comment       0x0000006e       0x6f .\CortexM3\ARM_GCC_541\Debug\MPS21_Prakt_4.a(Pin_N_Y.o)
 .comment       0x0000006e       0x6f .\CortexM3\ARM_GCC_541\Debug\MPS21_Prakt_4.a(Pin_N_G.o)
 .comment       0x0000006e       0x6f .\CortexM3\ARM_GCC_541\Debug\MPS21_Prakt_4.a(Pin_S_R.o)
 .comment       0x0000006e       0x6f .\CortexM3\ARM_GCC_541\Debug\MPS21_Prakt_4.a(Pin_S_Y.o)
 .comment       0x0000006e       0x6f .\CortexM3\ARM_GCC_541\Debug\MPS21_Prakt_4.a(Pin_S_G.o)
 .comment       0x0000006e       0x6f .\CortexM3\ARM_GCC_541\Debug\MPS21_Prakt_4.a(Pin_W_R.o)
 .comment       0x0000006e       0x6f .\CortexM3\ARM_GCC_541\Debug\MPS21_Prakt_4.a(Pin_W_Y.o)
 .comment       0x0000006e       0x6f .\CortexM3\ARM_GCC_541\Debug\MPS21_Prakt_4.a(Pin_W_G.o)
 .comment       0x0000006e       0x6f .\CortexM3\ARM_GCC_541\Debug\MPS21_Prakt_4.a(Pin_E_CW.o)
 .comment       0x0000006e       0x6f .\CortexM3\ARM_GCC_541\Debug\MPS21_Prakt_4.a(Pin_S_CW.o)
 .comment       0x0000006e       0x6f .\CortexM3\ARM_GCC_541\Debug\MPS21_Prakt_4.a(Pin_CWEW.o)
 .comment       0x0000006e       0x6f .\CortexM3\ARM_GCC_541\Debug\MPS21_Prakt_4.a(isr_CWEW.o)
 .comment       0x0000006e       0x6f .\CortexM3\ARM_GCC_541\Debug\MPS21_Prakt_4.a(PWM.o)
 .comment       0x0000006e       0x6f .\CortexM3\ARM_GCC_541\Debug\MPS21_Prakt_4.a(isr_Clk.o)
 .comment       0x0000006e       0x6f .\CortexM3\ARM_GCC_541\Debug\MPS21_Prakt_4.a(UART_IntClock.o)
 .comment       0x0000006e       0x6f .\CortexM3\ARM_GCC_541\Debug\MPS21_Prakt_4.a(CyLib.o)
 .comment       0x0000006e       0x6f .\CortexM3\ARM_GCC_541\Debug\MPS21_Prakt_4.a(cyPm.o)
 .comment       0x0000006e       0x6f .\CortexM3\ARM_GCC_541\Debug\MPS21_Prakt_4.a(CyFlash.o)
 .comment       0x0000006e       0x6f .\CortexM3\ARM_GCC_541\Debug\MPS21_Prakt_4.a(CySpc.o)

.debug_weaknames
 *(.debug_weaknames)

.debug_funcnames
 *(.debug_funcnames)

.debug_typenames
 *(.debug_typenames)

.debug_varnames
 *(.debug_varnames)

.note.gnu.arm.ident
 *(.note.gnu.arm.ident)

.ARM.attributes
                0x00000000       0x29
 *(.ARM.attributes)
 .ARM.attributes
                0x00000000       0x1d c:/program files (x86)/cypress/psoc creator/4.4/psoc creator/import/gnu/arm/5.4.1/bin/../lib/gcc/arm-none-eabi/5.4.1/armv7-m/crti.o
 .ARM.attributes
                0x0000001d       0x2d c:/program files (x86)/cypress/psoc creator/4.4/psoc creator/import/gnu/arm/5.4.1/bin/../lib/gcc/arm-none-eabi/5.4.1/armv7-m/crtbegin.o
 .ARM.attributes
                0x0000004a       0x1b c:/program files (x86)/cypress/psoc creator/4.4/psoc creator/import/gnu/arm/5.4.1/bin/../lib/gcc/arm-none-eabi/5.4.1/../../../../arm-none-eabi/lib/armv7-m/crt0.o
 .ARM.attributes
                0x00000065       0x33 .\CortexM3\ARM_GCC_541\Debug\main.o
 .ARM.attributes
                0x00000098       0x33 .\CortexM3\ARM_GCC_541\Debug\cyfitter_cfg.o
 .ARM.attributes
                0x000000cb       0x33 .\CortexM3\ARM_GCC_541\Debug\cymetadata.o
 .ARM.attributes
                0x000000fe       0x33 .\CortexM3\ARM_GCC_541\Debug\Cm3Start.o
 .ARM.attributes
                0x00000131       0x33 .\CortexM3\ARM_GCC_541\Debug\MPS21_Prakt_4.a(UART.o)
 .ARM.attributes
                0x00000164       0x33 .\CortexM3\ARM_GCC_541\Debug\MPS21_Prakt_4.a(isr_UART_RX.o)
 .ARM.attributes
                0x00000197       0x33 .\CortexM3\ARM_GCC_541\Debug\MPS21_Prakt_4.a(Pin_N_R.o)
 .ARM.attributes
                0x000001ca       0x33 .\CortexM3\ARM_GCC_541\Debug\MPS21_Prakt_4.a(Pin_N_Y.o)
 .ARM.attributes
                0x000001fd       0x33 .\CortexM3\ARM_GCC_541\Debug\MPS21_Prakt_4.a(Pin_N_G.o)
 .ARM.attributes
                0x00000230       0x33 .\CortexM3\ARM_GCC_541\Debug\MPS21_Prakt_4.a(Pin_S_R.o)
 .ARM.attributes
                0x00000263       0x33 .\CortexM3\ARM_GCC_541\Debug\MPS21_Prakt_4.a(Pin_S_Y.o)
 .ARM.attributes
                0x00000296       0x33 .\CortexM3\ARM_GCC_541\Debug\MPS21_Prakt_4.a(Pin_S_G.o)
 .ARM.attributes
                0x000002c9       0x33 .\CortexM3\ARM_GCC_541\Debug\MPS21_Prakt_4.a(Pin_W_R.o)
 .ARM.attributes
                0x000002fc       0x33 .\CortexM3\ARM_GCC_541\Debug\MPS21_Prakt_4.a(Pin_W_Y.o)
 .ARM.attributes
                0x0000032f       0x33 .\CortexM3\ARM_GCC_541\Debug\MPS21_Prakt_4.a(Pin_W_G.o)
 .ARM.attributes
                0x00000362       0x33 .\CortexM3\ARM_GCC_541\Debug\MPS21_Prakt_4.a(Pin_E_CW.o)
 .ARM.attributes
                0x00000395       0x33 .\CortexM3\ARM_GCC_541\Debug\MPS21_Prakt_4.a(Pin_S_CW.o)
 .ARM.attributes
                0x000003c8       0x33 .\CortexM3\ARM_GCC_541\Debug\MPS21_Prakt_4.a(Pin_CWEW.o)
 .ARM.attributes
                0x000003fb       0x33 .\CortexM3\ARM_GCC_541\Debug\MPS21_Prakt_4.a(isr_CWEW.o)
 .ARM.attributes
                0x0000042e       0x33 .\CortexM3\ARM_GCC_541\Debug\MPS21_Prakt_4.a(PWM.o)
 .ARM.attributes
                0x00000461       0x33 .\CortexM3\ARM_GCC_541\Debug\MPS21_Prakt_4.a(isr_Clk.o)
 .ARM.attributes
                0x00000494       0x33 .\CortexM3\ARM_GCC_541\Debug\MPS21_Prakt_4.a(UART_IntClock.o)
 .ARM.attributes
                0x000004c7       0x33 .\CortexM3\ARM_GCC_541\Debug\MPS21_Prakt_4.a(CyLib.o)
 .ARM.attributes
                0x000004fa       0x33 .\CortexM3\ARM_GCC_541\Debug\MPS21_Prakt_4.a(cyPm.o)
 .ARM.attributes
                0x0000052d       0x21 .\CortexM3\ARM_GCC_541\Debug\MPS21_Prakt_4.a(CyBootAsmGnu.o)
 .ARM.attributes
                0x0000054e       0x33 .\CortexM3\ARM_GCC_541\Debug\MPS21_Prakt_4.a(CyFlash.o)
 .ARM.attributes
                0x00000581       0x33 .\CortexM3\ARM_GCC_541\Debug\MPS21_Prakt_4.a(CySpc.o)
 .ARM.attributes
                0x000005b4       0x2d c:/program files (x86)/cypress/psoc creator/4.4/psoc creator/import/gnu/arm/5.4.1/bin/../lib/gcc/arm-none-eabi/5.4.1/../../../../arm-none-eabi/lib/armv7-m\libg_nano.a(lib_a-errno.o)
 .ARM.attributes
                0x000005e1       0x2d c:/program files (x86)/cypress/psoc creator/4.4/psoc creator/import/gnu/arm/5.4.1/bin/../lib/gcc/arm-none-eabi/5.4.1/../../../../arm-none-eabi/lib/armv7-m\libg_nano.a(lib_a-exit.o)
 .ARM.attributes
                0x0000060e       0x2d c:/program files (x86)/cypress/psoc creator/4.4/psoc creator/import/gnu/arm/5.4.1/bin/../lib/gcc/arm-none-eabi/5.4.1/../../../../arm-none-eabi/lib/armv7-m\libg_nano.a(lib_a-impure.o)
 .ARM.attributes
                0x0000063b       0x2d c:/program files (x86)/cypress/psoc creator/4.4/psoc creator/import/gnu/arm/5.4.1/bin/../lib/gcc/arm-none-eabi/5.4.1/../../../../arm-none-eabi/lib/armv7-m\libg_nano.a(lib_a-init.o)
 .ARM.attributes
                0x00000668       0x2d c:/program files (x86)/cypress/psoc creator/4.4/psoc creator/import/gnu/arm/5.4.1/bin/../lib/gcc/arm-none-eabi/5.4.1/../../../../arm-none-eabi/lib/armv7-m\libg_nano.a(lib_a-memcpy-stub.o)
 .ARM.attributes
                0x00000695       0x2d c:/program files (x86)/cypress/psoc creator/4.4/psoc creator/import/gnu/arm/5.4.1/bin/../lib/gcc/arm-none-eabi/5.4.1/../../../../arm-none-eabi/lib/armv7-m\libg_nano.a(lib_a-memset.o)
 .ARM.attributes
                0x000006c2       0x2d c:/program files (x86)/cypress/psoc creator/4.4/psoc creator/import/gnu/arm/5.4.1/bin/../lib/gcc/arm-none-eabi/5.4.1/../../../../arm-none-eabi/lib/armv7-m\libg_nano.a(lib_a-sprintf.o)
 .ARM.attributes
                0x000006ef       0x2d c:/program files (x86)/cypress/psoc creator/4.4/psoc creator/import/gnu/arm/5.4.1/bin/../lib/gcc/arm-none-eabi/5.4.1/../../../../arm-none-eabi/lib/armv7-m\libg_nano.a(lib_a-nano-svfprintf.o)
 .ARM.attributes
                0x0000071c       0x2d c:/program files (x86)/cypress/psoc creator/4.4/psoc creator/import/gnu/arm/5.4.1/bin/../lib/gcc/arm-none-eabi/5.4.1/../../../../arm-none-eabi/lib/armv7-m\libg_nano.a(lib_a-nano-vfprintf_i.o)
 .ARM.attributes
                0x00000749       0x2d c:/program files (x86)/cypress/psoc creator/4.4/psoc creator/import/gnu/arm/5.4.1/bin/../lib/gcc/arm-none-eabi/5.4.1/../../../../arm-none-eabi/lib/armv7-m\libg_nano.a(lib_a-memchr-stub.o)
 .ARM.attributes
                0x00000776       0x2d c:/program files (x86)/cypress/psoc creator/4.4/psoc creator/import/gnu/arm/5.4.1/bin/../lib/gcc/arm-none-eabi/5.4.1/../../../../arm-none-eabi/lib/armv7-m\libg_nano.a(lib_a-memmove.o)
 .ARM.attributes
                0x000007a3       0x2d c:/program files (x86)/cypress/psoc creator/4.4/psoc creator/import/gnu/arm/5.4.1/bin/../lib/gcc/arm-none-eabi/5.4.1/../../../../arm-none-eabi/lib/armv7-m\libg_nano.a(lib_a-nano-freer.o)
 .ARM.attributes
                0x000007d0       0x2d c:/program files (x86)/cypress/psoc creator/4.4/psoc creator/import/gnu/arm/5.4.1/bin/../lib/gcc/arm-none-eabi/5.4.1/../../../../arm-none-eabi/lib/armv7-m\libg_nano.a(lib_a-nano-mallocr.o)
 .ARM.attributes
                0x000007fd       0x2d c:/program files (x86)/cypress/psoc creator/4.4/psoc creator/import/gnu/arm/5.4.1/bin/../lib/gcc/arm-none-eabi/5.4.1/../../../../arm-none-eabi/lib/armv7-m\libg_nano.a(lib_a-nano-reallocr.o)
 .ARM.attributes
                0x0000082a       0x2d c:/program files (x86)/cypress/psoc creator/4.4/psoc creator/import/gnu/arm/5.4.1/bin/../lib/gcc/arm-none-eabi/5.4.1/../../../../arm-none-eabi/lib/armv7-m\libg_nano.a(lib_a-sbrkr.o)
 .ARM.attributes
                0x00000857       0x2d c:/program files (x86)/cypress/psoc creator/4.4/psoc creator/import/gnu/arm/5.4.1/bin/../lib/gcc/arm-none-eabi/5.4.1/../../../../arm-none-eabi/lib/armv7-m\libg_nano.a(lib_a-mlock.o)
 .ARM.attributes
                0x00000884       0x2d c:/program files (x86)/cypress/psoc creator/4.4/psoc creator/import/gnu/arm/5.4.1/bin/../lib/gcc/arm-none-eabi/5.4.1/../../../../arm-none-eabi/lib/armv7-m\libg_nano.a(lib_a-nano-msizer.o)
 .ARM.attributes
                0x000008b1       0x2d c:/program files (x86)/cypress/psoc creator/4.4/psoc creator/import/gnu/arm/5.4.1/bin/../lib/gcc/arm-none-eabi/5.4.1/../../../../arm-none-eabi/lib/armv7-m\libg_nano.a(lib_a-reent.o)
 .ARM.attributes
                0x000008de       0x2d c:/program files (x86)/cypress/psoc creator/4.4/psoc creator/import/gnu/arm/5.4.1/bin/../lib/gcc/arm-none-eabi/5.4.1/armv7-m/crtend.o
 .ARM.attributes
                0x0000090b       0x1d c:/program files (x86)/cypress/psoc creator/4.4/psoc creator/import/gnu/arm/5.4.1/bin/../lib/gcc/arm-none-eabi/5.4.1/armv7-m/crtn.o

/DISCARD/
 *(.note.GNU-stack)
OUTPUT(D:\Dokumente\Programming\Uni\Semester-3\MPS\mi6y_ws2122_zill-sebastian-769544\Praktikum_4\MPS21_Prakt_4.cydsn\CortexM3\ARM_GCC_541\Debug\MPS21_Prakt_4.elf elf32-littlearm)
