Archive member included to satisfy reference by file (symbol)

.\CortexM3\ARM_GCC_541\Debug\MPS21_Prakt_3.a(UART.o)
                              .\CortexM3\ARM_GCC_541\Debug\main.o (UART_Start)
.\CortexM3\ARM_GCC_541\Debug\MPS21_Prakt_3.a(isr_UART_RX.o)
                              .\CortexM3\ARM_GCC_541\Debug\main.o (isr_UART_RX_StartEx)
.\CortexM3\ARM_GCC_541\Debug\MPS21_Prakt_3.a(Pin_E_CW.o)
                              .\CortexM3\ARM_GCC_541\Debug\main.o (Pin_E_CW_Write)
.\CortexM3\ARM_GCC_541\Debug\MPS21_Prakt_3.a(Pin_CWEW.o)
                              .\CortexM3\ARM_GCC_541\Debug\main.o (Pin_CWEW_ClearInterrupt)
.\CortexM3\ARM_GCC_541\Debug\MPS21_Prakt_3.a(isr_CWEW.o)
                              .\CortexM3\ARM_GCC_541\Debug\main.o (isr_CWEW_StartEx)
.\CortexM3\ARM_GCC_541\Debug\MPS21_Prakt_3.a(isr_Clk.o)
                              .\CortexM3\ARM_GCC_541\Debug\main.o (isr_Clk_StartEx)
.\CortexM3\ARM_GCC_541\Debug\MPS21_Prakt_3.a(UART_IntClock.o)
                              .\CortexM3\ARM_GCC_541\Debug\MPS21_Prakt_3.a(UART.o) (UART_IntClock_Start)
.\CortexM3\ARM_GCC_541\Debug\MPS21_Prakt_3.a(CyLib.o)
                              .\CortexM3\ARM_GCC_541\Debug\Cm3Start.o (CyResetStatus)
.\CortexM3\ARM_GCC_541\Debug\MPS21_Prakt_3.a(cyPm.o)
                              .\CortexM3\ARM_GCC_541\Debug\MPS21_Prakt_3.a(CyLib.o) (CyPmReadStatus)
.\CortexM3\ARM_GCC_541\Debug\MPS21_Prakt_3.a(CyBootAsmGnu.o)
                              .\CortexM3\ARM_GCC_541\Debug\cyfitter_cfg.o (CyDelayCycles)
.\CortexM3\ARM_GCC_541\Debug\MPS21_Prakt_3.a(CyFlash.o)
                              .\CortexM3\ARM_GCC_541\Debug\MPS21_Prakt_3.a(cyPm.o) (CyFlash_SetWaitCycles)
.\CortexM3\ARM_GCC_541\Debug\MPS21_Prakt_3.a(CySpc.o)
                              .\CortexM3\ARM_GCC_541\Debug\MPS21_Prakt_3.a(CyFlash.o) (CySpcStart)
c:/program files (x86)/cypress/psoc creator/4.4/psoc creator/import/gnu/arm/5.4.1/bin/../lib/gcc/arm-none-eabi/5.4.1/../../../../arm-none-eabi/lib/armv7-m\libg_nano.a(lib_a-errno.o)
                              .\CortexM3\ARM_GCC_541\Debug\Cm3Start.o (__errno)
c:/program files (x86)/cypress/psoc creator/4.4/psoc creator/import/gnu/arm/5.4.1/bin/../lib/gcc/arm-none-eabi/5.4.1/../../../../arm-none-eabi/lib/armv7-m\libg_nano.a(lib_a-exit.o)
                              c:/program files (x86)/cypress/psoc creator/4.4/psoc creator/import/gnu/arm/5.4.1/bin/../lib/gcc/arm-none-eabi/5.4.1/../../../../arm-none-eabi/lib/armv7-m/crt0.o (exit)
c:/program files (x86)/cypress/psoc creator/4.4/psoc creator/import/gnu/arm/5.4.1/bin/../lib/gcc/arm-none-eabi/5.4.1/../../../../arm-none-eabi/lib/armv7-m\libg_nano.a(lib_a-impure.o)
                              c:/program files (x86)/cypress/psoc creator/4.4/psoc creator/import/gnu/arm/5.4.1/bin/../lib/gcc/arm-none-eabi/5.4.1/../../../../arm-none-eabi/lib/armv7-m\libg_nano.a(lib_a-exit.o) (_global_impure_ptr)
c:/program files (x86)/cypress/psoc creator/4.4/psoc creator/import/gnu/arm/5.4.1/bin/../lib/gcc/arm-none-eabi/5.4.1/../../../../arm-none-eabi/lib/armv7-m\libg_nano.a(lib_a-init.o)
                              c:/program files (x86)/cypress/psoc creator/4.4/psoc creator/import/gnu/arm/5.4.1/bin/../lib/gcc/arm-none-eabi/5.4.1/../../../../arm-none-eabi/lib/armv7-m/crt0.o (__libc_init_array)
c:/program files (x86)/cypress/psoc creator/4.4/psoc creator/import/gnu/arm/5.4.1/bin/../lib/gcc/arm-none-eabi/5.4.1/../../../../arm-none-eabi/lib/armv7-m\libg_nano.a(lib_a-memcpy-stub.o)
                              .\CortexM3\ARM_GCC_541\Debug\cyfitter_cfg.o (memcpy)
c:/program files (x86)/cypress/psoc creator/4.4/psoc creator/import/gnu/arm/5.4.1/bin/../lib/gcc/arm-none-eabi/5.4.1/../../../../arm-none-eabi/lib/armv7-m\libg_nano.a(lib_a-memset.o)
                              c:/program files (x86)/cypress/psoc creator/4.4/psoc creator/import/gnu/arm/5.4.1/bin/../lib/gcc/arm-none-eabi/5.4.1/../../../../arm-none-eabi/lib/armv7-m/crt0.o (memset)
c:/program files (x86)/cypress/psoc creator/4.4/psoc creator/import/gnu/arm/5.4.1/bin/../lib/gcc/arm-none-eabi/5.4.1/../../../../arm-none-eabi/lib/armv7-m\libg_nano.a(lib_a-sprintf.o)
                              .\CortexM3\ARM_GCC_541\Debug\main.o (sprintf)
c:/program files (x86)/cypress/psoc creator/4.4/psoc creator/import/gnu/arm/5.4.1/bin/../lib/gcc/arm-none-eabi/5.4.1/../../../../arm-none-eabi/lib/armv7-m\libg_nano.a(lib_a-nano-svfprintf.o)
                              c:/program files (x86)/cypress/psoc creator/4.4/psoc creator/import/gnu/arm/5.4.1/bin/../lib/gcc/arm-none-eabi/5.4.1/../../../../arm-none-eabi/lib/armv7-m\libg_nano.a(lib_a-sprintf.o) (_svfprintf_r)
c:/program files (x86)/cypress/psoc creator/4.4/psoc creator/import/gnu/arm/5.4.1/bin/../lib/gcc/arm-none-eabi/5.4.1/../../../../arm-none-eabi/lib/armv7-m\libg_nano.a(lib_a-nano-vfprintf_i.o)
[...]
Memory Configuration

Name             Origin             Length             Attributes
rom              0x00000000         0x00040000         xr
ram              0x1fff8000         0x00010000         xrw
*default*        0x00000000         0xffffffff

Linker script and memory map

LOAD c:/program files (x86)/cypress/psoc creator/4.4/psoc creator/import/gnu/arm/5.4.1/bin/../lib/gcc/arm-none-eabi/5.4.1/armv7-m/crti.o
LOAD c:/program files (x86)/cypress/psoc creator/4.4/psoc creator/import/gnu/arm/5.4.1/bin/../lib/gcc/arm-none-eabi/5.4.1/armv7-m/crtbegin.o
LOAD c:/program files (x86)/cypress/psoc creator/4.4/psoc creator/import/gnu/arm/5.4.1/bin/../lib/gcc/arm-none-eabi/5.4.1/../../../../arm-none-eabi/lib/armv7-m/crt0.o
START GROUP
LOAD .\CortexM3\ARM_GCC_541\Debug\main.o
LOAD .\CortexM3\ARM_GCC_541\Debug\cyfitter_cfg.o
LOAD .\CortexM3\ARM_GCC_541\Debug\cymetadata.o
LOAD .\CortexM3\ARM_GCC_541\Debug\Cm3Start.o
LOAD .\CortexM3\ARM_GCC_541\Debug\MPS21_Prakt_3.a
LOAD C:\Program Files (x86)\Cypress\PSoC Creator\4.4\PSoC Creator\psoc\content\cycomponentlibrary\CyComponentLibrary.cylib\CortexM3\ARM_GCC_541\Debug\CyComponentLibrary.a
END GROUP
START GROUP
LOAD c:/program files (x86)/cypress/psoc creator/4.4/psoc creator/import/gnu/arm/5.4.1/bin/../lib/gcc/arm-none-eabi/5.4.1/armv7-m\libgcc.a
LOAD c:/program files (x86)/cypress/psoc creator/4.4/psoc creator/import/gnu/arm/5.4.1/bin/../lib/gcc/arm-none-eabi/5.4.1/../../../../arm-none-eabi/lib/armv7-m\libg_nano.a
LOAD c:/program files (x86)/cypress/psoc creator/4.4/psoc creator/import/gnu/arm/5.4.1/bin/../lib/gcc/arm-none-eabi/5.4.1/../../../../arm-none-eabi/lib/armv7-m\libc_nano.a
END GROUP
START GROUP
LOAD c:/program files (x86)/cypress/psoc creator/4.4/psoc creator/import/gnu/arm/5.4.1/bin/../lib/gcc/arm-none-eabi/5.4.1/armv7-m\libgcc.a
LOAD c:/program files (x86)/cypress/psoc creator/4.4/psoc creator/import/gnu/arm/5.4.1/bin/../lib/gcc/arm-none-eabi/5.4.1/../../../../arm-none-eabi/lib/armv7-m\libc_nano.a
END GROUP
LOAD c:/program files (x86)/cypress/psoc creator/4.4/psoc creator/import/gnu/arm/5.4.1/bin/../lib/gcc/arm-none-eabi/5.4.1/armv7-m/crtend.o
LOAD c:/program files (x86)/cypress/psoc creator/4.4/psoc creator/import/gnu/arm/5.4.1/bin/../lib/gcc/arm-none-eabi/5.4.1/armv7-m/crtn.o
START GROUP
LOAD c:/program files (x86)/cypress/psoc creator/4.4/psoc creator/import/gnu/arm/5.4.1/bin/../lib/gcc/arm-none-eabi/5.4.1/armv7-m\libgcc.a
LOAD c:/program files (x86)/cypress/psoc creator/4.4/psoc creator/import/gnu/arm/5.4.1/bin/../lib/gcc/arm-none-eabi/5.4.1/../../../../arm-none-eabi/lib/armv7-m\libc.a
LOAD c:/program files (x86)/cypress/psoc creator/4.4/psoc creator/import/gnu/arm/5.4.1/bin/../lib/gcc/arm-none-eabi/5.4.1/../../../../arm-none-eabi/lib/armv7-m\libnosys.a
END GROUP
                0x00000000                CY_APPL_ORIGIN = 0x0
                0x00000100                CY_FLASH_ROW_SIZE = 0x100
                0x00000020                CY_ECC_ROW_SIZE = 0x20
                0x00000000                CY_EE_IN_BTLDR = 0x0
                0x00000000                CY_APPL_LOADABLE = 0x0
                0x00000800                CY_EE_SIZE = 0x800
                0x00000001                CY_APPL_NUM = 0x1
                0x00000001                CY_APPL_MAX = 0x1
                0x00000040                CY_METADATA_SIZE = 0x40
                0x00000000                CY_APPL_LOADABLE = 0x0
                0x00000000                CY_CHECKSUM_EXCLUDE_SIZE = ALIGN (0x0, CY_FLASH_ROW_SIZE)
                [!provide]                PROVIDE (__cy_heap_start, _end)
                0x00000001                PROVIDE (__cy_region_num, ((__cy_regions_end - __cy_regions) / 0x10))
                0x20008000                PROVIDE (__cy_stack, (ORIGIN (ram) + LENGTH (ram)))
                [!provide]                PROVIDE (__cy_heap_end, (__cy_stack - 0x800))

.cybootloader   0x00000000        0x0
 *(.cybootloader)
                0x00000000                appl1_start = CY_APPL_ORIGIN?CY_APPL_ORIGIN:ALIGN (CY_FLASH_ROW_SIZE)
                0x0001ff00                appl2_start = (appl1_start + ALIGN ((((LENGTH (rom) - appl1_start) - (0x2 * CY_FLASH_ROW_SIZE)) / 0x2), CY_FLASH_ROW_SIZE))
                0x00000000                appl_start = (CY_APPL_NUM == 0x1)?appl1_start:appl2_start
                0x00000000                ecc_offset = ((appl_start / CY_FLASH_ROW_SIZE) * CY_ECC_ROW_SIZE)
                0x00000000                ee_offset = (CY_APPL_LOADABLE && ! (CY_EE_IN_BTLDR))?((CY_EE_SIZE / CY_APPL_MAX) * (CY_APPL_NUM - 0x1)):0x0
                0x00000800                ee_size = (CY_APPL_LOADABLE && ! (CY_EE_IN_BTLDR))?(CY_EE_SIZE / CY_APPL_MAX):CY_EE_SIZE
                [!provide]                PROVIDE (CY_ECC_OFFSET, ecc_offset)

.text           0x00000000     0x1488
 CREATE_OBJECT_SYMBOLS
                0x00000000                PROVIDE (__cy_interrupt_vector, RomVectors)
 *(.romvectors)
 .romvectors    0x00000000       0x10 .\CortexM3\ARM_GCC_541\Debug\Cm3Start.o
                0x00000000                RomVectors
                0x00000001                ASSERT ((. != __cy_interrupt_vector), No interrupt vector)
                0x00000001                ASSERT (CY_APPL_ORIGIN?(SIZEOF (.cybootloader) <= CY_APPL_ORIGIN):0x1, Wrong image location)
                0x00000010                PROVIDE (__cy_reset, Reset)
 *(.text.Reset)
 .text.Reset    0x00000010       0x18 .\CortexM3\ARM_GCC_541\Debug\Cm3Start.o
                0x00000010                Reset
                0x00000001                ASSERT ((. != __cy_reset), No reset code)
 *(.dma_init)
                0x00000001                ASSERT ((((appl_start + .) <= 0x10000) || 0x1), DMA Init must be within the first 64k of flash)
 *(.text .text.* .gnu.linkonce.t.*)
 .text          0x00000028       0x5c c:/program files (x86)/cypress/psoc creator/4.4/psoc creator/import/gnu/arm/5.4.1/bin/../lib/gcc/arm-none-eabi/5.4.1/armv7-m/crtbegin.o
 .text.MyIsrUartRX
                0x00000084       0x18 .\CortexM3\ARM_GCC_541\Debug\main.o
                0x00000084                MyIsrUartRX
 .text.MyIsrCWEW
                0x0000009c       0x18 .\CortexM3\ARM_GCC_541\Debug\main.o
                0x0000009c                MyIsrCWEW
 .text.IsrAppClk
                0x000000b4       0x4c .\CortexM3\ARM_GCC_541\Debug\main.o
                0x000000b4                IsrAppClk
 .text.toggleLED
                0x00000100       0x20 .\CortexM3\ARM_GCC_541\Debug\main.o
                0x00000100                toggleLED
 .text.main     0x00000120       0xf8 .\CortexM3\ARM_GCC_541\Debug\main.o
                0x00000120                main
 .text.CYMEMZERO
                0x00000218       0x1c .\CortexM3\ARM_GCC_541\Debug\cyfitter_cfg.o
 .text.CYCONFIGCPY
                0x00000234       0x20 .\CortexM3\ARM_GCC_541\Debug\cyfitter_cfg.o
 .text.CyClockStartupError
                0x00000254        0xc .\CortexM3\ARM_GCC_541\Debug\cyfitter_cfg.o
 .text.cfg_write_bytes32
                0x00000260       0x74 .\CortexM3\ARM_GCC_541\Debug\cyfitter_cfg.o
 .text.ClockSetup
                0x000002d4      0x118 .\CortexM3\ARM_GCC_541\Debug\cyfitter_cfg.o
 .text.AnalogSetDefault
                0x000003ec       0x44 .\CortexM3\ARM_GCC_541\Debug\cyfitter_cfg.o
 .text.cyfitter_cfg
                0x00000430      0x1a4 .\CortexM3\ARM_GCC_541\Debug\cyfitter_cfg.o
                0x00000430                cyfitter_cfg
 .text.IntDefaultHandler
                0x000005d4       0x14 .\CortexM3\ARM_GCC_541\Debug\Cm3Start.o
                0x000005d4                IntDefaultHandler
 .text._sbrk    0x000005e8       0x50 .\CortexM3\ARM_GCC_541\Debug\Cm3Start.o
                0x000005e8                _sbrk
 .text.Start_c  0x00000638       0x98 .\CortexM3\ARM_GCC_541\Debug\Cm3Start.o
                0x00000638                Start_c
 .text.initialize_psoc
                0x000006d0       0x90 .\CortexM3\ARM_GCC_541\Debug\Cm3Start.o
                0x000006d0                initialize_psoc
 .text.UART_Start
                0x00000760       0x24 .\CortexM3\ARM_GCC_541\Debug\MPS21_Prakt_3.a(UART.o)
                0x00000760                UART_Start
 .text.UART_Init
                0x00000784       0x40 .\CortexM3\ARM_GCC_541\Debug\MPS21_Prakt_3.a(UART.o)
                0x00000784                UART_Init
 .text.UART_Enable
                0x000007c4       0x60 .\CortexM3\ARM_GCC_541\Debug\MPS21_Prakt_3.a(UART.o)
                0x000007c4                UART_Enable
 .text.UART_GetChar
                0x00000824       0x44 .\CortexM3\ARM_GCC_541\Debug\MPS21_Prakt_3.a(UART.o)
                0x00000824                UART_GetChar
 .text.UART_PutChar
                0x00000868       0x34 .\CortexM3\ARM_GCC_541\Debug\MPS21_Prakt_3.a(UART.o)
                0x00000868                UART_PutChar
 .text.UART_PutString
                0x0000089c       0x44 .\CortexM3\ARM_GCC_541\Debug\MPS21_Prakt_3.a(UART.o)
                0x0000089c                UART_PutString
 .text.isr_UART_RX_StartEx
                0x000008e0       0x24 .\CortexM3\ARM_GCC_541\Debug\MPS21_Prakt_3.a(isr_UART_RX.o)
                0x000008e0                isr_UART_RX_StartEx
 .text.isr_UART_RX_SetVector
                0x00000904       0x24 .\CortexM3\ARM_GCC_541\Debug\MPS21_Prakt_3.a(isr_UART_RX.o)
                0x00000904                isr_UART_RX_SetVector
 .text.isr_UART_RX_SetPriority
                0x00000928       0x24 .\CortexM3\ARM_GCC_541\Debug\MPS21_Prakt_3.a(isr_UART_RX.o)
                0x00000928                isr_UART_RX_SetPriority
 .text.isr_UART_RX_Enable
                0x0000094c       0x18 .\CortexM3\ARM_GCC_541\Debug\MPS21_Prakt_3.a(isr_UART_RX.o)
                0x0000094c                isr_UART_RX_Enable
 .text.isr_UART_RX_Disable
                0x00000964       0x18 .\CortexM3\ARM_GCC_541\Debug\MPS21_Prakt_3.a(isr_UART_RX.o)
                0x00000964                isr_UART_RX_Disable
 .text.Pin_E_CW_Write
                0x0000097c       0x3c .\CortexM3\ARM_GCC_541\Debug\MPS21_Prakt_3.a(Pin_E_CW.o)
                0x0000097c                Pin_E_CW_Write
 .text.Pin_E_CW_Read
                0x000009b8       0x20 .\CortexM3\ARM_GCC_541\Debug\MPS21_Prakt_3.a(Pin_E_CW.o)
                0x000009b8                Pin_E_CW_Read
 .text.Pin_CWEW_ClearInterrupt
                0x000009d8       0x20 .\CortexM3\ARM_GCC_541\Debug\MPS21_Prakt_3.a(Pin_CWEW.o)
                0x000009d8                Pin_CWEW_ClearInterrupt
 .text.isr_CWEW_StartEx
                0x000009f8       0x24 .\CortexM3\ARM_GCC_541\Debug\MPS21_Prakt_3.a(isr_CWEW.o)
                0x000009f8                isr_CWEW_StartEx
 .text.isr_CWEW_SetVector
                0x00000a1c       0x24 .\CortexM3\ARM_GCC_541\Debug\MPS21_Prakt_3.a(isr_CWEW.o)
                0x00000a1c                isr_CWEW_SetVector
 .text.isr_CWEW_SetPriority
                0x00000a40       0x24 .\CortexM3\ARM_GCC_541\Debug\MPS21_Prakt_3.a(isr_CWEW.o)
                0x00000a40                isr_CWEW_SetPriority
 .text.isr_CWEW_Enable
                0x00000a64       0x18 .\CortexM3\ARM_GCC_541\Debug\MPS21_Prakt_3.a(isr_CWEW.o)
                0x00000a64                isr_CWEW_Enable
 .text.isr_CWEW_Disable
                0x00000a7c       0x18 .\CortexM3\ARM_GCC_541\Debug\MPS21_Prakt_3.a(isr_CWEW.o)
                0x00000a7c                isr_CWEW_Disable
 .text.isr_CWEW_ClearPending
                0x00000a94       0x18 .\CortexM3\ARM_GCC_541\Debug\MPS21_Prakt_3.a(isr_CWEW.o)
                0x00000a94                isr_CWEW_ClearPending
 .text.isr_Clk_StartEx
                0x00000aac       0x24 .\CortexM3\ARM_GCC_541\Debug\MPS21_Prakt_3.a(isr_Clk.o)
                0x00000aac                isr_Clk_StartEx
 .text.isr_Clk_SetVector
                0x00000ad0       0x24 .\CortexM3\ARM_GCC_541\Debug\MPS21_Prakt_3.a(isr_Clk.o)
                0x00000ad0                isr_Clk_SetVector
 .text.isr_Clk_SetPriority
                0x00000af4       0x24 .\CortexM3\ARM_GCC_541\Debug\MPS21_Prakt_3.a(isr_Clk.o)
                0x00000af4                isr_Clk_SetPriority
 .text.isr_Clk_Enable
                0x00000b18       0x18 .\CortexM3\ARM_GCC_541\Debug\MPS21_Prakt_3.a(isr_Clk.o)
                0x00000b18                isr_Clk_Enable
 .text.isr_Clk_Disable
                0x00000b30       0x18 .\CortexM3\ARM_GCC_541\Debug\MPS21_Prakt_3.a(isr_Clk.o)
                0x00000b30                isr_Clk_Disable
 .text.UART_IntClock_Start
                0x00000b48       0x34 .\CortexM3\ARM_GCC_541\Debug\MPS21_Prakt_3.a(UART_IntClock.o)
                0x00000b48                UART_IntClock_Start
 .text.CySoftwareReset
                0x00000b7c       0x20 .\CortexM3\ARM_GCC_541\Debug\MPS21_Prakt_3.a(CyLib.o)
                0x00000b7c                CySoftwareReset
 *fill*         0x00000b9c        0x4 
 .text          0x00000ba0       0x20 .\CortexM3\ARM_GCC_541\Debug\MPS21_Prakt_3.a(CyBootAsmGnu.o)
                0x00000ba0                CyDelayCycles
                0x00000bb0                CyEnterCriticalSection
                0x00000bb8                CyExitCriticalSection
 .text.__errno  0x00000bc0        0xc c:/program files (x86)/cypress/psoc creator/4.4/psoc creator/import/gnu/arm/5.4.1/bin/../lib/gcc/arm-none-eabi/5.4.1/../../../../arm-none-eabi/lib/armv7-m\libg_nano.a(lib_a-errno.o)
                0x00000bc0                __errno
 .text.__libc_init_array
                0x00000bcc       0x4c c:/program files (x86)/cypress/psoc creator/4.4/psoc creator/import/gnu/arm/5.4.1/bin/../lib/gcc/arm-none-eabi/5.4.1/../../../../arm-none-eabi/lib/armv7-m\libg_nano.a(lib_a-init.o)
                0x00000bcc                __libc_init_array
 .text.memcpy   0x00000c18       0x16 c:/program files (x86)/cypress/psoc creator/4.4/psoc creator/import/gnu/arm/5.4.1/bin/../lib/gcc/arm-none-eabi/5.4.1/../../../../arm-none-eabi/lib/armv7-m\libg_nano.a(lib_a-memcpy-stub.o)
                0x00000c18                memcpy
 .text.memset   0x00000c2e       0x10 c:/program files (x86)/cypress/psoc creator/4.4/psoc creator/import/gnu/arm/5.4.1/bin/../lib/gcc/arm-none-eabi/5.4.1/../../../../arm-none-eabi/lib/armv7-m\libg_nano.a(lib_a-memset.o)
                0x00000c2e                memset
 *fill*         0x00000c3e        0x2 
 .text.sprintf  0x00000c40       0x48 c:/program files (x86)/cypress/psoc creator/4.4/psoc creator/import/gnu/arm/5.4.1/bin/../lib/gcc/arm-none-eabi/5.4.1/../../../../arm-none-eabi/lib/armv7-m\libg_nano.a(lib_a-sprintf.o)
                0x00000c40                siprintf
                0x00000c40                sprintf
 .text.__ssputs_r
                0x00000c88       0xb2 c:/program files (x86)/cypress/psoc creator/4.4/psoc creator/import/gnu/arm/5.4.1/bin/../lib/gcc/arm-none-eabi/5.4.1/../../../../arm-none-eabi/lib/armv7-m\libg_nano.a(lib_a-nano-svfprintf.o)
                0x00000c88                __ssputs_r
 *fill*         0x00000d3a        0x2 
 .text._svfprintf_r
                0x00000d3c      0x1e8 c:/program files (x86)/cypress/psoc creator/4.4/psoc creator/import/gnu/arm/5.4.1/bin/../lib/gcc/arm-none-eabi/5.4.1/../../../../arm-none-eabi/lib/armv7-m\libg_nano.a(lib_a-nano-svfprintf.o)
                0x00000d3c                _svfiprintf_r
                0x00000d3c                _svfprintf_r
 .text._printf_common
                0x00000f24       0xec c:/program files (x86)/cypress/psoc creator/4.4/psoc creator/import/gnu/arm/5.4.1/bin/../lib/gcc/arm-none-eabi/5.4.1/../../../../arm-none-eabi/lib/armv7-m\libg_nano.a(lib_a-nano-vfprintf_i.o)
                0x00000f24                _printf_common
 .text._printf_i
                0x00001010      0x24c c:/program files (x86)/cypress/psoc creator/4.4/psoc creator/import/gnu/arm/5.4.1/bin/../lib/gcc/arm-none-eabi/5.4.1/../../../../arm-none-eabi/lib/armv7-m\libg_nano.a(lib_a-nano-vfprintf_i.o)
                0x00001010                _printf_i
 .text.memchr   0x0000125c       0x1c c:/program files (x86)/cypress/psoc creator/4.4/psoc creator/import/gnu/arm/5.4.1/bin/../lib/gcc/arm-none-eabi/5.4.1/../../../../arm-none-eabi/lib/armv7-m\libg_nano.a(lib_a-memchr-stub.o)
                0x0000125c                memchr
 .text.memmove  0x00001278       0x36 c:/program files (x86)/cypress/psoc creator/4.4/psoc creator/import/gnu/arm/5.4.1/bin/../lib/gcc/arm-none-eabi/5.4.1/../../../../arm-none-eabi/lib/armv7-m\libg_nano.a(lib_a-memmove.o)
                0x00001278                memmove
 *fill*         0x000012ae        0x2 
 .text._free_r  0x000012b0       0x98 c:/program files (x86)/cypress/psoc creator/4.4/psoc creator/import/gnu/arm/5.4.1/bin/../lib/gcc/arm-none-eabi/5.4.1/../../../../arm-none-eabi/lib/armv7-m\libg_nano.a(lib_a-nano-freer.o)
                0x000012b0                _free_r
 .text._malloc_r
                0x00001348       0xbc c:/program files (x86)/cypress/psoc creator/4.4/psoc creator/import/gnu/arm/5.4.1/bin/../lib/gcc/arm-none-eabi/5.4.1/../../../../arm-none-eabi/lib/armv7-m\libg_nano.a(lib_a-nano-mallocr.o)
                0x00001348                _malloc_r
 .text._realloc_r
                0x00001404       0x4c c:/program files (x86)/cypress/psoc creator/4.4/psoc creator/import/gnu/arm/5.4.1/bin/../lib/gcc/arm-none-eabi/5.4.1/../../../../arm-none-eabi/lib/armv7-m\libg_nano.a(lib_a-nano-reallocr.o)
                0x00001404                _realloc_r
 .text._sbrk_r  0x00001450       0x20 c:/program files (x86)/cypress/psoc creator/4.4/psoc creator/import/gnu/arm/5.4.1/bin/../lib/gcc/arm-none-eabi/5.4.1/../../../../arm-none-eabi/lib/armv7-m\libg_nano.a(lib_a-sbrkr.o)
                0x00001450                _sbrk_r
 .text.__malloc_lock
                0x00001470        0x2 c:/program files (x86)/cypress/psoc creator/4.4/psoc creator/import/gnu/arm/5.4.1/bin/../lib/gcc/arm-none-eabi/5.4.1/../../../../arm-none-eabi/lib/armv7-m\libg_nano.a(lib_a-mlock.o)
                0x00001470                __malloc_lock
 .text.__malloc_unlock
                0x00001472        0x2 c:/program files (x86)/cypress/psoc creator/4.4/psoc creator/import/gnu/arm/5.4.1/bin/../lib/gcc/arm-none-eabi/5.4.1/../../../../arm-none-eabi/lib/armv7-m\libg_nano.a(lib_a-mlock.o)
                0x00001472                __malloc_unlock
 .text._malloc_usable_size_r
                0x00001474       0x14 c:/program files (x86)/cypress/psoc creator/4.4/psoc creator/import/gnu/arm/5.4.1/bin/../lib/gcc/arm-none-eabi/5.4.1/../../../../arm-none-eabi/lib/armv7-m\libg_nano.a(lib_a-nano-msizer.o)
                0x00001474                _malloc_usable_size_r
 *(.plt)
 *(.gnu.warning)
 *(.glue_7t)
 .glue_7t       0x00001488        0x0 linker stubs
 *(.glue_7)
 .glue_7        0x00001488        0x0 linker stubs
 *(.vfp11_veneer)
 .vfp11_veneer  0x00001488        0x0 linker stubs
 *(.bootloader)
 *(.ARM.extab* .gnu.linkonce.armextab.*)
 *(.gcc_except_table)

.v4_bx          0x00001488        0x0
 .v4_bx         0x00001488        0x0 linker stubs

.iplt           0x00001488        0x0
 .iplt          0x00001488        0x0 c:/program files (x86)/cypress/psoc creator/4.4/psoc creator/import/gnu/arm/5.4.1/bin/../lib/gcc/arm-none-eabi/5.4.1/armv7-m/crtbegin.o

.eh_frame_hdr
 *(.eh_frame_hdr)

.eh_frame       0x00001488        0x4
 *(.eh_frame)
 .eh_frame      0x00001488        0x0 c:/program files (x86)/cypress/psoc creator/4.4/psoc creator/import/gnu/arm/5.4.1/bin/../lib/gcc/arm-none-eabi/5.4.1/armv7-m/crtbegin.o
 .eh_frame      0x00001488        0x4 c:/program files (x86)/cypress/psoc creator/4.4/psoc creator/import/gnu/arm/5.4.1/bin/../lib/gcc/arm-none-eabi/5.4.1/armv7-m/crtend.o
                [!provide]                PROVIDE (__exidx_start, .)

.ARM.exidx
 *(.ARM.exidx* .gnu.linkonce.armexidx.*)
                0x0000148c                __exidx_end = .

.rodata         0x0000148c      0x15c
 *(.rodata .rodata.* .gnu.linkonce.r.*)
 .rodata        0x0000148c       0xb2 .\CortexM3\ARM_GCC_541\Debug\main.o
 *fill*         0x0000153e        0x2 
 .rodata        0x00001540       0x3a .\CortexM3\ARM_GCC_541\Debug\cyfitter_cfg.o
 .rodata.str1.1
                0x0000157a        0x2 c:/program files (x86)/cypress/psoc creator/4.4/psoc creator/import/gnu/arm/5.4.1/bin/../lib/gcc/arm-none-eabi/5.4.1/../../../../arm-none-eabi/lib/armv7-m\libg_nano.a(lib_a-impure.o)
 .rodata.str1.1
                0x0000157c       0x11 c:/program files (x86)/cypress/psoc creator/4.4/psoc creator/import/gnu/arm/5.4.1/bin/../lib/gcc/arm-none-eabi/5.4.1/../../../../arm-none-eabi/lib/armv7-m\libg_nano.a(lib_a-nano-svfprintf.o)
 .rodata.str1.1
                0x0000158d       0x22 c:/program files (x86)/cypress/psoc creator/4.4/psoc creator/import/gnu/arm/5.4.1/bin/../lib/gcc/arm-none-eabi/5.4.1/../../../../arm-none-eabi/lib/armv7-m\libg_nano.a(lib_a-nano-vfprintf_i.o)
                0x000015b0                . = ALIGN (0x4)
 *fill*         0x000015af        0x1 
 *(.init)
 .init          0x000015b0        0x4 c:/program files (x86)/cypress/psoc creator/4.4/psoc creator/import/gnu/arm/5.4.1/bin/../lib/gcc/arm-none-eabi/5.4.1/armv7-m/crti.o
                0x000015b0                _init
 .init          0x000015b4        0x8 c:/program files (x86)/cypress/psoc creator/4.4/psoc creator/import/gnu/arm/5.4.1/bin/../lib/gcc/arm-none-eabi/5.4.1/armv7-m/crtn.o
                0x000015bc                . = ALIGN (0x4)
                0x000015bc                __preinit_array_start = .
 *(.preinit_array)
                0x000015bc                __preinit_array_end = .
                0x000015bc                . = ALIGN (0x4)
                0x000015bc                __init_array_start = .
 *(SORT(.init_array.*))
 *(.init_array)
 .init_array    0x000015bc        0x4 c:/program files (x86)/cypress/psoc creator/4.4/psoc creator/import/gnu/arm/5.4.1/bin/../lib/gcc/arm-none-eabi/5.4.1/armv7-m/crtbegin.o
 .init_array    0x000015c0        0x4 .\CortexM3\ARM_GCC_541\Debug\Cm3Start.o
                0x000015c4                __init_array_end = .
                0x000015c4                . = ALIGN (0x4)
 *(.fini)
 .fini          0x000015c4        0x4 c:/program files (x86)/cypress/psoc creator/4.4/psoc creator/import/gnu/arm/5.4.1/bin/../lib/gcc/arm-none-eabi/5.4.1/armv7-m/crti.o
                0x000015c4                _fini
 .fini          0x000015c8        0x8 c:/program files (x86)/cypress/psoc creator/4.4/psoc creator/import/gnu/arm/5.4.1/bin/../lib/gcc/arm-none-eabi/5.4.1/armv7-m/crtn.o
                0x000015d0                . = ALIGN (0x4)
                0x000015d0                __fini_array_start = .
 *(.fini_array)
 .fini_array    0x000015d0        0x4 c:/program files (x86)/cypress/psoc creator/4.4/psoc creator/import/gnu/arm/5.4.1/bin/../lib/gcc/arm-none-eabi/5.4.1/armv7-m/crtbegin.o
 *(SORT(.fini_array.*))
                0x000015d4                __fini_array_end = .
                0x000015d4                . = ALIGN (0x4)
 *crtbegin.o(.ctors)
 *(EXCLUDE_FILE(*crtend.o) .ctors)
 *(SORT(.ctors.*))
 *crtend.o(.ctors)
                0x000015d4                . = ALIGN (0x4)
 *crtbegin.o(.dtors)
 *(EXCLUDE_FILE(*crtend.o) .dtors)
 *(SORT(.dtors.*))
 *crtend.o(.dtors)
                0x000015d4                . = ALIGN (0x4)
                0x000015d4                __cy_regions = .
                0x000015d4        0x4 LONG 0x15e8 __cy_region_init_ram
                0x000015d8        0x4 LONG 0x1fff80c8 __cy_region_start_data
                0x000015dc        0x4 LONG 0x70 __cy_region_init_size_ram
                0x000015e0        0x4 LONG 0xb0 __cy_region_zero_size_ram
                0x000015e4                __cy_regions_end = .
                0x000015e8                . = ALIGN (0x8)
 *fill*         0x000015e4        0x4 
                0x000015e8                _etext = .

.cy_checksum_exclude
                0x000015e8        0x0
 *(.cy_checksum_exclude)

.ramvectors     0x1fff8000       0xc0
                0x1fff8000                __cy_region_start_ram = .
 *(.ramvectors)
 .ramvectors    0x1fff8000       0xc0 .\CortexM3\ARM_GCC_541\Debug\Cm3Start.o
                0x1fff8000                CyRamVectors

.noinit         0x1fff80c0        0x5
 *(.noinit)
 .noinit        0x1fff80c0        0x4 .\CortexM3\ARM_GCC_541\Debug\Cm3Start.o
 .noinit        0x1fff80c4        0x1 .\CortexM3\ARM_GCC_541\Debug\MPS21_Prakt_3.a(CyLib.o)
                0x1fff80c4                CyResetStatus

.data           0x1fff80c8       0x70 load address 0x000015e8
                0x1fff80c8                __cy_region_start_data = .
 *(.jcr)
 .jcr           0x1fff80c8        0x0 c:/program files (x86)/cypress/psoc creator/4.4/psoc creator/import/gnu/arm/5.4.1/bin/../lib/gcc/arm-none-eabi/5.4.1/armv7-m/crtbegin.o
 .jcr           0x1fff80c8        0x4 c:/program files (x86)/cypress/psoc creator/4.4/psoc creator/import/gnu/arm/5.4.1/bin/../lib/gcc/arm-none-eabi/5.4.1/armv7-m/crtend.o
 *(.got.plt)
 *(.got)
 *(.shdata)
 *(.data .data.* .gnu.linkonce.d.*)
 .data          0x1fff80cc        0x4 .\CortexM3\ARM_GCC_541\Debug\main.o
 .data          0x1fff80d0        0x4 .\CortexM3\ARM_GCC_541\Debug\Cm3Start.o
 .data.impure_data
                0x1fff80d4       0x60 c:/program files (x86)/cypress/psoc creator/4.4/psoc creator/import/gnu/arm/5.4.1/bin/../lib/gcc/arm-none-eabi/5.4.1/../../../../arm-none-eabi/lib/armv7-m\libg_nano.a(lib_a-impure.o)
 .data._impure_ptr
                0x1fff8134        0x4 c:/program files (x86)/cypress/psoc creator/4.4/psoc creator/import/gnu/arm/5.4.1/bin/../lib/gcc/arm-none-eabi/5.4.1/../../../../arm-none-eabi/lib/armv7-m\libg_nano.a(lib_a-impure.o)
                0x1fff8134                _impure_ptr
                0x1fff8138                . = ALIGN (0x8)
 *(.ram)
                0x1fff8138                _edata = .

.igot.plt       0x1fff8138        0x0 load address 0x00001658
 .igot.plt      0x1fff8138        0x0 c:/program files (x86)/cypress/psoc creator/4.4/psoc creator/import/gnu/arm/5.4.1/bin/../lib/gcc/arm-none-eabi/5.4.1/armv7-m/crtbegin.o

.bss            0x1fff8138       0xb0 load address 0x00001658
                0x1fff8138                PROVIDE (__bss_start__, .)
 *(.shbss)
 *(.bss .bss.* .gnu.linkonce.b.*)
 .bss           0x1fff8138       0x1c c:/program files (x86)/cypress/psoc creator/4.4/psoc creator/import/gnu/arm/5.4.1/bin/../lib/gcc/arm-none-eabi/5.4.1/armv7-m/crtbegin.o
 .bss           0x1fff8154       0x83 .\CortexM3\ARM_GCC_541\Debug\main.o
 .bss           0x1fff81d7        0x2 .\CortexM3\ARM_GCC_541\Debug\MPS21_Prakt_3.a(UART.o)
                0x1fff81d7                UART_initVar
 *fill*         0x1fff81d9        0x3 
 .bss.__malloc_sbrk_start
                0x1fff81dc        0x4 c:/program files (x86)/cypress/psoc creator/4.4/psoc creator/import/gnu/arm/5.4.1/bin/../lib/gcc/arm-none-eabi/5.4.1/../../../../arm-none-eabi/lib/armv7-m\libg_nano.a(lib_a-nano-mallocr.o)
                0x1fff81dc                __malloc_sbrk_start
 .bss.__malloc_free_list
                0x1fff81e0        0x4 c:/program files (x86)/cypress/psoc creator/4.4/psoc creator/import/gnu/arm/5.4.1/bin/../lib/gcc/arm-none-eabi/5.4.1/../../../../arm-none-eabi/lib/armv7-m\libg_nano.a(lib_a-nano-mallocr.o)
                0x1fff81e0                __malloc_free_list
 *(COMMON)
 COMMON         0x1fff81e4        0x4 c:/program files (x86)/cypress/psoc creator/4.4/psoc creator/import/gnu/arm/5.4.1/bin/../lib/gcc/arm-none-eabi/5.4.1/../../../../arm-none-eabi/lib/armv7-m\libg_nano.a(lib_a-reent.o)
                0x1fff81e4                errno
                0x1fff81e8                . = ALIGN (0x8)
 *(.ram.b)
                0x1fff81e8                _end = .
                0x1fff81e8                __end = .
                0x1fff81e8                PROVIDE (end, .)
                0x1fff81e8                PROVIDE (__bss_end__, .)
                0x000015e8                __cy_region_init_ram = LOADADDR (.data)
                0x00000070                __cy_region_init_size_ram = (_edata - ADDR (.data))
                0x000000b0                __cy_region_zero_size_ram = (_end - _edata)

.heap           0x1fff81e8       0x80 load address 0x00001658
                0x1fff81e8                . = _end
                0x1fff8268                . = (. + 0x80)
 *fill*         0x1fff81e8       0x80 
                0x1fff8268                __cy_heap_limit = .

.stack          0x20007800      0x800
                0x20007800                __cy_stack_limit = .
                0x20008000                . = (. + 0x800)
 *fill*         0x20007800      0x800 
                0x00000001                ASSERT ((__cy_stack_limit >= __cy_heap_limit), region RAM overflowed with stack)
                0x00000000                cy_checksum_exclude_size = (CY_APPL_LOADABLE == 0x1)?SIZEOF (.cy_checksum_exclude):0x0
                0x00000001                ASSERT ((cy_checksum_exclude_size <= CY_CHECKSUM_EXCLUDE_SIZE), CY_BOOT: Section .cy_checksum_exclude size exceedes specified limit.)

.cyloadermeta
 *(.cyloadermeta)

.cyloadablemeta
 *(.cyloadablemeta)

.cyconfigecc    0x80000000      0x42c
 *(.cyconfigecc)
 .cyconfigecc   0x80000000      0x42c .\CortexM3\ARM_GCC_541\Debug\cymetadata.o
                0x80000000                cy_meta_configecc

.cycustnvl      0x90000000        0x4
 *(.cycustnvl)
 .cycustnvl     0x90000000        0x4 .\CortexM3\ARM_GCC_541\Debug\cymetadata.o
                0x90000000                cy_meta_custnvl

.cywolatch      0x90100000        0x4
 *(.cywolatch)
 .cywolatch     0x90100000        0x4 .\CortexM3\ARM_GCC_541\Debug\cymetadata.o
                0x90100000                cy_meta_wonvl

.cyeeprom       0x90200000        0x0
 *(.cyeeprom)
                0x00000001                ASSERT ((. <= ((0x90200000 + ee_offset) + ee_size)), .cyeeprom data will not fit in EEPROM)

.cyflashprotect
                0x90400000      0x100
 *(.cyflashprotect)
 .cyflashprotect
                0x90400000      0x100 .\CortexM3\ARM_GCC_541\Debug\cymetadata.o
                0x90400000                cy_meta_flashprotect

.cymeta         0x90500000        0xc
 *(.cymeta)
 .cymeta        0x90500000        0xc .\CortexM3\ARM_GCC_541\Debug\cymetadata.o
                0x90500000                cy_metadata

.rel.dyn        0x00001658        0x0 load address 0x9050000c
 .rel.iplt      0x00001658        0x0 c:/program files (x86)/cypress/psoc creator/4.4/psoc creator/import/gnu/arm/5.4.1/bin/../lib/gcc/arm-none-eabi/5.4.1/armv7-m/crtbegin.o

.stab
 *(.stab)

.stabstr
 *(.stabstr)

.debug
 *(.debug)

.line
 *(.line)

.debug_srcinfo
 *(.debug_srcinfo)

.debug_sfnames
 *(.debug_sfnames)

.debug_aranges  0x00000000      0x8c0
 *(.debug_aranges)
 .debug_aranges
                0x00000000       0x40 .\CortexM3\ARM_GCC_541\Debug\main.o
 .debug_aranges
                0x00000040       0x60 .\CortexM3\ARM_GCC_541\Debug\cyfitter_cfg.o
 .debug_aranges
                0x000000a0       0x18 .\CortexM3\ARM_GCC_541\Debug\cymetadata.o
 .debug_aranges
                0x000000b8       0x48 .\CortexM3\ARM_GCC_541\Debug\Cm3Start.o
 .debug_aranges
                0x00000100       0xf0 .\CortexM3\ARM_GCC_541\Debug\MPS21_Prakt_3.a(UART.o)
 .debug_aranges
                0x000001f0       0x80 .\CortexM3\ARM_GCC_541\Debug\MPS21_Prakt_3.a(isr_UART_RX.o)
 .debug_aranges
                0x00000270       0x38 .\CortexM3\ARM_GCC_541\Debug\MPS21_Prakt_3.a(Pin_E_CW.o)
 .debug_aranges
                0x000002a8       0x48 .\CortexM3\ARM_GCC_541\Debug\MPS21_Prakt_3.a(Pin_CWEW.o)
 .debug_aranges
                0x000002f0       0x80 .\CortexM3\ARM_GCC_541\Debug\MPS21_Prakt_3.a(isr_CWEW.o)
 .debug_aranges
                0x00000370       0x80 .\CortexM3\ARM_GCC_541\Debug\MPS21_Prakt_3.a(isr_Clk.o)
 .debug_aranges
                0x000003f0       0x70 .\CortexM3\ARM_GCC_541\Debug\MPS21_Prakt_3.a(UART_IntClock.o)
 .debug_aranges
                0x00000460      0x2a0 .\CortexM3\ARM_GCC_541\Debug\MPS21_Prakt_3.a(CyLib.o)
 .debug_aranges
                0x00000700       0x98 .\CortexM3\ARM_GCC_541\Debug\MPS21_Prakt_3.a(cyPm.o)
 .debug_aranges
                0x00000798       0x20 .\CortexM3\ARM_GCC_541\Debug\MPS21_Prakt_3.a(CyBootAsmGnu.o)
 .debug_aranges
                0x000007b8       0x88 .\CortexM3\ARM_GCC_541\Debug\MPS21_Prakt_3.a(CyFlash.o)
 .debug_aranges
                0x00000840       0x80 .\CortexM3\ARM_GCC_541\Debug\MPS21_Prakt_3.a(CySpc.o)

.debug_pubnames
 *(.debug_pubnames)

.debug_info     0x00000000     0x3827
 *(.debug_info .gnu.linkonce.wi.*)
 .debug_info    0x00000000      0x1bc .\CortexM3\ARM_GCC_541\Debug\main.o
 .debug_info    0x000001bc      0x452 .\CortexM3\ARM_GCC_541\Debug\cyfitter_cfg.o
 .debug_info    0x0000060e      0x135 .\CortexM3\ARM_GCC_541\Debug\cymetadata.o
 .debug_info    0x00000743      0x32b .\CortexM3\ARM_GCC_541\Debug\Cm3Start.o
 .debug_info    0x00000a6e      0x50a .\CortexM3\ARM_GCC_541\Debug\MPS21_Prakt_3.a(UART.o)
 .debug_info    0x00000f78      0x241 .\CortexM3\ARM_GCC_541\Debug\MPS21_Prakt_3.a(isr_UART_RX.o)
 .debug_info    0x000011b9      0x11e .\CortexM3\ARM_GCC_541\Debug\MPS21_Prakt_3.a(Pin_E_CW.o)
 .debug_info    0x000012d7      0x171 .\CortexM3\ARM_GCC_541\Debug\MPS21_Prakt_3.a(Pin_CWEW.o)
 .debug_info    0x00001448      0x241 .\CortexM3\ARM_GCC_541\Debug\MPS21_Prakt_3.a(isr_CWEW.o)
 .debug_info    0x00001689      0x241 .\CortexM3\ARM_GCC_541\Debug\MPS21_Prakt_3.a(isr_Clk.o)
 .debug_info    0x000018ca      0x25d .\CortexM3\ARM_GCC_541\Debug\MPS21_Prakt_3.a(UART_IntClock.o)
 .debug_info    0x00001b27      0xe51 .\CortexM3\ARM_GCC_541\Debug\MPS21_Prakt_3.a(CyLib.o)
 .debug_info    0x00002978      0x57a .\CortexM3\ARM_GCC_541\Debug\MPS21_Prakt_3.a(cyPm.o)
 .debug_info    0x00002ef2       0xbc .\CortexM3\ARM_GCC_541\Debug\MPS21_Prakt_3.a(CyBootAsmGnu.o)
 .debug_info    0x00002fae      0x3b9 .\CortexM3\ARM_GCC_541\Debug\MPS21_Prakt_3.a(CyFlash.o)
 .debug_info    0x00003367      0x4c0 .\CortexM3\ARM_GCC_541\Debug\MPS21_Prakt_3.a(CySpc.o)

.debug_abbrev   0x00000000     0x132b
 *(.debug_abbrev)
 .debug_abbrev  0x00000000       0xff .\CortexM3\ARM_GCC_541\Debug\main.o
 .debug_abbrev  0x000000ff      0x1b7 .\CortexM3\ARM_GCC_541\Debug\cyfitter_cfg.o
 .debug_abbrev  0x000002b6       0x66 .\CortexM3\ARM_GCC_541\Debug\cymetadata.o
 .debug_abbrev  0x0000031c      0x1d6 .\CortexM3\ARM_GCC_541\Debug\Cm3Start.o
 .debug_abbrev  0x000004f2      0x163 .\CortexM3\ARM_GCC_541\Debug\MPS21_Prakt_3.a(UART.o)
 .debug_abbrev  0x00000655      0x172 .\CortexM3\ARM_GCC_541\Debug\MPS21_Prakt_3.a(isr_UART_RX.o)
 .debug_abbrev  0x000007c7       0x90 .\CortexM3\ARM_GCC_541\Debug\MPS21_Prakt_3.a(Pin_E_CW.o)
 .debug_abbrev  0x00000857       0x90 .\CortexM3\ARM_GCC_541\Debug\MPS21_Prakt_3.a(Pin_CWEW.o)
 .debug_abbrev  0x000008e7      0x172 .\CortexM3\ARM_GCC_541\Debug\MPS21_Prakt_3.a(isr_CWEW.o)
 .debug_abbrev  0x00000a59      0x172 .\CortexM3\ARM_GCC_541\Debug\MPS21_Prakt_3.a(isr_Clk.o)
 .debug_abbrev  0x00000bcb      0x11d .\CortexM3\ARM_GCC_541\Debug\MPS21_Prakt_3.a(UART_IntClock.o)
 .debug_abbrev  0x00000ce8      0x217 .\CortexM3\ARM_GCC_541\Debug\MPS21_Prakt_3.a(CyLib.o)
 .debug_abbrev  0x00000eff      0x161 .\CortexM3\ARM_GCC_541\Debug\MPS21_Prakt_3.a(cyPm.o)
 .debug_abbrev  0x00001060       0x14 .\CortexM3\ARM_GCC_541\Debug\MPS21_Prakt_3.a(CyBootAsmGnu.o)
 .debug_abbrev  0x00001074      0x14b .\CortexM3\ARM_GCC_541\Debug\MPS21_Prakt_3.a(CyFlash.o)
 .debug_abbrev  0x000011bf      0x16c .\CortexM3\ARM_GCC_541\Debug\MPS21_Prakt_3.a(CySpc.o)

.debug_line     0x00000000     0x21a1
 *(.debug_line)
 .debug_line    0x00000000      0x1c3 .\CortexM3\ARM_GCC_541\Debug\main.o
 .debug_line    0x000001c3      0x21c .\CortexM3\ARM_GCC_541\Debug\cyfitter_cfg.o
 .debug_line    0x000003df      0x141 .\CortexM3\ARM_GCC_541\Debug\cymetadata.o
 .debug_line    0x00000520      0x1dc .\CortexM3\ARM_GCC_541\Debug\Cm3Start.o
 .debug_line    0x000006fc      0x2e2 .\CortexM3\ARM_GCC_541\Debug\MPS21_Prakt_3.a(UART.o)
 .debug_line    0x000009de      0x156 .\CortexM3\ARM_GCC_541\Debug\MPS21_Prakt_3.a(isr_UART_RX.o)
 .debug_line    0x00000b34       0x98 .\CortexM3\ARM_GCC_541\Debug\MPS21_Prakt_3.a(Pin_E_CW.o)
 .debug_line    0x00000bcc       0xbd .\CortexM3\ARM_GCC_541\Debug\MPS21_Prakt_3.a(Pin_CWEW.o)
 .debug_line    0x00000c89      0x153 .\CortexM3\ARM_GCC_541\Debug\MPS21_Prakt_3.a(isr_CWEW.o)
 .debug_line    0x00000ddc      0x142 .\CortexM3\ARM_GCC_541\Debug\MPS21_Prakt_3.a(isr_Clk.o)
 .debug_line    0x00000f1e      0x1ac .\CortexM3\ARM_GCC_541\Debug\MPS21_Prakt_3.a(UART_IntClock.o)
 .debug_line    0x000010ca      0x883 .\CortexM3\ARM_GCC_541\Debug\MPS21_Prakt_3.a(CyLib.o)
 .debug_line    0x0000194d      0x38e .\CortexM3\ARM_GCC_541\Debug\MPS21_Prakt_3.a(cyPm.o)
 .debug_line    0x00001cdb       0x66 .\CortexM3\ARM_GCC_541\Debug\MPS21_Prakt_3.a(CyBootAsmGnu.o)
 .debug_line    0x00001d41      0x22f .\CortexM3\ARM_GCC_541\Debug\MPS21_Prakt_3.a(CyFlash.o)
 .debug_line    0x00001f70      0x231 .\CortexM3\ARM_GCC_541\Debug\MPS21_Prakt_3.a(CySpc.o)

.debug_frame    0x00000000     0x26b0
 *(.debug_frame)
 .debug_frame   0x00000000       0xb4 .\CortexM3\ARM_GCC_541\Debug\main.o
 .debug_frame   0x000000b4      0x16c .\CortexM3\ARM_GCC_541\Debug\cyfitter_cfg.o
 .debug_frame   0x00000220       0xd8 .\CortexM3\ARM_GCC_541\Debug\Cm3Start.o
 .debug_frame   0x000002f8      0x42c .\CortexM3\ARM_GCC_541\Debug\MPS21_Prakt_3.a(UART.o)
 .debug_frame   0x00000724      0x1e8 .\CortexM3\ARM_GCC_541\Debug\MPS21_Prakt_3.a(isr_UART_RX.o)
 .debug_frame   0x0000090c       0xa8 .\CortexM3\ARM_GCC_541\Debug\MPS21_Prakt_3.a(Pin_E_CW.o)
 .debug_frame   0x000009b4       0xf4 .\CortexM3\ARM_GCC_541\Debug\MPS21_Prakt_3.a(Pin_CWEW.o)
 .debug_frame   0x00000aa8      0x1e8 .\CortexM3\ARM_GCC_541\Debug\MPS21_Prakt_3.a(isr_CWEW.o)
 .debug_frame   0x00000c90      0x1e8 .\CortexM3\ARM_GCC_541\Debug\MPS21_Prakt_3.a(isr_Clk.o)
 .debug_frame   0x00000e78      0x1b4 .\CortexM3\ARM_GCC_541\Debug\MPS21_Prakt_3.a(UART_IntClock.o)
 .debug_frame   0x0000102c      0xc0c .\CortexM3\ARM_GCC_541\Debug\MPS21_Prakt_3.a(CyLib.o)
 .debug_frame   0x00001c38      0x234 .\CortexM3\ARM_GCC_541\Debug\MPS21_Prakt_3.a(cyPm.o)
 .debug_frame   0x00001e6c      0x238 .\CortexM3\ARM_GCC_541\Debug\MPS21_Prakt_3.a(CyFlash.o)
 .debug_frame   0x000020a4      0x228 .\CortexM3\ARM_GCC_541\Debug\MPS21_Prakt_3.a(CySpc.o)
 .debug_frame   0x000022cc       0x20 c:/program files (x86)/cypress/psoc creator/4.4/psoc creator/import/gnu/arm/5.4.1/bin/../lib/gcc/arm-none-eabi/5.4.1/../../../../arm-none-eabi/lib/armv7-m\libg_nano.a(lib_a-errno.o)
 .debug_frame   0x000022ec       0x28 c:/program files (x86)/cypress/psoc creator/4.4/psoc creator/import/gnu/arm/5.4.1/bin/../lib/gcc/arm-none-eabi/5.4.1/../../../../arm-none-eabi/lib/armv7-m\libg_nano.a(lib_a-exit.o)
 .debug_frame   0x00002314       0x2c c:/program files (x86)/cypress/psoc creator/4.4/psoc creator/import/gnu/arm/5.4.1/bin/../lib/gcc/arm-none-eabi/5.4.1/../../../../arm-none-eabi/lib/armv7-m\libg_nano.a(lib_a-init.o)
 .debug_frame   0x00002340       0x28 c:/program files (x86)/cypress/psoc creator/4.4/psoc creator/import/gnu/arm/5.4.1/bin/../lib/gcc/arm-none-eabi/5.4.1/../../../../arm-none-eabi/lib/armv7-m\libg_nano.a(lib_a-memcpy-stub.o)
 .debug_frame   0x00002368       0x20 c:/program files (x86)/cypress/psoc creator/4.4/psoc creator/import/gnu/arm/5.4.1/bin/../lib/gcc/arm-none-eabi/5.4.1/../../../../arm-none-eabi/lib/armv7-m\libg_nano.a(lib_a-memset.o)
 .debug_frame   0x00002388       0x70 c:/program files (x86)/cypress/psoc creator/4.4/psoc creator/import/gnu/arm/5.4.1/bin/../lib/gcc/arm-none-eabi/5.4.1/../../../../arm-none-eabi/lib/armv7-m\libg_nano.a(lib_a-sprintf.o)
 .debug_frame   0x000023f8       0x90 c:/program files (x86)/cypress/psoc creator/4.4/psoc creator/import/gnu/arm/5.4.1/bin/../lib/gcc/arm-none-eabi/5.4.1/../../../../arm-none-eabi/lib/armv7-m\libg_nano.a(lib_a-nano-svfprintf.o)
 .debug_frame   0x00002488       0x60 c:/program files (x86)/cypress/psoc creator/4.4/psoc creator/import/gnu/arm/5.4.1/bin/../lib/gcc/arm-none-eabi/5.4.1/../../../../arm-none-eabi/lib/armv7-m\libg_nano.a(lib_a-nano-vfprintf_i.o)
 .debug_frame   0x000024e8       0x28 c:/program files (x86)/cypress/psoc creator/4.4/psoc creator/import/gnu/arm/5.4.1/bin/../lib/gcc/arm-none-eabi/5.4.1/../../../../arm-none-eabi/lib/armv7-m\libg_nano.a(lib_a-memchr-stub.o)
 .debug_frame   0x00002510       0x28 c:/program files (x86)/cypress/psoc creator/4.4/psoc creator/import/gnu/arm/5.4.1/bin/../lib/gcc/arm-none-eabi/5.4.1/../../../../arm-none-eabi/lib/armv7-m\libg_nano.a(lib_a-memmove.o)
 .debug_frame   0x00002538       0x38 c:/program files (x86)/cypress/psoc creator/4.4/psoc creator/import/gnu/arm/5.4.1/bin/../lib/gcc/arm-none-eabi/5.4.1/../../../../arm-none-eabi/lib/armv7-m\libg_nano.a(lib_a-nano-freer.o)
 .debug_frame   0x00002570       0x2c c:/program files (x86)/cypress/psoc creator/4.4/psoc creator/import/gnu/arm/5.4.1/bin/../lib/gcc/arm-none-eabi/5.4.1/../../../../arm-none-eabi/lib/armv7-m\libg_nano.a(lib_a-nano-mallocr.o)
 .debug_frame   0x0000259c       0x3c c:/program files (x86)/cypress/psoc creator/4.4/psoc creator/import/gnu/arm/5.4.1/bin/../lib/gcc/arm-none-eabi/5.4.1/../../../../arm-none-eabi/lib/armv7-m\libg_nano.a(lib_a-nano-reallocr.o)
 .debug_frame   0x000025d8       0x2c c:/program files (x86)/cypress/psoc creator/4.4/psoc creator/import/gnu/arm/5.4.1/bin/../lib/gcc/arm-none-eabi/5.4.1/../../../../arm-none-eabi/lib/armv7-m\libg_nano.a(lib_a-sbrkr.o)
 .debug_frame   0x00002604       0x30 c:/program files (x86)/cypress/psoc creator/4.4/psoc creator/import/gnu/arm/5.4.1/bin/../lib/gcc/arm-none-eabi/5.4.1/../../../../arm-none-eabi/lib/armv7-m\libg_nano.a(lib_a-mlock.o)
 .debug_frame   0x00002634       0x20 c:/program files (x86)/cypress/psoc creator/4.4/psoc creator/import/gnu/arm/5.4.1/bin/../lib/gcc/arm-none-eabi/5.4.1/../../../../arm-none-eabi/lib/armv7-m\libg_nano.a(lib_a-nano-msizer.o)
 .debug_frame   0x00002654       0x5c c:/program files (x86)/cypress/psoc creator/4.4/psoc creator/import/gnu/arm/5.4.1/bin/../lib/gcc/arm-none-eabi/5.4.1/../../../../arm-none-eabi/lib/armv7-m\libg_nano.a(lib_a-reent.o)

.debug_str      0x00000000     0x1bb3
 *(.debug_str)
 .debug_str     0x00000000      0x1e8 .\CortexM3\ARM_GCC_541\Debug\main.o
                                0x238 (size before relaxing)
 .debug_str     0x000001e8      0x1aa .\CortexM3\ARM_GCC_541\Debug\cyfitter_cfg.o
                                0x364 (size before relaxing)
 .debug_str     0x00000392       0x75 .\CortexM3\ARM_GCC_541\Debug\cymetadata.o
                                0x210 (size before relaxing)
 .debug_str     0x00000407      0x123 .\CortexM3\ARM_GCC_541\Debug\Cm3Start.o
                                0x303 (size before relaxing)
 .debug_str     0x0000052a      0x280 .\CortexM3\ARM_GCC_541\Debug\MPS21_Prakt_3.a(UART.o)
                                0x44d (size before relaxing)
 .debug_str     0x000007aa      0x152 .\CortexM3\ARM_GCC_541\Debug\MPS21_Prakt_3.a(isr_UART_RX.o)
                                0x326 (size before relaxing)
 .debug_str     0x000008fc       0x7a .\CortexM3\ARM_GCC_541\Debug\MPS21_Prakt_3.a(Pin_E_CW.o)
                                0x21d (size before relaxing)
 .debug_str     0x00000976       0xa5 .\CortexM3\ARM_GCC_541\Debug\MPS21_Prakt_3.a(Pin_CWEW.o)
                                0x25f (size before relaxing)
 .debug_str     0x00000a1b      0x110 .\CortexM3\ARM_GCC_541\Debug\MPS21_Prakt_3.a(isr_CWEW.o)
                                0x2fc (size before relaxing)
 .debug_str     0x00000b2b      0x102 .\CortexM3\ARM_GCC_541\Debug\MPS21_Prakt_3.a(isr_Clk.o)
                                0x2ee (size before relaxing)
 .debug_str     0x00000c2d      0x1b0 .\CortexM3\ARM_GCC_541\Debug\MPS21_Prakt_3.a(UART_IntClock.o)
                                0x362 (size before relaxing)
 .debug_str     0x00000ddd      0x7e9 .\CortexM3\ARM_GCC_541\Debug\MPS21_Prakt_3.a(CyLib.o)
                                0xa16 (size before relaxing)
 .debug_str     0x000015c6      0x371 .\CortexM3\ARM_GCC_541\Debug\MPS21_Prakt_3.a(cyPm.o)
                                0x56f (size before relaxing)
 .debug_str     0x00001937      0x14f .\CortexM3\ARM_GCC_541\Debug\MPS21_Prakt_3.a(CyFlash.o)
                                0x333 (size before relaxing)
 .debug_str     0x00001a86      0x12d .\CortexM3\ARM_GCC_541\Debug\MPS21_Prakt_3.a(CySpc.o)
                                0x32d (size before relaxing)

.debug_loc
 *(.debug_loc)

.debug_macinfo
 *(.debug_macinfo)

.debug_ranges   0x00000000      0x7a8
 *(.debug_ranges)
 .debug_ranges  0x00000000       0x30 .\CortexM3\ARM_GCC_541\Debug\main.o
 .debug_ranges  0x00000030       0x50 .\CortexM3\ARM_GCC_541\Debug\cyfitter_cfg.o
 .debug_ranges  0x00000080       0x38 .\CortexM3\ARM_GCC_541\Debug\Cm3Start.o
 .debug_ranges  0x000000b8       0xe0 .\CortexM3\ARM_GCC_541\Debug\MPS21_Prakt_3.a(UART.o)
 .debug_ranges  0x00000198       0x70 .\CortexM3\ARM_GCC_541\Debug\MPS21_Prakt_3.a(isr_UART_RX.o)
 .debug_ranges  0x00000208       0x28 .\CortexM3\ARM_GCC_541\Debug\MPS21_Prakt_3.a(Pin_E_CW.o)
 .debug_ranges  0x00000230       0x38 .\CortexM3\ARM_GCC_541\Debug\MPS21_Prakt_3.a(Pin_CWEW.o)
 .debug_ranges  0x00000268       0x70 .\CortexM3\ARM_GCC_541\Debug\MPS21_Prakt_3.a(isr_CWEW.o)
 .debug_ranges  0x000002d8       0x70 .\CortexM3\ARM_GCC_541\Debug\MPS21_Prakt_3.a(isr_Clk.o)
 .debug_ranges  0x00000348       0x60 .\CortexM3\ARM_GCC_541\Debug\MPS21_Prakt_3.a(UART_IntClock.o)
 .debug_ranges  0x000003a8      0x290 .\CortexM3\ARM_GCC_541\Debug\MPS21_Prakt_3.a(CyLib.o)
 .debug_ranges  0x00000638       0x88 .\CortexM3\ARM_GCC_541\Debug\MPS21_Prakt_3.a(cyPm.o)
 .debug_ranges  0x000006c0       0x78 .\CortexM3\ARM_GCC_541\Debug\MPS21_Prakt_3.a(CyFlash.o)
 .debug_ranges  0x00000738       0x70 .\CortexM3\ARM_GCC_541\Debug\MPS21_Prakt_3.a(CySpc.o)

.comment        0x00000000       0x6e
 .comment       0x00000000       0x6e .\CortexM3\ARM_GCC_541\Debug\main.o
                                 0x6f (size before relaxing)
 .comment       0x0000006e       0x6f .\CortexM3\ARM_GCC_541\Debug\cyfitter_cfg.o
 .comment       0x0000006e       0x6f .\CortexM3\ARM_GCC_541\Debug\cymetadata.o
 .comment       0x0000006e       0x6f .\CortexM3\ARM_GCC_541\Debug\Cm3Start.o
 .comment       0x0000006e       0x6f .\CortexM3\ARM_GCC_541\Debug\MPS21_Prakt_3.a(UART.o)
 .comment       0x0000006e       0x6f .\CortexM3\ARM_GCC_541\Debug\MPS21_Prakt_3.a(isr_UART_RX.o)
 .comment       0x0000006e       0x6f .\CortexM3\ARM_GCC_541\Debug\MPS21_Prakt_3.a(Pin_E_CW.o)
 .comment       0x0000006e       0x6f .\CortexM3\ARM_GCC_541\Debug\MPS21_Prakt_3.a(Pin_CWEW.o)
 .comment       0x0000006e       0x6f .\CortexM3\ARM_GCC_541\Debug\MPS21_Prakt_3.a(isr_CWEW.o)
 .comment       0x0000006e       0x6f .\CortexM3\ARM_GCC_541\Debug\MPS21_Prakt_3.a(isr_Clk.o)
 .comment       0x0000006e       0x6f .\CortexM3\ARM_GCC_541\Debug\MPS21_Prakt_3.a(UART_IntClock.o)
 .comment       0x0000006e       0x6f .\CortexM3\ARM_GCC_541\Debug\MPS21_Prakt_3.a(CyLib.o)
 .comment       0x0000006e       0x6f .\CortexM3\ARM_GCC_541\Debug\MPS21_Prakt_3.a(cyPm.o)
 .comment       0x0000006e       0x6f .\CortexM3\ARM_GCC_541\Debug\MPS21_Prakt_3.a(CyFlash.o)
 .comment       0x0000006e       0x6f .\CortexM3\ARM_GCC_541\Debug\MPS21_Prakt_3.a(CySpc.o)

.debug_weaknames
 *(.debug_weaknames)

.debug_funcnames
 *(.debug_funcnames)

.debug_typenames
 *(.debug_typenames)

.debug_varnames
 *(.debug_varnames)

.note.gnu.arm.ident
 *(.note.gnu.arm.ident)

.ARM.attributes
                0x00000000       0x29
 *(.ARM.attributes)
 .ARM.attributes
                0x00000000       0x1d c:/program files (x86)/cypress/psoc creator/4.4/psoc creator/import/gnu/arm/5.4.1/bin/../lib/gcc/arm-none-eabi/5.4.1/armv7-m/crti.o
 .ARM.attributes
                0x0000001d       0x2d c:/program files (x86)/cypress/psoc creator/4.4/psoc creator/import/gnu/arm/5.4.1/bin/../lib/gcc/arm-none-eabi/5.4.1/armv7-m/crtbegin.o
 .ARM.attributes
                0x0000004a       0x1b c:/program files (x86)/cypress/psoc creator/4.4/psoc creator/import/gnu/arm/5.4.1/bin/../lib/gcc/arm-none-eabi/5.4.1/../../../../arm-none-eabi/lib/armv7-m/crt0.o
 .ARM.attributes
                0x00000065       0x33 .\CortexM3\ARM_GCC_541\Debug\main.o
 .ARM.attributes
                0x00000098       0x33 .\CortexM3\ARM_GCC_541\Debug\cyfitter_cfg.o
 .ARM.attributes
                0x000000cb       0x33 .\CortexM3\ARM_GCC_541\Debug\cymetadata.o
 .ARM.attributes
                0x000000fe       0x33 .\CortexM3\ARM_GCC_541\Debug\Cm3Start.o
 .ARM.attributes
                0x00000131       0x33 .\CortexM3\ARM_GCC_541\Debug\MPS21_Prakt_3.a(UART.o)
 .ARM.attributes
                0x00000164       0x33 .\CortexM3\ARM_GCC_541\Debug\MPS21_Prakt_3.a(isr_UART_RX.o)
 .ARM.attributes
                0x00000197       0x33 .\CortexM3\ARM_GCC_541\Debug\MPS21_Prakt_3.a(Pin_E_CW.o)
 .ARM.attributes
                0x000001ca       0x33 .\CortexM3\ARM_GCC_541\Debug\MPS21_Prakt_3.a(Pin_CWEW.o)
 .ARM.attributes
                0x000001fd       0x33 .\CortexM3\ARM_GCC_541\Debug\MPS21_Prakt_3.a(isr_CWEW.o)
 .ARM.attributes
                0x00000230       0x33 .\CortexM3\ARM_GCC_541\Debug\MPS21_Prakt_3.a(isr_Clk.o)
 .ARM.attributes
                0x00000263       0x33 .\CortexM3\ARM_GCC_541\Debug\MPS21_Prakt_3.a(UART_IntClock.o)
 .ARM.attributes
                0x00000296       0x33 .\CortexM3\ARM_GCC_541\Debug\MPS21_Prakt_3.a(CyLib.o)
 .ARM.attributes
                0x000002c9       0x33 .\CortexM3\ARM_GCC_541\Debug\MPS21_Prakt_3.a(cyPm.o)
 .ARM.attributes
                0x000002fc       0x21 .\CortexM3\ARM_GCC_541\Debug\MPS21_Prakt_3.a(CyBootAsmGnu.o)
 .ARM.attributes
                0x0000031d       0x33 .\CortexM3\ARM_GCC_541\Debug\MPS21_Prakt_3.a(CyFlash.o)
 .ARM.attributes
                0x00000350       0x33 .\CortexM3\ARM_GCC_541\Debug\MPS21_Prakt_3.a(CySpc.o)
 .ARM.attributes
                0x00000383       0x2d c:/program files (x86)/cypress/psoc creator/4.4/psoc creator/import/gnu/arm/5.4.1/bin/../lib/gcc/arm-none-eabi/5.4.1/../../../../arm-none-eabi/lib/armv7-m\libg_nano.a(lib_a-errno.o)
 .ARM.attributes
                0x000003b0       0x2d c:/program files (x86)/cypress/psoc creator/4.4/psoc creator/import/gnu/arm/5.4.1/bin/../lib/gcc/arm-none-eabi/5.4.1/../../../../arm-none-eabi/lib/armv7-m\libg_nano.a(lib_a-exit.o)
 .ARM.attributes
                0x000003dd       0x2d c:/program files (x86)/cypress/psoc creator/4.4/psoc creator/import/gnu/arm/5.4.1/bin/../lib/gcc/arm-none-eabi/5.4.1/../../../../arm-none-eabi/lib/armv7-m\libg_nano.a(lib_a-impure.o)
 .ARM.attributes
                0x0000040a       0x2d c:/program files (x86)/cypress/psoc creator/4.4/psoc creator/import/gnu/arm/5.4.1/bin/../lib/gcc/arm-none-eabi/5.4.1/../../../../arm-none-eabi/lib/armv7-m\libg_nano.a(lib_a-init.o)
 .ARM.attributes
                0x00000437       0x2d c:/program files (x86)/cypress/psoc creator/4.4/psoc creator/import/gnu/arm/5.4.1/bin/../lib/gcc/arm-none-eabi/5.4.1/../../../../arm-none-eabi/lib/armv7-m\libg_nano.a(lib_a-memcpy-stub.o)
 .ARM.attributes
                0x00000464       0x2d c:/program files (x86)/cypress/psoc creator/4.4/psoc creator/import/gnu/arm/5.4.1/bin/../lib/gcc/arm-none-eabi/5.4.1/../../../../arm-none-eabi/lib/armv7-m\libg_nano.a(lib_a-memset.o)
 .ARM.attributes
                0x00000491       0x2d c:/program files (x86)/cypress/psoc creator/4.4/psoc creator/import/gnu/arm/5.4.1/bin/../lib/gcc/arm-none-eabi/5.4.1/../../../../arm-none-eabi/lib/armv7-m\libg_nano.a(lib_a-sprintf.o)
 .ARM.attributes
                0x000004be       0x2d c:/program files (x86)/cypress/psoc creator/4.4/psoc creator/import/gnu/arm/5.4.1/bin/../lib/gcc/arm-none-eabi/5.4.1/../../../../arm-none-eabi/lib/armv7-m\libg_nano.a(lib_a-nano-svfprintf.o)
 .ARM.attributes
                0x000004eb       0x2d c:/program files (x86)/cypress/psoc creator/4.4/psoc creator/import/gnu/arm/5.4.1/bin/../lib/gcc/arm-none-eabi/5.4.1/../../../../arm-none-eabi/lib/armv7-m\libg_nano.a(lib_a-nano-vfprintf_i.o)
 .ARM.attributes
                0x00000518       0x2d c:/program files (x86)/cypress/psoc creator/4.4/psoc creator/import/gnu/arm/5.4.1/bin/../lib/gcc/arm-none-eabi/5.4.1/../../../../arm-none-eabi/lib/armv7-m\libg_nano.a(lib_a-memchr-stub.o)
 .ARM.attributes
                0x00000545       0x2d c:/program files (x86)/cypress/psoc creator/4.4/psoc creator/import/gnu/arm/5.4.1/bin/../lib/gcc/arm-none-eabi/5.4.1/../../../../arm-none-eabi/lib/armv7-m\libg_nano.a(lib_a-memmove.o)
 .ARM.attributes
                0x00000572       0x2d c:/program files (x86)/cypress/psoc creator/4.4/psoc creator/import/gnu/arm/5.4.1/bin/../lib/gcc/arm-none-eabi/5.4.1/../../../../arm-none-eabi/lib/armv7-m\libg_nano.a(lib_a-nano-freer.o)
 .ARM.attributes
                0x0000059f       0x2d c:/program files (x86)/cypress/psoc creator/4.4/psoc creator/import/gnu/arm/5.4.1/bin/../lib/gcc/arm-none-eabi/5.4.1/../../../../arm-none-eabi/lib/armv7-m\libg_nano.a(lib_a-nano-mallocr.o)
 .ARM.attributes
                0x000005cc       0x2d c:/program files (x86)/cypress/psoc creator/4.4/psoc creator/import/gnu/arm/5.4.1/bin/../lib/gcc/arm-none-eabi/5.4.1/../../../../arm-none-eabi/lib/armv7-m\libg_nano.a(lib_a-nano-reallocr.o)
 .ARM.attributes
                0x000005f9       0x2d c:/program files (x86)/cypress/psoc creator/4.4/psoc creator/import/gnu/arm/5.4.1/bin/../lib/gcc/arm-none-eabi/5.4.1/../../../../arm-none-eabi/lib/armv7-m\libg_nano.a(lib_a-sbrkr.o)
 .ARM.attributes
                0x00000626       0x2d c:/program files (x86)/cypress/psoc creator/4.4/psoc creator/import/gnu/arm/5.4.1/bin/../lib/gcc/arm-none-eabi/5.4.1/../../../../arm-none-eabi/lib/armv7-m\libg_nano.a(lib_a-mlock.o)
 .ARM.attributes
                0x00000653       0x2d c:/program files (x86)/cypress/psoc creator/4.4/psoc creator/import/gnu/arm/5.4.1/bin/../lib/gcc/arm-none-eabi/5.4.1/../../../../arm-none-eabi/lib/armv7-m\libg_nano.a(lib_a-nano-msizer.o)
 .ARM.attributes
                0x00000680       0x2d c:/program files (x86)/cypress/psoc creator/4.4/psoc creator/import/gnu/arm/5.4.1/bin/../lib/gcc/arm-none-eabi/5.4.1/../../../../arm-none-eabi/lib/armv7-m\libg_nano.a(lib_a-reent.o)
 .ARM.attributes
                0x000006ad       0x2d c:/program files (x86)/cypress/psoc creator/4.4/psoc creator/import/gnu/arm/5.4.1/bin/../lib/gcc/arm-none-eabi/5.4.1/armv7-m/crtend.o
 .ARM.attributes
                0x000006da       0x1d c:/program files (x86)/cypress/psoc creator/4.4/psoc creator/import/gnu/arm/5.4.1/bin/../lib/gcc/arm-none-eabi/5.4.1/armv7-m/crtn.o

/DISCARD/
 *(.note.GNU-stack)
OUTPUT(D:\Dokumente\Programming\Uni\Semester-3\MPS\mi6y_ws2122_zill-sebastian-769544\Praktikum_3\MPS21_Prakt_3.cydsn\CortexM3\ARM_GCC_541\Debug\MPS21_Prakt_3.elf elf32-littlearm)
